--------- beginning of system
01-01 00:00:22.915   312   312 I SettingsState: directory info for directory/file /data/system/users/0/settings_ssaid.xml with stacktrace 
01-01 00:00:22.915   312   312 I SettingsState: java.lang.Exception
01-01 00:00:22.915   312   312 I SettingsState: 	at com.android.providers.settings.SettingsState.logSettingsDirectoryInformation(SettingsState.java:753)
01-01 00:00:22.915   312   312 I SettingsState: 	at com.android.providers.settings.SettingsState.readStateSyncLocked(SettingsState.java:852)
01-01 00:00:22.915   312   312 I SettingsState: 	at com.android.providers.settings.SettingsState.<init>(SettingsState.java:277)
01-01 00:00:22.915   312   312 I SettingsState: 	at com.android.providers.settings.SettingsProvider$SettingsRegistry.ensureSettingsStateLocked(SettingsProvider.java:2589)
01-01 00:00:22.915   312   312 I SettingsState: 	at com.android.providers.settings.SettingsProvider$SettingsRegistry.ensureSettingsForUserLocked(SettingsProvider.java:2577)
01-01 00:00:22.915   312   312 I SettingsState: 	at com.android.providers.settings.SettingsProvider$SettingsRegistry.peekSettingsStateLocked(SettingsProvider.java:2867)
01-01 00:00:22.915   312   312 I SettingsState: 	at com.android.providers.settings.SettingsProvider$SettingsRegistry.getSettingsNamesLocked(SettingsProvider.java:2519)
01-01 00:00:22.915   312   312 I SettingsState: 	at com.android.providers.settings.SettingsProvider$SettingsRegistry.syncSsaidTableOnStart(SettingsProvider.java:2501)
01-01 00:00:22.915   312   312 I SettingsState: 	at com.android.providers.settings.SettingsProvider$SettingsRegistry.<init>(SettingsProvider.java:2397)
01-01 00:00:22.915   312   312 I SettingsState: 	at com.android.providers.settings.SettingsProvider.onCreate(SettingsProvider.java:330)
01-01 00:00:22.915   312   312 I SettingsState: 	at android.content.ContentProvider.attachInfo(ContentProvider.java:2092)
01-01 00:00:22.915   312   312 I SettingsState: 	at android.content.ContentProvider.attachInfo(ContentProvider.java:2066)
01-01 00:00:22.915   312   312 I SettingsState: 	at android.app.ActivityThread.installProvider(ActivityThread.java:6983)
01-01 00:00:22.915   312   312 I SettingsState: 	at android.app.ActivityThread.installContentProviders(ActivityThread.java:6528)
01-01 00:00:22.915   312   312 I SettingsState: 	at android.app.ActivityThread.installSystemProviders(ActivityThread.java:7169)
01-01 00:00:22.915   312   312 I SettingsState: 	at com.android.server.am.ActivityManagerService.installSystemProviders(ActivityManagerService.java:7555)
01-01 00:00:22.915   312   312 I SettingsState: 	at com.android.server.SystemServer.startOtherServices(SystemServer.java:983)
01-01 00:00:22.915   312   312 I SettingsState: 	at com.android.server.SystemServer.run(SystemServer.java:513)
01-01 00:00:22.915   312   312 I SettingsState: 	at com.android.server.SystemServer.main(SystemServer.java:350)
01-01 00:00:22.915   312   312 I SettingsState: 	at java.lang.reflect.Method.invoke(Native Method)
01-01 00:00:22.915   312   312 I SettingsState: 	at com.android.internal.os.RuntimeInit$MethodAndArgsCaller.run(RuntimeInit.java:492)
01-01 00:00:22.915   312   312 I SettingsState: 	at com.android.internal.os.ZygoteInit.main(ZygoteInit.java:908)
01-01 00:00:22.915   312   312 I SettingsState: ancestor directory /data/system/users/0 exists
01-01 00:00:22.915   312   312 I SettingsState: ancestor directory /data/system/users/0 permissions: r: true w: true x: true
01-01 00:00:22.915   312   312 I SettingsState: ancestor's parent directory /data/system/users permissions: r: true w: true x: true
01-01 00:00:22.956   312   312 D SystemServerTiming: InstallSystemProviders took to complete: 167ms
01-01 00:00:22.956   312   312 I SystemServer: StartDropBoxManager
01-01 00:00:22.956   312   312 I SystemServiceManager: Starting com.android.server.DropBoxManagerService
01-01 00:00:22.957   312   312 D SystemServerTiming: StartDropBoxManager took to complete: 1ms
01-01 00:00:22.957   312   312 I SystemServer: StartVibratorService
01-01 00:00:22.969   312   312 D SystemServerTiming: StartVibratorService took to complete: 12ms
01-01 00:00:22.969   312   312 I SystemServer: StartDynamicSystemService
01-01 00:00:22.978   312   312 D SystemServerTiming: StartDynamicSystemService took to complete: 9ms
01-01 00:00:22.979   312   312 I SystemServer: StartConsumerIrService
01-01 00:00:22.982   312   312 D SystemServerTiming: StartConsumerIrService took to complete: 3ms
01-01 00:00:22.982   312   312 I SystemServer: StartAlarmManagerService
01-01 00:00:22.988   312   312 I AlarmManager: Current time only 22988, advancing to build time 1658054115000
07-17 10:35:15.007   312   312 D SystemServerTiming: StartAlarmManagerService took to complete: 13ms
07-17 10:35:15.008   312   312 I SystemServer: StartInputManagerService
07-17 10:35:15.008   312   312 I InputManager: Initializing input manager, mUseDevInputEventForAudioJack=false
07-17 10:35:15.020   312   312 D SystemServerTiming: StartInputManagerService took to complete: 13ms
07-17 10:35:15.020   312   312 I SystemServer: StartWindowManagerService
07-17 10:35:15.034   312   334 I WindowManager: No existing display settings, starting empty
07-17 10:35:15.063   312   312 D SystemServerTiming: StartWindowManagerService took to complete: 42ms
07-17 10:35:15.063   312   312 I SystemServer: SetWindowManagerService
07-17 10:35:15.085   312   333 I DropBoxManagerService: add tag=system_server_strictmode isTagEnabled=true flags=0x2
07-17 10:35:15.130   312   333 I chatty  : uid=1000(system) android.io identical 2 lines
07-17 10:35:15.138   312   333 I DropBoxManagerService: add tag=system_server_strictmode isTagEnabled=true flags=0x2
07-17 10:35:15.163   312   312 D SystemServerTiming: SetWindowManagerService took to complete: 100ms
07-17 10:35:15.163   312   312 I SystemServer: WindowManagerServiceOnInitReady
07-17 10:35:15.175   312   312 D SystemServerTiming: WindowManagerServiceOnInitReady took to complete: 12ms
07-17 10:35:15.175   312   312 I SystemServer: StartInputManager
07-17 10:35:15.175   312   312 I InputManager: Starting input manager
07-17 10:35:15.178   312   312 D SystemServerTiming: StartInputManager took to complete: 2ms
07-17 10:35:15.178   312   312 I SystemServer: DisplayManagerWindowManagerAndInputReady
07-17 10:35:15.178   312   378 D SystemServerInitThreadPool: Started executing StartHidlServices
07-17 10:35:15.179   312   312 D SystemServerTiming: DisplayManagerWindowManagerAndInputReady took to complete: 0ms
07-17 10:35:15.179   312   312 I SystemServer: No Bluetooth Service (Bluetooth Hardware Not Present)
07-17 10:35:15.179   312   312 I SystemServer: IpConnectivityMetrics
07-17 10:35:15.179   312   312 I SystemServiceManager: Starting com.android.server.connectivity.IpConnectivityMetrics
07-17 10:35:15.183   312   378 D SystemServerTimingAsync: StartHidlServices took to complete: 4ms
07-17 10:35:15.183   312   378 D SystemServerInitThreadPool: Finished executing StartHidlServices
07-17 10:35:15.191   312   312 D SystemServerTiming: IpConnectivityMetrics took to complete: 12ms
07-17 10:35:15.191   312   312 I SystemServer: NetworkWatchlistService
07-17 10:35:15.191   312   312 I SystemServiceManager: Starting com.android.server.net.watchlist.NetworkWatchlistService$Lifecycle
07-17 10:35:15.200   312   312 I WatchlistSettings: Reload watchlist settings done
07-17 10:35:15.201   312   312 D SystemServerTiming: NetworkWatchlistService took to complete: 11ms
07-17 10:35:15.203   312   404 I WatchlistLoggingHandler: No need to aggregate record yet.
07-17 10:35:15.203   312   312 I SystemServer: PinnerService
07-17 10:35:15.203   312   404 I WatchlistLoggingHandler: Milliseconds spent on tryAggregateRecords(): 2
07-17 10:35:15.203   312   312 I SystemServiceManager: Starting com.android.server.PinnerService
07-17 10:35:15.206   312   312 D SystemServerTiming: PinnerService took to complete: 3ms
07-17 10:35:15.207   312   312 I SystemServer: SignedConfigService
07-17 10:35:15.207   312   312 D SystemServerTiming: SignedConfigService took to complete: 1ms
07-17 10:35:15.239   312   312 I SystemServer: StartInputMethodManagerLifecycle
07-17 10:35:15.239   312   312 I SystemServiceManager: Starting com.android.server.inputmethod.InputMethodManagerService$Lifecycle
07-17 10:35:15.244   312   312 D SystemServerTiming: StartInputMethodManagerLifecycle took to complete: 6ms
07-17 10:35:15.244   312   312 I SystemServer: StartAccessibilityManagerService
07-17 10:35:15.245   312   312 I SystemServiceManager: Starting com.android.server.accessibility.AccessibilityManagerService$Lifecycle
07-17 10:35:15.254   312   312 D SystemServerTiming: StartAccessibilityManagerService took to complete: 10ms
07-17 10:35:15.255   312   312 I SystemServer: MakeDisplayReady
07-17 10:35:15.260   312   312 I ActivityTaskManager: Config changes=20005df8 {1.0 ?mcc?mnc [en] ldltr sw540dp w961dp h516dp 213dpi lrg long land ?uimode ?night -touch -keyb/h/h dpad/v winConfig={ mBounds=Rect(0, 0 - 1280, 720) mAppBounds=Rect(0, 0 - 1280, 720) mWindowingMode=fullscreen mDisplayWindowingMode=fullscreen mActivityType=undefined mAlwaysOnTop=undefined mRotation=ROTATION_0} s.2}
07-17 10:35:15.261   312   339 I UsageStatsService: Time changed in UsageStats by 1658054092 seconds
07-17 10:35:15.261   312   339 I UsageStatsDatabase: Time changed by +19190d10h34m52s12ms. files deleted: 0 files moved: 0
07-17 10:35:15.262   312   339 I UsageStatsService: User[0] Rollover scheduled @ 2022-07-18 10:35:15(1658140515261)
07-17 10:35:15.265   312   312 I ActivityTaskManager: Override config changes=60007dfc {1.0 ?mcc?mnc [en] ldltr sw540dp w961dp h516dp 213dpi lrg long land ?uimode ?night -touch -keyb/h/h dpad/v winConfig={ mBounds=Rect(0, 0 - 1280, 720) mAppBounds=Rect(0, 0 - 1280, 720) mWindowingMode=fullscreen mDisplayWindowingMode=fullscreen mActivityType=undefined mAlwaysOnTop=undefined mRotation=ROTATION_0} s.2} for displayId=0
07-17 10:35:15.273   312   312 D SystemServerTiming: MakeDisplayReady took to complete: 18ms
07-17 10:35:15.273   312   312 I SystemServer: StartStorageManagerService
07-17 10:35:15.275   312   312 I SystemServiceManager: Starting com.android.server.StorageManagerService$Lifecycle
07-17 10:35:15.285   312   405 D StorageManagerService: Thinking about init, mBootCompleted=false, mDaemonConnected=true
07-17 10:35:15.285   312   405 D StorageManagerService: Thinking about reset, mBootCompleted=false, mDaemonConnected=true
07-17 10:35:15.286   312   312 D SystemServerTiming: StartStorageManagerService took to complete: 13ms
07-17 10:35:15.286   312   312 I SystemServer: StartStorageStatsService
07-17 10:35:15.286   312   312 I SystemServiceManager: Starting com.android.server.usage.StorageStatsService$Lifecycle
07-17 10:35:15.292   312   312 D SystemServerTiming: StartStorageStatsService took to complete: 6ms
07-17 10:35:15.292   312   312 I SystemServer: StartUiModeManager
07-17 10:35:15.292   312   312 I SystemServiceManager: Starting com.android.server.UiModeManagerService
07-17 10:35:15.295   312   388 D SystemServerInitThreadPool: Started executing UiModeManager.onStart
07-17 10:35:15.297   312   312 D SystemServerTiming: StartUiModeManager took to complete: 5ms
07-17 10:35:15.297   312   312 I SystemServer: UpdatePackagesIfNeeded
07-17 10:35:15.297   312   312 I Watchdog: Pausing HandlerChecker: main thread for reason: dexopt. Pause count: 1
07-17 10:35:15.297   312   312 I Watchdog: Resuming HandlerChecker: main thread for reason: dexopt. Pause count: 0
07-17 10:35:15.297   312   312 D SystemServerTiming: UpdatePackagesIfNeeded took to complete: 0ms
07-17 10:35:15.297   312   312 I SystemServer: PerformFstrimIfNeeded
07-17 10:35:15.298   312   312 D SystemServerTiming: PerformFstrimIfNeeded took to complete: 1ms
07-17 10:35:15.298   312   312 I SystemServer: StartLockSettingsService
07-17 10:35:15.299   312   312 I SystemServiceManager: Starting com.android.server.locksettings.LockSettingsService$Lifecycle
07-17 10:35:15.299   312   388 I ActivityTaskManager: Config changes=200 {1.0 ?mcc?mnc [en] ldltr sw540dp w961dp h516dp 213dpi lrg long land television -touch -keyb/h/h dpad/v winConfig={ mBounds=Rect(0, 0 - 1280, 720) mAppBounds=Rect(0, 0 - 1280, 720) mWindowingMode=fullscreen mDisplayWindowingMode=fullscreen mActivityType=undefined mAlwaysOnTop=undefined mRotation=ROTATION_0} s.4}
07-17 10:35:15.302   312   388 I ActivityTaskManager: Override config changes=200 {1.0 ?mcc?mnc [en] ldltr sw540dp w961dp h516dp 213dpi lrg long land television -touch -keyb/h/h dpad/v winConfig={ mBounds=Rect(0, 0 - 1280, 720) mAppBounds=Rect(0, 0 - 1280, 720) mWindowingMode=fullscreen mDisplayWindowingMode=fullscreen mActivityType=undefined mAlwaysOnTop=undefined mRotation=ROTATION_0} s.4} for displayId=0
07-17 10:35:15.307   312   388 D SystemServerInitThreadPool: Finished executing UiModeManager.onStart
07-17 10:35:15.375   312   312 W SystemServiceManager: Service com.android.server.locksettings.LockSettingsService$Lifecycle took 76 ms in onStart
07-17 10:35:15.375   312   312 D SystemServerTiming: StartLockSettingsService took to complete: 76ms
07-17 10:35:15.375   312   312 I SystemServer: StartTestHarnessMode
07-17 10:35:15.375   312   312 I SystemServiceManager: Starting com.android.server.testharness.TestHarnessModeService
07-17 10:35:15.376   312   312 D SystemServerTiming: StartTestHarnessMode took to complete: 1ms
--------- beginning of main
07-17 10:35:15.385   122   122 I hwservicemanager: getTransport: Cannot find entry android.hardware.oemlock@1.0::IOemLock/default in either framework or device manifest.
07-17 10:35:15.387   312   312 I OemLock : OemLock HAL not present on device
07-17 10:35:15.387   312   312 I SystemServer: StartDeviceIdleController
07-17 10:35:15.387   312   312 I SystemServiceManager: Starting com.android.server.DeviceIdleController
07-17 10:35:15.397   312   312 D SystemServerTiming: StartDeviceIdleController took to complete: 9ms
07-17 10:35:15.397   312   312 I SystemServer: StartDevicePolicyManager
07-17 10:35:15.397   312   312 I SystemServiceManager: Starting com.android.server.devicepolicy.DevicePolicyManagerService$Lifecycle
07-17 10:35:15.418   312   312 D SystemServerTiming: StartDevicePolicyManager took to complete: 20ms
07-17 10:35:15.418   312   312 I SystemServer: StartStatusBarManagerService
07-17 10:35:15.424   312   312 D SystemServerTiming: StartStatusBarManagerService took to complete: 6ms
07-17 10:35:15.424   312   312 D SystemServer: ContentCaptureService disabled because resource is not overlaid
07-17 10:35:15.424   312   312 D SystemServer: AttentionService is not configured on this device
07-17 10:35:15.424   312   312 D SystemServer: SystemCaptionsManagerService disabled because resource is not overlaid
07-17 10:35:15.424   312   312 D SystemServer: AppPredictionService not defined by OEM
07-17 10:35:15.425   312   312 D SystemServer: ContentSuggestionsService not defined by OEM
07-17 10:35:15.425   312   312 I SystemServer: InitNetworkStackClient
07-17 10:35:15.427   312   312 D SystemServerTiming: InitNetworkStackClient took to complete: 3ms
07-17 10:35:15.427   312   312 I SystemServer: StartNetworkManagementService
07-17 10:35:15.438   164   164 I netd    : registerUnsolicitedEventListener() <0.10ms>
07-17 10:35:15.439   312   312 D SystemServerTiming: StartNetworkManagementService took to complete: 12ms
07-17 10:35:15.439   312   312 I SystemServer: StartIpSecService
07-17 10:35:15.442   312   312 D SystemServerTiming: StartIpSecService took to complete: 2ms
07-17 10:35:15.442   312   312 I SystemServer: StartTextServicesManager
07-17 10:35:15.443   312   312 I SystemServiceManager: Starting com.android.server.textservices.TextServicesManagerService$Lifecycle
07-17 10:35:15.446   312   312 D SystemServerTiming: StartTextServicesManager took to complete: 4ms
07-17 10:35:15.447   312   312 I SystemServer: StartTextClassificationManagerService
07-17 10:35:15.447   312   312 I SystemServiceManager: Starting com.android.server.textclassifier.TextClassificationManagerService$Lifecycle
07-17 10:35:15.455   312   312 D SystemServerTiming: StartTextClassificationManagerService took to complete: 8ms
07-17 10:35:15.455   312   312 I SystemServer: StartNetworkScoreService
07-17 10:35:15.455   312   312 I SystemServiceManager: Starting com.android.server.NetworkScoreService$Lifecycle
07-17 10:35:15.457   312   312 I chatty  : uid=1000 system_server expire 33 lines
07-17 10:35:15.458   312   312 D SystemServerTiming: StartNetworkScoreService took to complete: 2ms
07-17 10:35:15.458   312   312 I SystemServer: StartNetworkStatsService
07-17 10:35:15.461   312   312 D SystemServerTiming: StartNetworkStatsService took to complete: 3ms
07-17 10:35:15.461   312   312 I SystemServer: StartNetworkPolicyManagerService
07-17 10:35:15.465   312   312 D SystemServerTiming: StartNetworkPolicyManagerService took to complete: 5ms
07-17 10:35:15.465   312   312 I SystemServer: StartWifi
07-17 10:35:15.596   312   312 I SystemServiceManager: Starting com.android.server.wifi.WifiService
07-17 10:35:16.051   312   412 I chatty  : uid=1000(system) ClientModeImpl expire 7 lines
07-17 10:35:16.062   312   312 D SystemServerTiming: StartWifi took to complete: 596ms
07-17 10:35:16.062   312   312 I SystemServer: StartWifiScanning
07-17 10:35:16.063   312   312 I SystemServiceManager: Starting com.android.server.wifi.scanner.WifiScanningService
07-17 10:35:16.066   312   312 D SystemServerTiming: StartWifiScanning took to complete: 3ms
07-17 10:35:16.066   312   312 I SystemServer: StartEthernet
07-17 10:35:16.067   312   312 I SystemServiceManager: Starting com.android.server.ethernet.EthernetService
07-17 10:35:16.068   312   312 D SystemServerTiming: StartEthernet took to complete: 2ms
07-17 10:35:16.068   312   312 I SystemServer: StartConnectivityService
07-17 10:35:16.078   312   312 D ConnectivityService: ConnectivityService starting up
07-17 10:35:16.081   312   312 D ConnectivityService: wifiOnly=false
07-17 10:35:16.082   312   312 E ConnectivityService: Ignoring protectedNetwork 10
07-17 10:35:16.082   312   312 E ConnectivityService: Ignoring protectedNetwork 11
07-17 10:35:16.082   312   312 E ConnectivityService: Ignoring protectedNetwork 12
07-17 10:35:16.082   312   312 E ConnectivityService: Ignoring protectedNetwork 14
07-17 10:35:16.082   312   312 E ConnectivityService: Ignoring protectedNetwork 15
07-17 10:35:16.109   312   312 D SystemServerTiming: StartConnectivityService took to complete: 41ms
07-17 10:35:16.109   312   312 I SystemServer: StartNsdService
07-17 10:35:16.112   312   312 D NsdService: Network service discovery is enabled
07-17 10:35:16.117   312   312 D SystemServerTiming: StartNsdService took to complete: 7ms
07-17 10:35:16.117   312   312 I SystemServer: StartSystemUpdateManagerService
07-17 10:35:16.118   312   312 I SystemUpdateManagerService: No existing info file /data/system/system-update-info.xml
07-17 10:35:16.119   312   312 D SystemServerTiming: StartSystemUpdateManagerService took to complete: 3ms
07-17 10:35:16.119   312   312 I SystemServer: StartUpdateLockService
07-17 10:35:16.120   312   312 D SystemServerTiming: StartUpdateLockService took to complete: 1ms
07-17 10:35:16.121   312   312 I SystemServer: StartNotificationManager
07-17 10:35:16.121   312   312 I SystemServiceManager: Starting com.android.server.notification.NotificationManagerService
07-17 10:35:16.156   312   312 D ConditionProviders.SCP: new ScheduleConditionProvider()
07-17 10:35:16.182   312   312 D NotificationAssistants: Approving default notification assistant for user 0
07-17 10:35:16.183   312   312 D NotificationService: Set default NAS to be android.ext.services/android.ext.services.notification.Assistant in 0
07-17 10:35:16.190   312   312 W SystemServiceManager: Service com.android.server.notification.NotificationManagerService took 51 ms in onStart
07-17 10:35:16.196   312   312 D SystemServerTiming: StartNotificationManager took to complete: 75ms
07-17 10:35:16.196   312   312 I SystemServer: StartDeviceMonitor
07-17 10:35:16.196   312   312 I SystemServiceManager: Starting com.android.server.storage.DeviceStorageMonitorService
07-17 10:35:16.201   312   325 I chatty  : uid=1000(system) HeapTaskDaemon expire 2 lines
07-17 10:35:16.203   312   312 D SystemServerTiming: StartDeviceMonitor took to complete: 6ms
07-17 10:35:16.203   312   312 I SystemServer: StartLocationManagerService
07-17 10:35:16.211   312   312 D SystemServerTiming: StartLocationManagerService took to complete: 8ms
07-17 10:35:16.211   312   312 I SystemServer: StartCountryDetectorService
07-17 10:35:16.212   312   312 D SystemServerTiming: StartCountryDetectorService took to complete: 1ms
07-17 10:35:16.212   312   312 I SystemServer: StartTimeDetectorService
07-17 10:35:16.212   312   312 I SystemServiceManager: Starting com.android.server.timedetector.TimeDetectorService$Lifecycle
07-17 10:35:16.214   312   312 D SystemServerTiming: StartTimeDetectorService took to complete: 1ms
07-17 10:35:16.214   312   312 I SystemServer: StartSearchManagerService
07-17 10:35:16.214   312   312 I SystemServiceManager: Starting com.android.server.search.SearchManagerService$Lifecycle
07-17 10:35:16.216   312   312 D SystemServerTiming: StartSearchManagerService took to complete: 2ms
07-17 10:35:16.216   312   312 I SystemServer: StartWallpaperManagerService
07-17 10:35:16.217   312   312 I SystemServiceManager: Starting com.android.server.wallpaper.WallpaperManagerService$Lifecycle
07-17 10:35:16.222   312   312 D SystemServerTiming: StartWallpaperManagerService took to complete: 6ms
07-17 10:35:16.222   312   312 I SystemServer: StartAudioService
07-17 10:35:16.222   312   312 I SystemServiceManager: Starting com.android.server.audio.AudioService$Lifecycle
07-17 10:35:16.249   176   176 D PermissionCache: checking android.permission.MODIFY_AUDIO_ROUTING for uid=1000 => granted (1224 us)
07-17 10:35:16.252   176   176 D PermissionCache: checking android.permission.MODIFY_AUDIO_SETTINGS for uid=1000 => granted (260 us)
07-17 10:35:16.253   176   298 W AudioFlinger: no wake lock to update, system not ready yet
07-17 10:35:16.255   176   176 W DeviceHAL: Error from HAL Device in function set_mic_mute: Function not implemented
07-17 10:35:16.255   176   176 W DeviceHAL: Error from HAL Device in function set_mic_mute: Function not implemented
07-17 10:35:16.304   176   293 D AudioFlinger: isLowRamDevice:true totalMemory:779145216 mClientSharedHeapSize:1048576
07-17 10:35:16.306   312   312 D SystemServerTiming: StartAudioService took to complete: 84ms
07-17 10:35:16.306   312   312 I SystemServer: StartDockObserver
07-17 10:35:16.306   312   312 I SystemServiceManager: Starting com.android.server.DockObserver
07-17 10:35:16.307   312   312 W DockObserver: This kernel does not have dock station support
07-17 10:35:16.309   312   312 D SystemServerTiming: StartDockObserver took to complete: 2ms
07-17 10:35:16.309   312   312 I SystemServer: StartWiredAccessoryManager
07-17 10:35:16.310   312   312 W WiredAccessoryManager: This kernel does not have wired headset support
07-17 10:35:16.311   312   312 W WiredAccessoryManager: This kernel does not have usb audio support
07-17 10:35:16.311   312   312 W WiredAccessoryManager: This kernel does not have HDMI audio support
07-17 10:35:16.311   312   312 D SystemServerTiming: StartWiredAccessoryManager took to complete: 2ms
07-17 10:35:16.311   312   312 I SystemServer: StartAdbService
07-17 10:35:16.311   312   312 I SystemServiceManager: Starting com.android.server.adb.AdbService$Lifecycle
07-17 10:35:16.313   312   312 D SystemServerTiming: StartAdbService took to complete: 2ms
07-17 10:35:16.313   312   312 I SystemServer: StartUsbService
07-17 10:35:16.313   312   312 I SystemServiceManager: Starting com.android.server.usb.UsbService$Lifecycle
07-17 10:35:16.320   122   122 I hwservicemanager: getTransport: Cannot find entry android.hardware.usb@1.0::IUsb/default in either framework or device manifest.
07-17 10:35:16.336   312   312 E UsbPortManager: connectToProxy: usb hal service not found. Did the service fail to start?
07-17 10:35:16.336   312   312 E UsbPortManager: java.util.NoSuchElementException
07-17 10:35:16.336   312   312 E UsbPortManager: 	at android.os.HwBinder.getService(Native Method)
07-17 10:35:16.336   312   312 E UsbPortManager: 	at android.os.HwBinder.getService(HwBinder.java:83)
07-17 10:35:16.336   312   312 E UsbPortManager: 	at android.hardware.usb.V1_0.IUsb.getService(IUsb.java:70)
07-17 10:35:16.336   312   312 E UsbPortManager: 	at android.hardware.usb.V1_0.IUsb.getService(IUsb.java:77)
07-17 10:35:16.336   312   312 E UsbPortManager: 	at com.android.server.usb.UsbPortManager.connectToProxy(UsbPortManager.java:780)
07-17 10:35:16.336   312   312 E UsbPortManager: 	at com.android.server.usb.UsbPortManager.<init>(UsbPortManager.java:175)
07-17 10:35:16.336   312   312 E UsbPortManager: 	at com.android.server.usb.UsbService.<init>(UsbService.java:153)
07-17 10:35:16.336   312   312 E UsbPortManager: 	at com.android.server.usb.UsbService$Lifecycle.onStart(UsbService.java:84)
07-17 10:35:16.336   312   312 E UsbPortManager: 	at com.android.server.SystemServiceManager.startService(SystemServiceManager.java:129)
07-17 10:35:16.336   312   312 E UsbPortManager: 	at com.android.server.SystemServiceManager.startService(SystemServiceManager.java:116)
07-17 10:35:16.336   312   312 E UsbPortManager: 	at com.android.server.SystemServiceManager.startService(SystemServiceManager.java:75)
07-17 10:35:16.336   312   312 E UsbPortManager: 	at com.android.server.SystemServer.startOtherServices(SystemServer.java:1543)
07-17 10:35:16.336   312   312 E UsbPortManager: 	at com.android.server.SystemServer.run(SystemServer.java:513)
07-17 10:35:16.336   312   312 E UsbPortManager: 	at com.android.server.SystemServer.main(SystemServer.java:350)
07-17 10:35:16.336   312   312 E UsbPortManager: 	at java.lang.reflect.Method.invoke(Native Method)
07-17 10:35:16.336   312   312 E UsbPortManager: 	at com.android.internal.os.RuntimeInit$MethodAndArgsCaller.run(RuntimeInit.java:492)
07-17 10:35:16.336   312   312 E UsbPortManager: 	at com.android.internal.os.ZygoteInit.main(ZygoteInit.java:908)
07-17 10:35:16.340   312   312 D SystemServerTiming: StartUsbService took to complete: 26ms
07-17 10:35:16.340   312   312 I SystemServer: StartSerialService
07-17 10:35:16.341   312   312 D SystemServerTiming: StartSerialService took to complete: 1ms
07-17 10:35:16.342   312   312 I SystemServer: StartHardwarePropertiesManagerService
07-17 10:35:16.343   122   122 I hwservicemanager: getTransport: Cannot find entry android.hardware.thermal@1.0::IThermal/default in either framework or device manifest.
07-17 10:35:16.345   312   312 D SystemServerTiming: StartHardwarePropertiesManagerService took to complete: 4ms
07-17 10:35:16.345   312   312 I SystemServer: StartTwilightService
07-17 10:35:16.345   312   312 I SystemServiceManager: Starting com.android.server.twilight.TwilightService
07-17 10:35:16.346   312   312 D SystemServerTiming: StartTwilightService took to complete: 0ms
07-17 10:35:16.346   312   312 I SystemServer: StartColorDisplay
07-17 10:35:16.346   312   312 I SystemServiceManager: Starting com.android.server.display.color.ColorDisplayService
07-17 10:35:16.356   312   312 D SystemServerTiming: StartColorDisplay took to complete: 10ms
07-17 10:35:16.356   312   312 I SystemServer: StartJobScheduler
07-17 10:35:16.356   312   312 I SystemServiceManager: Starting com.android.server.job.JobSchedulerService
07-17 10:35:16.371   312   312 I JobStore: Read 0 jobs
07-17 10:35:16.379   312   312 D SystemServerTiming: StartJobScheduler took to complete: 22ms
07-17 10:35:16.379   312   312 I SystemServer: StartSoundTrigger
07-17 10:35:16.379   312   312 I SystemServiceManager: Starting com.android.server.soundtrigger.SoundTriggerService
07-17 10:35:16.380   312   312 D SystemServerTiming: StartSoundTrigger took to complete: 2ms
07-17 10:35:16.380   312   312 I SystemServer: StartTrustManager
07-17 10:35:16.380   312   312 I SystemServiceManager: Starting com.android.server.trust.TrustManagerService
07-17 10:35:16.384   312   312 D SystemServerTiming: StartTrustManager took to complete: 3ms
07-17 10:35:16.384   312   312 I SystemServer: StartBackupManager
07-17 10:35:16.384   312   312 I SystemServiceManager: Starting com.android.server.backup.BackupManagerService$Lifecycle
07-17 10:35:16.392   312   312 D SystemServerTiming: StartBackupManager took to complete: 9ms
07-17 10:35:16.392   312   312 I SystemServer: StartAppWidgetService
07-17 10:35:16.392   312   312 I SystemServiceManager: Starting com.android.server.appwidget.AppWidgetService
07-17 10:35:16.396   312   312 D SystemServerTiming: StartAppWidgetService took to complete: 3ms
07-17 10:35:16.396   312   312 I SystemServer: StartRoleManagerService
07-17 10:35:16.406   312   312 D SystemServerTiming: StartRoleManagerService took to complete: 10ms
07-17 10:35:16.406   312   312 I SystemServer: StartVoiceRecognitionManager
07-17 10:35:16.407   312   312 I SystemServiceManager: Starting com.android.server.voiceinteraction.VoiceInteractionManagerService
07-17 10:35:16.418   312   312 I RoleUserState: Read roles.xml successfully
07-17 10:35:16.423   312   312 D SystemServerTiming: StartVoiceRecognitionManager took to complete: 16ms
07-17 10:35:16.423   312   312 I SystemServer: StartGestureLauncher
07-17 10:35:16.423   312   312 I SystemServiceManager: Starting com.android.server.GestureLauncherService
07-17 10:35:16.423   312   312 D SystemServerTiming: StartGestureLauncher took to complete: 0ms
07-17 10:35:16.423   312   312 I SystemServer: StartSensorNotification
07-17 10:35:16.423   312   312 I SystemServiceManager: Starting com.android.server.SensorNotificationService
07-17 10:35:16.424   312   312 D SystemServerTiming: StartSensorNotification took to complete: 0ms
07-17 10:35:16.424   312   312 I SystemServer: StartContextHubSystemService
07-17 10:35:16.424   312   312 I SystemServiceManager: Starting com.android.server.ContextHubSystemService
07-17 10:35:16.424   312   338 D SystemServerInitThreadPool: Started executing Init ContextHubSystemService
07-17 10:35:16.425   312   312 D SystemServerTiming: StartContextHubSystemService took to complete: 1ms
07-17 10:35:16.425   312   312 I SystemServer: StartDiskStatsService
07-17 10:35:16.427   122   122 I hwservicemanager: getTransport: Cannot find entry android.hardware.contexthub@1.0::IContexthub/default in either framework or device manifest.
07-17 10:35:16.430   312   338 I chatty  : uid=1000 system_server expire 1 line
07-17 10:35:16.430   312   338 D SystemServerInitThreadPool: Finished executing Init ContextHubSystemService
07-17 10:35:16.430   312   312 D SystemServerTiming: StartDiskStatsService took to complete: 5ms
07-17 10:35:16.430   312   312 I SystemServer: RuntimeService
07-17 10:35:16.436   312   312 D SystemServerTiming: RuntimeService took to complete: 5ms
07-17 10:35:16.436   312   312 I SystemServer: StartNetworkTimeUpdateService
07-17 10:35:16.437   312   312 D SystemServer: Using networkTimeUpdater class=class com.android.server.NewNetworkTimeUpdateService
07-17 10:35:16.438   312   312 D SystemServerTiming: StartNetworkTimeUpdateService took to complete: 1ms
07-17 10:35:16.438   312   312 I SystemServer: CertBlacklister
07-17 10:35:16.439   312   312 D SystemServerTiming: CertBlacklister took to complete: 1ms
07-17 10:35:16.439   312   312 I SystemServer: StartEmergencyAffordanceService
07-17 10:35:16.439   312   312 I SystemServiceManager: Starting com.android.server.emergency.EmergencyAffordanceService
07-17 10:35:16.439   312   312 D SystemServerTiming: StartEmergencyAffordanceService took to complete: 1ms
07-17 10:35:16.439   312   312 I SystemServer: StartDreamManager
07-17 10:35:16.439   312   312 I SystemServiceManager: Starting com.android.server.dreams.DreamManagerService
07-17 10:35:16.441   312   312 D SystemServerTiming: StartDreamManager took to complete: 1ms
07-17 10:35:16.441   312   312 I SystemServer: AddGraphicsStatsService
07-17 10:35:16.443   312   312 D SystemServerTiming: AddGraphicsStatsService took to complete: 2ms
07-17 10:35:16.449   312   312 I SystemServer: StartRestrictionManager
07-17 10:35:16.449   312   312 I SystemServiceManager: Starting com.android.server.restrictions.RestrictionsManagerService
07-17 10:35:16.451   312   312 D SystemServerTiming: StartRestrictionManager took to complete: 2ms
07-17 10:35:16.451   312   312 I SystemServer: StartMediaSessionService
07-17 10:35:16.451   312   312 I SystemServiceManager: Starting com.android.server.media.MediaSessionService
07-17 10:35:16.468   312   312 D SystemServerTiming: StartMediaSessionService took to complete: 17ms
07-17 10:35:16.468   312   312 I SystemServer: StartTvInputManager
07-17 10:35:16.468   312   312 I SystemServiceManager: Starting com.android.server.tv.TvInputManagerService
07-17 10:35:16.472   122   122 I hwservicemanager: getTransport: Cannot find entry android.hardware.tv.input@1.0::ITvInput/default in either framework or device manifest.
07-17 10:35:16.477   312   312 D SystemServerTiming: StartTvInputManager took to complete: 9ms
07-17 10:35:16.477   312   312 I SystemServer: StartTvRemoteService
07-17 10:35:16.477   312   312 I SystemServiceManager: Starting com.android.server.tv.TvRemoteService
07-17 10:35:16.478   312   312 D SystemServerTiming: StartTvRemoteService took to complete: 1ms
07-17 10:35:16.478   312   312 I SystemServer: StartMediaRouterService
07-17 10:35:16.480   312   312 D SystemServerTiming: StartMediaRouterService took to complete: 2ms
07-17 10:35:16.480   312   312 I SystemServer: StartBackgroundDexOptService
07-17 10:35:16.481   312   312 D SystemServerTiming: StartBackgroundDexOptService took to complete: 1ms
07-17 10:35:16.481   312   312 I SystemServer: StartDynamicCodeLoggingService
07-17 10:35:16.482   312   312 D SystemServerTiming: StartDynamicCodeLoggingService took to complete: 1ms
07-17 10:35:16.482   312   312 I SystemServer: StartPruneInstantAppsJobService
07-17 10:35:16.482   312   312 D SystemServerTiming: StartPruneInstantAppsJobService took to complete: 1ms
07-17 10:35:16.482   312   312 I SystemServer: StartShortcutServiceLifecycle
07-17 10:35:16.482   312   312 I SystemServiceManager: Starting com.android.server.pm.ShortcutService$Lifecycle
07-17 10:35:16.485   312   312 D SystemServerTiming: StartShortcutServiceLifecycle took to complete: 2ms
07-17 10:35:16.485   312   312 I SystemServer: StartLauncherAppsService
07-17 10:35:16.485   312   312 I SystemServiceManager: Starting com.android.server.pm.LauncherAppsService
07-17 10:35:16.486   312   312 D SystemServerTiming: StartLauncherAppsService took to complete: 2ms
07-17 10:35:16.486   312   312 I SystemServer: StartCrossProfileAppsService
07-17 10:35:16.487   312   312 I SystemServiceManager: Starting com.android.server.pm.CrossProfileAppsService
07-17 10:35:16.487   312   312 D SystemServerTiming: StartCrossProfileAppsService took to complete: 1ms
07-17 10:35:16.488   312   312 I SystemServer: StartMediaProjectionManager
07-17 10:35:16.488   312   312 I SystemServiceManager: Starting com.android.server.media.projection.MediaProjectionManagerService
07-17 10:35:16.491   312   312 D SystemServerTiming: StartMediaProjectionManager took to complete: 4ms
07-17 10:35:16.491   312   312 I SystemServer: StartSliceManagerService
07-17 10:35:16.491   312   312 I SystemServiceManager: Starting com.android.server.slice.SliceManagerService$Lifecycle
07-17 10:35:16.494   312   312 D SystemServerTiming: StartSliceManagerService took to complete: 2ms
07-17 10:35:16.494   312   312 I SystemServer: StartCameraServiceProxy
07-17 10:35:16.494   312   312 I SystemServiceManager: Starting com.android.server.camera.CameraServiceProxy
07-17 10:35:16.497   312   312 D SystemServerTiming: StartCameraServiceProxy took to complete: 2ms
07-17 10:35:16.497   312   312 I SystemServer: StartStatsCompanionService
07-17 10:35:16.497   312   312 I SystemServiceManager: Starting com.android.server.stats.StatsCompanionService$Lifecycle
07-17 10:35:16.500   312   312 I StatsCompanionService: register thermal listener successfully
07-17 10:35:16.511   312   312 E KernelCpuThreadReader: Failed to initialize KernelCpuThreadReader
07-17 10:35:16.511   312   312 E KernelCpuThreadReader: java.nio.file.NoSuchFileException: /proc/self/time_in_state
07-17 10:35:16.511   312   312 E KernelCpuThreadReader: 	at sun.nio.fs.UnixFileSystemProvider.newByteChannel(UnixFileSystemProvider.java:214)
07-17 10:35:16.511   312   312 E KernelCpuThreadReader: 	at java.nio.file.Files.newByteChannel(Files.java:361)
07-17 10:35:16.511   312   312 E KernelCpuThreadReader: 	at java.nio.file.Files.newByteChannel(Files.java:407)
07-17 10:35:16.511   312   312 E KernelCpuThreadReader: 	at java.nio.file.Files.readAllBytes(Files.java:3152)
07-17 10:35:16.511   312   312 E KernelCpuThreadReader: 	at com.android.internal.os.ProcTimeInStateReader.initializeTimeInStateFormat(ProcTimeInStateReader.java:163)
07-17 10:35:16.511   312   312 E KernelCpuThreadReader: 	at com.android.internal.os.ProcTimeInStateReader.<init>(ProcTimeInStateReader.java:110)
07-17 10:35:16.511   312   312 E KernelCpuThreadReader: 	at com.android.internal.os.KernelCpuThreadReader.<init>(KernelCpuThreadReader.java:137)
07-17 10:35:16.511   312   312 E KernelCpuThreadReader: 	at com.android.internal.os.KernelCpuThreadReader.create(KernelCpuThreadReader.java:150)
07-17 10:35:16.511   312   312 E KernelCpuThreadReader: 	at com.android.internal.os.KernelCpuThreadReaderSettingsObserver.<init>(KernelCpuThreadReaderSettingsObserver.java:94)
07-17 10:35:16.511   312   312 E KernelCpuThreadReader: 	at com.android.internal.os.KernelCpuThreadReaderSettingsObserver.getSettingsModifiedReader(KernelCpuThreadReaderSettingsObserver.java:79)
07-17 10:35:16.511   312   312 E KernelCpuThreadReader: 	at com.android.server.stats.StatsCompanionService.<init>(StatsCompanionService.java:379)
07-17 10:35:16.511   312   312 E KernelCpuThreadReader: 	at com.android.server.stats.StatsCompanionService$Lifecycle.onStart(StatsCompanionService.java:2585)
07-17 10:35:16.511   312   312 E KernelCpuThreadReader: 	at com.android.server.SystemServiceManager.startService(SystemServiceManager.java:129)
07-17 10:35:16.511   312   312 E KernelCpuThreadReader: 	at com.android.server.SystemServiceManager.startService(SystemServiceManager.java:116)
07-17 10:35:16.511   312   312 E KernelCpuThreadReader: 	at com.android.server.SystemServer.startOtherServices(SystemServer.java:1890)
07-17 10:35:16.511   312   312 E KernelCpuThreadReader: 	at com.android.server.SystemServer.run(SystemServer.java:513)
07-17 10:35:16.511   312   312 E KernelCpuThreadReader: 	at com.android.server.SystemServer.main(SystemServer.java:350)
07-17 10:35:16.511   312   312 E KernelCpuThreadReader: 	at java.lang.reflect.Method.invoke(Native Method)
07-17 10:35:16.511   312   312 E KernelCpuThreadReader: 	at com.android.internal.os.RuntimeInit$MethodAndArgsCaller.run(RuntimeInit.java:492)
07-17 10:35:16.511   312   312 E KernelCpuThreadReader: 	at com.android.internal.os.ZygoteInit.main(ZygoteInit.java:908)
07-17 10:35:16.513   312   312 D SystemServerTiming: StartStatsCompanionService took to complete: 16ms
07-17 10:35:16.513   312   312 I SystemServer: StartIncidentCompanionService
07-17 10:35:16.513   312   312 I SystemServiceManager: Starting com.android.server.incident.IncidentCompanionService
07-17 10:35:16.516   312   312 D SystemServerTiming: StartIncidentCompanionService took to complete: 3ms
07-17 10:35:16.516   312   312 I SystemServer: StartMmsService
07-17 10:35:16.516   312   312 I SystemServiceManager: Starting com.android.server.MmsServiceBroker
07-17 10:35:16.518   312   312 D SystemServerTiming: StartMmsService took to complete: 1ms
07-17 10:35:16.518   312   312 I SystemServer: StartAutoFillService
07-17 10:35:16.524   312   312 I SystemServiceManager: Starting com.android.server.autofill.AutofillManagerService
07-17 10:35:16.527   312   312 D AutofillManagerService: setLogLevelFromSettings(): level=2, debug=true, verbose=false
07-17 10:35:16.532   312   312 D AutofillManagerService: setMaxPartitionsFromSettings(): 10
07-17 10:35:16.532   312   312 D AutofillManagerService: setMaxVisibleDatasetsFromSettings(): 0
07-17 10:35:16.534   312   332 D AutofillUI: destroySaveUiUiThread(): already destroyed
07-17 10:35:16.534   312   312 D AutofillManagerServiceImpl: Reset component for user 0:
07-17 10:35:16.535   312   312 D SystemServerTiming: StartAutoFillService took to complete: 18ms
07-17 10:35:16.535   312   312 I SystemServer: StartClipboardService
07-17 10:35:16.535   312   312 I SystemServiceManager: Starting com.android.server.clipboard.ClipboardService
07-17 10:35:16.537   312   312 D SystemServerTiming: StartClipboardService took to complete: 1ms
07-17 10:35:16.537   312   312 I SystemServer: AppServiceManager
07-17 10:35:16.537   312   312 I SystemServiceManager: Starting com.android.server.appbinding.AppBindingService$Lifecycle
07-17 10:35:16.538   312   312 D SystemServerTiming: AppServiceManager took to complete: 2ms
07-17 10:35:16.538   312   312 I SystemServer: MakeVibratorServiceReady
07-17 10:35:16.541   312   312 D SystemServerTiming: MakeVibratorServiceReady took to complete: 2ms
07-17 10:35:16.541   312   312 I SystemServer: MakeLockSettingsServiceReady
07-17 10:35:16.566   122   122 I hwservicemanager: getTransport: Cannot find entry android.hardware.weaver@1.0::IWeaver/default in either framework or device manifest.
07-17 10:35:16.568   312   312 I SyntheticPasswordManager: Device does not support weaver
07-17 10:35:16.570   122   122 I hwservicemanager: getTransport: Cannot find entry android.hardware.authsecret@1.0::IAuthSecret/default in either framework or device manifest.
07-17 10:35:16.572   312   312 I LockSettingsService: Device doesn't implement AuthSecret HAL
07-17 10:35:16.574   312   312 E LockSettingsStorage: Cannot read file java.io.FileNotFoundException: /data/system/gatekeeper.password.key: open failed: ENOENT (No such file or directory)
07-17 10:35:16.575   312   312 E LockSettingsStorage: Cannot read file java.io.FileNotFoundException: /data/system/password.key: open failed: ENOENT (No such file or directory)
07-17 10:35:16.575   312   312 E LockSettingsStorage: Cannot read file java.io.FileNotFoundException: /data/system/gatekeeper.pattern.key: open failed: ENOENT (No such file or directory)
07-17 10:35:16.576   312   312 E LockSettingsStorage: Cannot read file java.io.FileNotFoundException: /data/system/gatekeeper.gesture.key: open failed: ENOENT (No such file or directory)
07-17 10:35:16.576   312   312 E LockSettingsStorage: Cannot read file java.io.FileNotFoundException: /data/system/gesture.key: open failed: ENOENT (No such file or directory)
07-17 10:35:16.576   312   312 D SystemServerTiming: MakeLockSettingsServiceReady took to complete: 36ms
07-17 10:35:16.576   312   312 I SystemServer: StartBootPhaseLockSettingsReady
07-17 10:35:16.576   312   312 I SystemServiceManager: Starting phase 480
07-17 10:35:16.582   312   312 W ShortcutService: Clock rewound
07-17 10:35:16.582   312   312 D SystemServerTiming: StartBootPhaseLockSettingsReady took to complete: 5ms
07-17 10:35:16.582   312   312 I SystemServer: StartBootPhaseSystemServicesReady
07-17 10:35:16.582   312   312 I SystemServiceManager: Starting phase 500
07-17 10:35:16.584   312   312 D AppStandbyController: Setting app idle enabled state
07-17 10:35:16.593   312   312 D TestHarnessModeService: Setting up test harness mode
07-17 10:35:16.593   312   312 D TestHarnessModeService: Getting PersistentDataBlockManagerInternal from LocalServices
07-17 10:35:16.593   312   312 E TestHarnessModeService: Failed to start Test Harness Mode; no implementation of PersistentDataBlockManagerInternal was bound!
07-17 10:35:16.598   312   312 I WifiService: WifiService starting up with Wi-Fi disabled
07-17 10:35:16.606   312   354 I chatty  : uid=1000(system) HwBinder:312_1 expire 1 line
07-17 10:35:16.636   312   415 D ConnectivityService: Got NetworkFactory Messenger for Ethernet
07-17 10:35:16.636   312   445 I chatty  : uid=1000(system) EthernetService expire 7 lines
07-17 10:35:16.639   164   164 I netd    : interfaceGetList() -> {["eth0","lo","ip6tnl0","ip_vti0","ip6_vti0","sit0"]} <0.34ms>
07-17 10:35:16.640   164   164 I netd    : interfaceGetCfg("eth0") <0.59ms>
07-17 10:35:16.658   176   293 D PermissionCache: checking android.permission.CAPTURE_AUDIO_HOTWORD for uid=1000 => granted (781 us)
07-17 10:35:16.659   312   312 W SoundTriggerHelper: listModules status=0, # of modules=0
07-17 10:35:16.664   312   312 W TvInputHardwareManager: HdmiControlService is not available
07-17 10:35:16.664   312   312 D SystemServerTiming: StartBootPhaseSystemServicesReady took to complete: 83ms
07-17 10:35:16.665   312   312 I SystemServer: MakeWindowManagerServiceReady
07-17 10:35:16.674   312   312 D SystemServerTiming: MakeWindowManagerServiceReady took to complete: 10ms
07-17 10:35:16.678   312   312 I SystemServer: MakePowerManagerServiceReady
07-17 10:35:16.686   312   312 E DisplayPowerController: failed to set up display white-balance: java.lang.IllegalStateException: cannot find light sensor
07-17 10:35:16.695   312   345 E KernelCpuUidFreqTimeReader: Failed to read /proc/uid_time_in_state: java.nio.file.NoSuchFileException: /proc/uid_time_in_state
07-17 10:35:16.697   312   352 W KeyguardServiceDelegate: onScreenTurningOn(): no keyguard service!
07-17 10:35:16.701   312   345 W KernelCpuProcStringReader: File not found. It's normal if not implemented: /proc/uid_time_in_state
07-17 10:35:16.702   312   345 W KernelCpuProcStringReader: File not found. It's normal if not implemented: /proc/uid_concurrent_active_time
07-17 10:35:16.702   312   345 W KernelCpuProcStringReader: File not found. It's normal if not implemented: /proc/uid_concurrent_policy_time
07-17 10:35:16.705   312   352 V DisplayPowerController: Brightness [102] reason changing to: 'override', previous reason: '0'.
07-17 10:35:16.710   312   312 D SystemServerTiming: MakePowerManagerServiceReady took to complete: 32ms
07-17 10:35:16.711   312   312 I SystemServer: StartPermissionPolicyService
07-17 10:35:16.711   312   312 I SystemServiceManager: Starting com.android.server.policy.PermissionPolicyService
07-17 10:35:16.716   312   312 D SystemServerTiming: StartPermissionPolicyService took to complete: 5ms
07-17 10:35:16.716   312   312 I SystemServer: MakePackageManagerServiceReady
07-17 10:35:16.742   312   331 I chatty  : uid=1000(system) android.fg expire 3 lines
07-17 10:35:16.746   164   164 I netd    : interfaceSetCfg() <103.24ms>
07-17 10:35:16.747   312   312 I PackageManager: Un-granting permission android.permission.CONNECTIVITY_USE_RESTRICTED_NETWORKS from package com.android.captiveportallogin (protectionLevel=18 flags=0x38c8be45)
07-17 10:35:16.747   312   312 I PackageManager: Un-granting permission android.permission.NETWORK_BYPASS_PRIVATE_DNS from package com.android.captiveportallogin (protectionLevel=2 flags=0x38c8be45)
07-17 10:35:16.747   164   164 I netd    : interfaceGetCfg("eth0") <0.60ms>
07-17 10:35:16.764   312   312 V UserDataPreparer: Found /data/user_de/0 with serial number 0
07-17 10:35:16.764   312   312 V UserDataPreparer: Found /data/user/0 with serial number 0
07-17 10:35:16.764   312   312 V UserDataPreparer: Found /data/system_de/0 with serial number 0
07-17 10:35:16.764   312   312 V UserDataPreparer: Found /data/system_ce/0 with serial number 0
07-17 10:35:16.764   312   312 V UserDataPreparer: Found /data/misc_ce/0 with serial number -1
07-17 10:35:16.765   312   312 D UserDataPreparer: Serial number missing on /data/misc_ce/0; assuming current is valid
07-17 10:35:16.776   312   312 D SystemServerTiming: MakePackageManagerServiceReady took to complete: 61ms
07-17 10:35:16.776   312   312 I SystemServer: MakeDisplayManagerServiceReady
07-17 10:35:16.782   312   334 E DisplayModeDirector: Asked about unknown display, returning empty allowed set! (id=0)
07-17 10:35:16.783   312   312 D SystemServerTiming: MakeDisplayManagerServiceReady took to complete: 7ms
07-17 10:35:16.783   312   312 I SystemServer: StartDeviceSpecificServices
07-17 10:35:16.784   312   312 D SystemServerTiming: StartDeviceSpecificServices took to complete: 0ms
07-17 10:35:16.784   312   312 I SystemServer: StartBootPhaseDeviceSpecificServicesReady
07-17 10:35:16.784   312   312 I SystemServiceManager: Starting phase 520
07-17 10:35:16.784   312   312 D SystemServerTiming: StartBootPhaseDeviceSpecificServicesReady took to complete: 1ms
07-17 10:35:16.785   312   312 W UsageStatsService: Event reported without a package name, eventType:15
07-17 10:35:16.787   312   312 I AppOps  : Pruning old package system/com.android.server.appop.AppOpsService$UidState@3026f1f: new uid=-1
07-17 10:35:16.790   312   312 I ActivityManager: System now ready
07-17 10:35:16.831   312   312 I SystemServer: Making services ready
07-17 10:35:16.831   312   312 I SystemServer: StartActivityManagerReadyPhase
07-17 10:35:16.831   312   312 I SystemServiceManager: Starting phase 550
07-17 10:35:16.834   122   122 I hwservicemanager: getTransport: Cannot find entry android.hardware.thermal@2.0::IThermal/default in either framework or device manifest.
07-17 10:35:16.836   312   312 E ThermalHalWrapper: Thermal HAL 2.0 service not connected.
07-17 10:35:16.838   122   122 I hwservicemanager: getTransport: Cannot find entry android.hardware.thermal@1.1::IThermal/default in either framework or device manifest.
07-17 10:35:16.839   312   312 E ThermalHalWrapper: Thermal HAL 1.1 service not connected.
