07-17 10:35:18.856   312   415 D ConnectivityService: Switching to new default network: NetworkAgentInfo{ ni{[type: Ethernet[], state: CONNECTED/CONNECTED, reason: (unspecified), extra: b8:27:eb:ce:5b:6d, failover: false, available: true, roaming: false]}  network{100}  nethandle{432902426637}  lp{{InterfaceName: eth0 LinkAddresses: [ fe80::1f8e:bac9:b2cb:ddb6/64,192.168.0.215/24 ] DnsAddresses: [ /192.168.0.1 ] Domains: null MTU: 0 TcpBufferSizes: 524288,1048576,3145728,524288,1048576,2097152 Routes: [ fe80::/64 -> :: eth0,192.168.0.0/24 -> 0.0.0.0 eth0,0.0.0.0/0 -> 192.168.0.1 eth0 ]}}  nc{[ Transports: ETHERNET Capabilities: NOT_METERED&INTERNET&NOT_RESTRICTED&TRUSTED&NOT_VPN&NOT_ROAMING&FOREGROUND&NOT_CONGESTED&NOT_SUSPENDED LinkUpBandwidth>=100000Kbps LinkDnBandwidth>=100000Kbps]}  Score{30}  everValidated{false}  lastValidated{false}  created{true} lingering{false} explicitlySelected{false} acceptUnvalidated{false} everCaptivePortalDetected{false} lastCaptivePortalDetected{false} captivePortalValidationPending{false} partialConnectivity{false} acceptPartialConnectivity{false} clat{mBaseIface: null, mIface: null, mState: IDLE} }
07-17 10:35:18.857   164   164 I netd    : networkSetDefault(100) <0.53ms>
07-17 10:35:18.858   164   164 I netd    : setTcpRWmemorySize("524288 1048576 3145728", "524288 1048576 2097152") <0.42ms>
07-17 10:35:18.864   212   281 V C2Store : in ~ComponentModule
07-17 10:35:18.864   212   281 V C2Store : unloading dll
07-17 10:35:18.864   212   281 V C2Store : in init
07-17 10:35:18.864   212   281 V C2Store : loading dll
07-17 10:35:18.879   212   281 I C2SoftVp9Enc: setting temporal layering 0 + 0
07-17 10:35:18.884   212   281 V C2Store : in ~ComponentModule
07-17 10:35:18.884   212   281 V C2Store : unloading dll
07-17 10:35:18.893   206   275 I MediaCodecsXmlParser: limit: bitrate-range = 1-40000000
07-17 10:35:18.893   206   275 I MediaCodecsXmlParser: limit: block-count-range = 1-8192
07-17 10:35:18.893   206   275 I MediaCodecsXmlParser: limit: blocks-per-second-range = 1-1000000
07-17 10:35:18.893   206   275 I MediaCodecsXmlParser: limit: bitrate-range = 1-40000000
07-17 10:35:18.893   206   275 I MediaCodecsXmlParser: limit: feature-adaptive-playback = 0
07-17 10:35:18.894   206   275 I MediaCodecsXmlParser: limit: alignment = 2x2
07-17 10:35:18.894   206   275 I MediaCodecsXmlParser: limit: block-size = 16x16
07-17 10:35:18.894   206   275 I MediaCodecsXmlParser: limit: size-range = 2x2-2048x2048
07-17 10:35:18.894   206   275 I MediaCodecsXmlParser: limit: block-count-range = 1-16384
07-17 10:35:18.894   206   275 I MediaCodecsXmlParser: limit: blocks-per-second-range = 1-500000
07-17 10:35:18.894   206   275 I MediaCodecsXmlParser: limit: bitrate-range = 1-40000000
07-17 10:35:18.894   206   275 I MediaCodecsXmlParser: limit: size-range = 2x2-1280x1280
07-17 10:35:18.894   206   275 I MediaCodecsXmlParser: limit: block-count-range = 1-3600
07-17 10:35:18.894   206   275 I MediaCodecsXmlParser: limit: blocks-per-second-range = 1-108000
07-17 10:35:18.894   206   275 I MediaCodecsXmlParser: limit: bitrate-range = 1-5000000
07-17 10:35:18.894   206   275 I MediaCodecsXmlParser: limit: feature-adaptive-playback = 0
07-17 10:35:18.894   206   275 I MediaCodecsXmlParser: limit: size-range = 2x2-1920x1080
07-17 10:35:18.894   206   275 I MediaCodecsXmlParser: limit: alignment = 2x2
07-17 10:35:18.894   206   275 I MediaCodecsXmlParser: limit: block-size = 16x16
07-17 10:35:18.894   206   275 I MediaCodecsXmlParser: limit: block-count-range = 1-16384
07-17 10:35:18.894   206   275 I MediaCodecsXmlParser: limit: blocks-per-second-range = 1-2073600
07-17 10:35:18.894   206   275 I MediaCodecsXmlParser: limit: bitrate-range = 1-120000000
07-17 10:35:18.894   206   275 I MediaCodecsXmlParser: limit: feature-adaptive-playback = 0
07-17 10:35:18.894   206   275 D MediaCodecsXmlParser: disabling c2.android.mpeg2.decoder
07-17 10:35:18.894   206   275 I MediaCodecsXmlParser: limit: size-range = 16x16-1920x1088
07-17 10:35:18.894   206   275 I MediaCodecsXmlParser: limit: alignment = 2x2
07-17 10:35:18.894   206   275 I MediaCodecsXmlParser: limit: block-size = 16x16
07-17 10:35:18.894   206   275 I MediaCodecsXmlParser: limit: blocks-per-second-range = 1-244800
07-17 10:35:18.894   206   275 I MediaCodecsXmlParser: limit: bitrate-range = 1-20000000
07-17 10:35:18.894   206   275 I MediaCodecsXmlParser: limit: feature-adaptive-playback = 0
07-17 10:35:18.895   206   275 I MediaCodecsXmlParser: limit: max-channel-count = 6
07-17 10:35:18.895   206   275 I MediaCodecsXmlParser: limit: sample-rate-ranges = 8000,11025,12000,16000,22050,24000,32000,44100,48000
07-17 10:35:18.895   206   275 I MediaCodecsXmlParser: limit: bitrate-range = 8000-960000
07-17 10:35:18.895   206   275 I MediaCodecsXmlParser: limit: max-channel-count = 1
07-17 10:35:18.895   206   275 I MediaCodecsXmlParser: limit: sample-rate-ranges = 8000
07-17 10:35:18.895   206   275 I MediaCodecsXmlParser: limit: bitrate-range = 4750-12200
07-17 10:35:18.895   206   275 I MediaCodecsXmlParser: limit: feature-bitrate-modes = CBR
07-17 10:35:18.895   206   275 I MediaCodecsXmlParser: limit: max-channel-count = 1
07-17 10:35:18.895   206   275 I MediaCodecsXmlParser: limit: sample-rate-ranges = 16000
07-17 10:35:18.895   206   275 I MediaCodecsXmlParser: limit: bitrate-range = 6600-23850
07-17 10:35:18.895   206   275 I MediaCodecsXmlParser: limit: feature-bitrate-modes = CBR
07-17 10:35:18.895   206   275 I MediaCodecsXmlParser: limit: max-channel-count = 2
07-17 10:35:18.895   206   275 I MediaCodecsXmlParser: limit: sample-rate-ranges = 1-655350
07-17 10:35:18.895   206   275 I MediaCodecsXmlParser: limit: bitrate-range = 1-21000000
07-17 10:35:18.895   206   275 I MediaCodecsXmlParser: limit: complexity-default = 5
07-17 10:35:18.895   206   275 I MediaCodecsXmlParser: limit: complexity-range = 0-8
07-17 10:35:18.895   206   275 I MediaCodecsXmlParser: limit: feature-bitrate-modes = CQ
07-17 10:35:18.895   206   275 I MediaCodecsXmlParser: limit: max-channel-count = 2
07-17 10:35:18.895   206   275 I MediaCodecsXmlParser: limit: sample-rate-ranges = 8000,12000,16000,24000,48000
07-17 10:35:18.895   206   275 I MediaCodecsXmlParser: limit: bitrate-range = 500-512000
07-17 10:35:18.901   206   275 I MediaCodecsXmlParser: limit: complexity-default = 5
07-17 10:35:18.901   206   275 I MediaCodecsXmlParser: limit: complexity-range = 0-10
07-17 10:35:18.901   206   275 I MediaCodecsXmlParser: limit: feature-bitrate-modes = CBR
07-17 10:35:18.901   206   275 I MediaCodecsXmlParser: limit: size-range = 176x144-176x144
07-17 10:35:18.901   206   275 I MediaCodecsXmlParser: limit: alignment = 16x16
07-17 10:35:18.901   206   275 I MediaCodecsXmlParser: limit: bitrate-range = 1-128000
07-17 10:35:18.901   206   275 I MediaCodecsXmlParser: limit: size-range = 16x16-176x144
07-17 10:35:18.901   206   275 I MediaCodecsXmlParser: limit: alignment = 16x16
07-17 10:35:18.901   206   275 I MediaCodecsXmlParser: limit: block-size = 16x16
07-17 10:35:18.901   206   275 I MediaCodecsXmlParser: limit: blocks-per-second-range = 12-1485
07-17 10:35:18.901   206   275 I MediaCodecsXmlParser: limit: bitrate-range = 1-64000
07-17 10:35:18.902   206   275 I MediaCodecsXmlParser: limit: alignment = 2x2
07-17 10:35:18.902   206   275 I MediaCodecsXmlParser: limit: block-size = 16x16
07-17 10:35:18.902   206   275 I MediaCodecsXmlParser: limit: size-range = 16x16-2048x2048
07-17 10:35:18.902   206   275 I MediaCodecsXmlParser: limit: block-count-range = 1-8192
07-17 10:35:18.902   206   275 I MediaCodecsXmlParser: limit: blocks-per-second-range = 1-245760
07-17 10:35:18.902   206   275 I MediaCodecsXmlParser: limit: bitrate-range = 1-12000000
07-17 10:35:18.902   206   275 I MediaCodecsXmlParser: limit: size-range = 16x16-1808x1808
07-17 10:35:18.902   206   275 I MediaCodecsXmlParser: limit: block-count-range = 1-1620
07-17 10:35:18.902   206   275 I MediaCodecsXmlParser: limit: blocks-per-second-range = 1-40500
07-17 10:35:18.902   206   275 I MediaCodecsXmlParser: limit: bitrate-range = 1-2000000
07-17 10:35:18.902   206   275 I MediaCodecsXmlParser: limit: feature-intra-refresh = 0
07-17 10:35:18.902   206   275 I MediaCodecsXmlParser: limit: alignment = 2x2
07-17 10:35:18.902   206   275 I MediaCodecsXmlParser: limit: block-size = 16x16
07-17 10:35:18.902   206   275 I MediaCodecsXmlParser: limit: size-range = 2x2-2048x2048
07-17 10:35:18.902   206   275 I MediaCodecsXmlParser: limit: block-count-range = 1-16384
07-17 10:35:18.902   206   275 I MediaCodecsXmlParser: limit: bitrate-range = 1-40000000
07-17 10:35:18.902   206   275 I MediaCodecsXmlParser: limit: size-range = 2x2-1280x1280
07-17 10:35:18.902   206   275 I MediaCodecsXmlParser: limit: block-count-range = 1-3600
07-17 10:35:18.902   206   275 I MediaCodecsXmlParser: limit: bitrate-range = 1-20000000
07-17 10:35:18.902   206   275 I MediaCodecsXmlParser: limit: feature-bitrate-modes = VBR,CBR
07-17 10:35:18.902   206   275 I MediaCodecsXmlParser: limit: size-range = 2x2-512x512
07-17 10:35:18.902   206   275 I MediaCodecsXmlParser: limit: alignment = 2x2
07-17 10:35:18.902   206   275 I MediaCodecsXmlParser: limit: block-size = 8x8
07-17 10:35:18.902   206   275 I MediaCodecsXmlParser: limit: block-count-range = 1-4096
07-17 10:35:18.903   206   275 I MediaCodecsXmlParser: limit: blocks-per-second-range = 1-122880
07-17 10:35:18.903   206   275 I MediaCodecsXmlParser: limit: frame-rate-range = 1-120
07-17 10:35:18.903   206   275 I MediaCodecsXmlParser: limit: bitrate-range = 1-10000000
07-17 10:35:18.903   206   275 I MediaCodecsXmlParser: limit: complexity-default = 0
07-17 10:35:18.903   206   275 I MediaCodecsXmlParser: limit: complexity-range = 0-10
07-17 10:35:18.903   206   275 I MediaCodecsXmlParser: limit: quality-scale = linear
07-17 10:35:18.903   206   275 I MediaCodecsXmlParser: limit: quality-default = 80
07-17 10:35:18.903   206   275 I MediaCodecsXmlParser: limit: quality-range = 0-100
07-17 10:35:18.903   206   275 I MediaCodecsXmlParser: limit: feature-bitrate-modes = VBR,CBR,CQ
07-17 10:35:18.903   206   275 I MediaCodecsXmlParser: limit: size-range = 2x2-2048x2048
07-17 10:35:18.903   206   275 I MediaCodecsXmlParser: limit: alignment = 2x2
07-17 10:35:18.903   206   275 I MediaCodecsXmlParser: limit: block-size = 16x16
07-17 10:35:18.903   206   275 I MediaCodecsXmlParser: limit: block-count-range = 1-3600
07-17 10:35:18.903   206   275 I MediaCodecsXmlParser: limit: bitrate-range = 1-40000000
07-17 10:35:18.903   206   275 I MediaCodecsXmlParser: limit: feature-bitrate-modes = VBR,CBR
07-17 10:35:18.903   206   275 D MediaCodecsXmlParser: Cannot find 
07-17 10:35:18.904   206   275 D MediaCodecsXmlParser: Cannot find 
07-17 10:35:18.904   206   275 D MediaCodecsXmlParser: parsing /etc/media_codecs.xml...
07-17 10:35:18.904   206   275 D MediaCodecsXmlParser: parsing /etc/media_codecs_google_audio.xml...
07-17 10:35:18.905   206   275 I MediaCodecsXmlParser: limit: max-channel-count = 2
07-17 10:35:18.905   206   275 I MediaCodecsXmlParser: limit: sample-rate-ranges = 8000,11025,12000,16000,22050,24000,32000,44100,48000
07-17 10:35:18.905   206   275 I MediaCodecsXmlParser: limit: bitrate-range = 8000-320000
07-17 10:35:18.905   206   275 I MediaCodecsXmlParser: limit: max-channel-count = 1
07-17 10:35:18.905   206   275 I MediaCodecsXmlParser: limit: sample-rate-ranges = 8000
07-17 10:35:18.905   206   275 I MediaCodecsXmlParser: limit: bitrate-range = 4750-12200
07-17 10:35:18.905   206   275 I MediaCodecsXmlParser: limit: max-channel-count = 1
07-17 10:35:18.907   206   275 I MediaCodecsXmlParser: limit: sample-rate-ranges = 16000
07-17 10:35:18.907   206   275 I MediaCodecsXmlParser: limit: bitrate-range = 6600-23850
07-17 10:35:18.908   206   275 I MediaCodecsXmlParser: limit: max-channel-count = 8
07-17 10:35:18.908   206   275 I MediaCodecsXmlParser: limit: sample-rate-ranges = 7350,8000,11025,12000,16000,22050,24000,32000,44100,48000
07-17 10:35:18.908   206   275 I MediaCodecsXmlParser: limit: bitrate-range = 8000-960000
07-17 10:35:18.908   206   275 I MediaCodecsXmlParser: limit: max-channel-count = 1
07-17 10:35:18.908   206   275 I MediaCodecsXmlParser: limit: sample-rate-ranges = 8000-48000
07-17 10:35:18.908   206   275 I MediaCodecsXmlParser: limit: bitrate-range = 64000
07-17 10:35:18.908   206   275 I MediaCodecsXmlParser: limit: max-channel-count = 1
07-17 10:35:18.908   206   275 I MediaCodecsXmlParser: limit: sample-rate-ranges = 8000-48000
07-17 10:35:18.908   206   275 I MediaCodecsXmlParser: limit: bitrate-range = 64000
07-17 10:35:18.908   206   275 I MediaCodecsXmlParser: limit: max-channel-count = 8
07-17 10:35:18.908   206   275 I MediaCodecsXmlParser: limit: sample-rate-ranges = 8000-96000
07-17 10:35:18.908   206   275 I MediaCodecsXmlParser: limit: bitrate-range = 32000-500000
07-17 10:35:18.908   206   275 I MediaCodecsXmlParser: limit: max-channel-count = 8
07-17 10:35:18.908   206   275 I MediaCodecsXmlParser: limit: sample-rate-ranges = 48000
07-17 10:35:18.908   206   275 I MediaCodecsXmlParser: limit: bitrate-range = 6000-510000
07-17 10:35:18.908   206   275 I MediaCodecsXmlParser: limit: max-channel-count = 8
07-17 10:35:18.908   206   275 I MediaCodecsXmlParser: limit: sample-rate-ranges = 8000-192000
07-17 10:35:18.908   206   275 I MediaCodecsXmlParser: limit: bitrate-range = 1-10000000
07-17 10:35:18.908   206   275 I MediaCodecsXmlParser: limit: max-channel-count = 8
07-17 10:35:18.908   206   275 I MediaCodecsXmlParser: limit: sample-rate-ranges = 1-655350
07-17 10:35:18.908   206   275 I MediaCodecsXmlParser: limit: bitrate-range = 1-21000000
07-17 10:35:18.908   206   275 I MediaCodecsXmlParser: limit: max-channel-count = 6
07-17 10:35:18.908   206   275 I MediaCodecsXmlParser: limit: sample-rate-ranges = 8000,11025,12000,16000,22050,24000,32000,44100,48000
07-17 10:35:18.908   206   275 I MediaCodecsXmlParser: limit: bitrate-range = 8000-960000
07-17 10:35:18.908   206   275 I MediaCodecsXmlParser: limit: max-channel-count = 1
07-17 10:35:18.909   206   275 I MediaCodecsXmlParser: limit: sample-rate-ranges = 8000
07-17 10:35:18.909   206   275 I MediaCodecsXmlParser: limit: bitrate-range = 4750-12200
07-17 10:35:18.909   206   275 I MediaCodecsXmlParser: limit: feature-bitrate-modes = CBR
07-17 10:35:18.909   206   275 I MediaCodecsXmlParser: limit: max-channel-count = 1
07-17 10:35:18.909   206   275 I MediaCodecsXmlParser: limit: sample-rate-ranges = 16000
07-17 10:35:18.909   206   275 I MediaCodecsXmlParser: limit: bitrate-range = 6600-23850
07-17 10:35:18.909   206   275 I MediaCodecsXmlParser: limit: feature-bitrate-modes = CBR
07-17 10:35:18.909   206   275 I MediaCodecsXmlParser: limit: max-channel-count = 2
07-17 10:35:18.909   206   275 I MediaCodecsXmlParser: limit: sample-rate-ranges = 1-655350
07-17 10:35:18.909   206   275 I MediaCodecsXmlParser: limit: bitrate-range = 1-21000000
07-17 10:35:18.909   206   275 I MediaCodecsXmlParser: limit: complexity-default = 5
07-17 10:35:18.909   206   275 I MediaCodecsXmlParser: limit: complexity-range = 0-8
07-17 10:35:18.909   206   275 I MediaCodecsXmlParser: limit: feature-bitrate-modes = CQ
07-17 10:35:18.909   206   275 D MediaCodecsXmlParser: parsing /etc/media_codecs_google_telephony.xml...
07-17 10:35:18.909   206   275 I MediaCodecsXmlParser: limit: max-channel-count = 1
07-17 10:35:18.909   206   275 I MediaCodecsXmlParser: limit: sample-rate-ranges = 8000
07-17 10:35:18.909   206   275 I MediaCodecsXmlParser: limit: bitrate-range = 13000
07-17 10:35:18.909   206   275 D MediaCodecsXmlParser: parsing /etc/media_codecs_google_video.xml...
07-17 10:35:18.910   206   275 I MediaCodecsXmlParser: limit: size-range = 2x2-352x288
07-17 10:35:18.910   206   275 I MediaCodecsXmlParser: limit: alignment = 2x2
07-17 10:35:18.910   206   275 I MediaCodecsXmlParser: limit: block-size = 16x16
07-17 10:35:18.910   206   275 I MediaCodecsXmlParser: limit: blocks-per-second-range = 12-11880
07-17 10:35:18.910   206   275 I MediaCodecsXmlParser: limit: bitrate-range = 1-384000
07-17 10:35:18.910   206   275 I MediaCodecsXmlParser: limit: feature-adaptive-playback = 0
07-17 10:35:18.910   206   275 I MediaCodecsXmlParser: limit: size-range = 2x2-352x288
07-17 10:35:18.910   206   275 I MediaCodecsXmlParser: limit: alignment = 2x2
07-17 10:35:18.910   206   275 I MediaCodecsXmlParser: limit: bitrate-range = 1-384000
07-17 10:35:18.910   206   275 I MediaCodecsXmlParser: limit: feature-adaptive-playback = 0
07-17 10:35:18.910   206   275 I MediaCodecsXmlParser: limit: size-range = 2x2-4080x4080
07-17 10:35:18.910   206   275 I MediaCodecsXmlParser: limit: alignment = 2x2
07-17 10:35:18.910   206   275 I MediaCodecsXmlParser: limit: block-size = 16x16
07-17 10:35:18.910   206   275 I MediaCodecsXmlParser: limit: block-count-range = 1-32768
07-17 10:35:18.910   206   275 I MediaCodecsXmlParser: limit: blocks-per-second-range = 1-1966080
07-17 10:35:18.910   206   275 I MediaCodecsXmlParser: limit: bitrate-range = 1-48000000
07-17 10:35:18.910   206   275 I MediaCodecsXmlParser: limit: feature-adaptive-playback = 0
07-17 10:35:18.910   206   275 I MediaCodecsXmlParser: limit: size-range = 2x2-4096x4096
07-17 10:35:18.910   206   275 I MediaCodecsXmlParser: limit: alignment = 2x2
07-17 10:35:18.910   206   275 I MediaCodecsXmlParser: limit: block-size = 8x8
07-17 10:35:18.910   206   275 I MediaCodecsXmlParser: limit: block-count-range = 1-196608
07-17 10:35:18.910   206   275 I MediaCodecsXmlParser: limit: blocks-per-second-range = 1-2000000
07-17 10:35:18.910   206   275 I MediaCodecsXmlParser: limit: bitrate-range = 1-10000000
07-17 10:35:18.910   206   275 I MediaCodecsXmlParser: limit: feature-adaptive-playback = 0
07-17 10:35:18.910   206   275 I MediaCodecsXmlParser: limit: size-range = 2x2-2048x2048
07-17 10:35:18.910   206   275 I MediaCodecsXmlParser: limit: alignment = 2x2
07-17 10:35:18.910   206   275 I MediaCodecsXmlParser: limit: block-size = 16x16
07-17 10:35:18.911   206   275 I MediaCodecsXmlParser: limit: block-count-range = 1-16384
07-17 10:35:18.911   206   275 I MediaCodecsXmlParser: limit: blocks-per-second-range = 1-1000000
07-17 10:35:18.911   206   275 I MediaCodecsXmlParser: limit: bitrate-range = 1-40000000
07-17 10:35:18.911   206   275 I MediaCodecsXmlParser: limit: feature-adaptive-playback = 0
07-17 10:35:18.911   206   275 I MediaCodecsXmlParser: limit: size-range = 2x2-2048x2048
07-17 10:35:18.911   206   275 I MediaCodecsXmlParser: limit: alignment = 2x2
07-17 10:35:18.911   206   275 I MediaCodecsXmlParser: limit: block-size = 16x16
07-17 10:35:18.911   206   275 I MediaCodecsXmlParser: limit: block-count-range = 1-16384
07-17 10:35:18.911   206   275 I MediaCodecsXmlParser: limit: blocks-per-second-range = 1-500000
07-17 10:35:18.911   206   275 I MediaCodecsXmlParser: limit: bitrate-range = 1-40000000
07-17 10:35:18.911   206   275 I MediaCodecsXmlParser: limit: feature-adaptive-playback = 0
07-17 10:35:18.911   206   275 I MediaCodecsXmlParser: limit: size-range = 176x144-176x144
07-17 10:35:18.911   206   275 I MediaCodecsXmlParser: limit: alignment = 16x16
07-17 10:35:18.911   206   275 I MediaCodecsXmlParser: limit: bitrate-range = 1-128000
07-17 10:35:18.911   206   275 I MediaCodecsXmlParser: limit: size-range = 16x16-2048x2048
07-17 10:35:18.911   206   275 I MediaCodecsXmlParser: limit: alignment = 2x2
07-17 10:35:18.911   206   275 I MediaCodecsXmlParser: limit: block-size = 16x16
07-17 10:35:18.911   206   275 I MediaCodecsXmlParser: limit: block-count-range = 1-8192
07-17 10:35:18.911   206   275 I MediaCodecsXmlParser: limit: blocks-per-second-range = 1-245760
07-17 10:35:18.911   206   275 I MediaCodecsXmlParser: limit: bitrate-range = 1-12000000
07-17 10:35:18.911   206   275 I MediaCodecsXmlParser: limit: feature-intra-refresh = 0
07-17 10:35:18.911   206   275 I MediaCodecsXmlParser: limit: size-range = 16x16-176x144
07-17 10:35:18.911   206   275 I MediaCodecsXmlParser: limit: alignment = 16x16
07-17 10:35:18.911   206   275 I MediaCodecsXmlParser: limit: block-size = 16x16
07-17 10:35:18.911   206   275 I MediaCodecsXmlParser: limit: blocks-per-second-range = 12-1485
07-17 10:35:18.911   206   275 I MediaCodecsXmlParser: limit: bitrate-range = 1-64000
07-17 10:35:18.911   206   275 I MediaCodecsXmlParser: limit: size-range = 2x2-2048x2048
07-17 10:35:18.912   206   275 I MediaCodecsXmlParser: limit: alignment = 2x2
07-17 10:35:18.912   206   275 I MediaCodecsXmlParser: limit: block-size = 16x16
07-17 10:35:18.912   206   275 I MediaCodecsXmlParser: limit: block-count-range = 1-16384
07-17 10:35:18.912   206   275 I MediaCodecsXmlParser: limit: bitrate-range = 1-40000000
07-17 10:35:18.912   206   275 I MediaCodecsXmlParser: limit: feature-bitrate-modes = VBR,CBR
07-17 10:35:18.912   206   275 I MediaCodecsXmlParser: limit: size-range = 2x2-2048x2048
07-17 10:35:18.912   206   275 I MediaCodecsXmlParser: limit: alignment = 2x2
07-17 10:35:18.912   206   275 I MediaCodecsXmlParser: limit: block-size = 16x16
07-17 10:35:18.912   206   275 I MediaCodecsXmlParser: limit: block-count-range = 1-3600
07-17 10:35:18.912   206   275 I MediaCodecsXmlParser: limit: bitrate-range = 1-40000000
07-17 10:35:18.912   206   275 I MediaCodecsXmlParser: limit: feature-bitrate-modes = VBR,CBR
07-17 10:35:18.912   206   275 D MediaCodecsXmlParser: Cannot find 
07-17 10:35:18.913   212   281 V C2Store : in init
07-17 10:35:18.913   212   281 V C2Store : loading dll
07-17 10:35:18.922   206   275 I Codec2InfoBuilder: adding type 'audio/mp4a-latm'
07-17 10:35:18.927   212   281 V C2Store : in init
07-17 10:35:18.927   212   281 V C2Store : loading dll
07-17 10:35:18.928   212   212 V C2Store : in ~ComponentModule
07-17 10:35:18.928   212   212 V C2Store : unloading dll
07-17 10:35:18.933   206   275 I Codec2InfoBuilder: adding type 'audio/mp4a-latm'
07-17 10:35:18.936   212   281 V C2Store : in init
07-17 10:35:18.936   212   281 V C2Store : loading dll
07-17 10:35:18.936   212   681 V C2Store : in ~ComponentModule
07-17 10:35:18.936   212   681 V C2Store : unloading dll
07-17 10:35:18.940   206   275 I Codec2InfoBuilder: adding type 'audio/3gpp'
07-17 10:35:18.940   212   212 V C2Store : in init
07-17 10:35:18.941   212   212 V C2Store : loading dll
07-17 10:35:18.941   212   281 V C2Store : in ~ComponentModule
07-17 10:35:18.941   212   281 V C2Store : unloading dll
07-17 10:35:18.941   164   164 I netd    : trafficSwapActiveStatsMap() <57.14ms>
07-17 10:35:18.948   164   164 I netd    : tetherGetStats() <4.60ms>
07-17 10:35:18.948   206   275 I Codec2InfoBuilder: adding type 'audio/3gpp'
07-17 10:35:18.950   212   682 V C2Store : in init
07-17 10:35:18.950   212   682 V C2Store : loading dll
07-17 10:35:18.951   212   212 V C2Store : in ~ComponentModule
07-17 10:35:18.951   212   212 V C2Store : unloading dll
07-17 10:35:18.960   206   275 I Codec2InfoBuilder: adding type 'audio/amr-wb'
07-17 10:35:18.962   212   683 V C2Store : in ~ComponentModule
07-17 10:35:18.962   212   281 V C2Store : in init
07-17 10:35:18.962   212   281 V C2Store : loading dll
07-17 10:35:18.962   212   683 V C2Store : unloading dll
07-17 10:35:18.967   312   415 D ConnectivityService: Sending CONNECTED broadcast for type 9 NetworkAgentInfo [Ethernet () - 100] isDefaultNetwork=true
07-17 10:35:18.969   164   164 I Binder:164_3: type=1400 audit(0.0:23): avc: denied { associate } for name="globalAlert" scontext=u:object_r:proc_net:s0 tcontext=u:object_r:proc:s0 tclass=filesystem permissive=1
07-17 10:35:18.973   206   275 I Codec2InfoBuilder: adding type 'audio/amr-wb'
07-17 10:35:18.973   212   682 V C2Store : in init
07-17 10:35:18.973   212   682 V C2Store : loading dll
07-17 10:35:18.974   212   683 V C2Store : in ~ComponentModule
07-17 10:35:18.974   212   683 V C2Store : unloading dll
07-17 10:35:18.979   164   164 I netd    : bandwidthSetGlobalAlert(2097152) <0.88ms>
07-17 10:35:18.982   206   275 I Codec2InfoBuilder: adding type 'video/av01'
07-17 10:35:18.982   312   519 I chatty  : uid=1000(system) NetworkTimeUpda expire 4 lines
07-17 10:35:18.985   312   312 I SyncManager: Loaded persisted syncs: 0 periodic syncs, 0 oneshot syncs, 9 total system server jobs, JobStats: FirstLoad: 0/0/0 LastSave: -1/-1/-1
07-17 10:35:18.988   534   534 D StrictMode: StrictMode policy violation: android.os.strictmode.UntaggedSocketViolation: Untagged socket detected; use TrafficStats.setThreadSocketTag() to track all network usage
07-17 10:35:18.988   534   534 D StrictMode: 	at android.os.StrictMode.onUntaggedSocket(StrictMode.java:2124)
07-17 10:35:18.988   534   534 D StrictMode: 	at com.android.server.NetworkManagementSocketTagger.tag(NetworkManagementSocketTagger.java:82)
07-17 10:35:18.988   534   534 D StrictMode: 	at libcore.io.BlockGuardOs.tagSocket(BlockGuardOs.java:52)
07-17 10:35:18.988   534   534 D StrictMode: 	at libcore.io.BlockGuardOs.socket(BlockGuardOs.java:372)
07-17 10:35:18.988   534   534 D StrictMode: 	at libcore.io.ForwardingOs.socket(ForwardingOs.java:217)
07-17 10:35:18.988   534   534 D StrictMode: 	at android.system.Os.socket(Os.java:638)
07-17 10:35:18.988   534   534 D StrictMode: 	at android.net.util.DnsUtils.findSrcAddress(DnsUtils.java:168)
07-17 10:35:18.988   534   534 D StrictMode: 	at android.net.util.DnsUtils.lambda$rfc6724Sort$0(DnsUtils.java:146)
07-17 10:35:18.988   534   534 D StrictMode: 	at android.net.util.-$$Lambda$DnsUtils$E7rjA1PKdcqMJSVvye8jaivYDec.accept(Unknown Source:6)
07-17 10:35:18.988   534   534 D StrictMode: 	at java.util.ArrayList.forEach(ArrayList.java:1262)
07-17 10:35:18.988   534   534 D StrictMode: 	at android.net.util.DnsUtils.rfc6724Sort(DnsUtils.java:145)
07-17 10:35:18.988   534   534 D StrictMode: 	at android.net.DnsResolver$InetAddressAnswerAccumulator.maybeReportAnswer(DnsResolver.java:281)
07-17 10:35:18.988   534   534 D StrictMode: 	at android.net.DnsResolver$InetAddressAnswerAccumulator.onAnswer(DnsResolver.java:296)
07-17 10:35:18.988   534   534 D StrictMode: 	at android.net.DnsResolver$InetAddressAnswerAccumulator.onAnswer(DnsResolver.java:249)
07-17 10:35:18.988   534   534 D StrictMode: 	at android.net.DnsResolver.lambda$registerFDListener$8(DnsResolver.java:502)
07-17 10:35:18.988   534   534 D StrictMode: 	at android.net.-$$Lambda$DnsResolver$hIO7FFv0AXN6Nj0Dzka-LD8S870.run(Unknown Source:8)
07-17 10:35:18.988   534   534 D StrictMode: 	at com.android.networkstack.util.DnsUtils.lambda$getAllByName$0(DnsUtils.java:109)
07-17 10:35:18.988   534   534 D StrictMode: 	at com.android.networkstack.util.-$$Lambda$DnsUtils$wfjeqM32iamO5uPDgvFfb-CPZOg.execute(Unknown Source:0)
07-17 10:35:18.988   534   534 D StrictMode: 	at android.net.DnsResolver.lambda$registerFDListener$9(DnsResolver.java:484)
07-17 10:35:18.988   534   534 D StrictMode: 	at android.net.-$$Lambda$DnsResolver$kxKi6qjPYeR_SIipxW4tYpxyM50.onFileDescriptorEvents(Unknown Source:12)
07-17 10:35:18.988   534   534 D StrictMode: 	at android.os.MessageQueue.dispatchEvents(MessageQueue.java:294)
07-17 10:35:18.988   534   534 D StrictMode: 	at android.os.MessageQueue.nativePollOnce(Native Method)
07-17 10:35:18.988   534   534 D StrictMode: 	at android.os.MessageQueue.next(MessageQueue.java:336)
07-17 10:35:18.988   534   534 D StrictMode: 	at android.os.Looper.loop(Looper.java:174)
07-17 10:35:18.988   534   534 D StrictMode: 	at android.app.ActivityThread.main(ActivityThread.java:7356)
07-17 10:35:18.988   534   534 D StrictMode: 	at java.lang.reflect.Method.invoke(Native Method)
07-17 10:35:18.988   534   534 D StrictMode: 	at com.android.internal.os.RuntimeInit$MethodAndArgsCaller.run(RuntimeInit.java:492)
07-17 10:35:18.988   534   534 D StrictMode: 	at com.android.internal.os.ZygoteInit.main(ZygoteInit.java:930)
07-17 10:35:18.990   164   164 I netd    : bandwidthSetGlobalAlert(2097152) <0.31ms>
07-17 10:35:18.995   534   680 D NetworkMonitor/100: PROBE_DNS connectivitycheck.gstatic.com 122ms OK 142.251.42.227
07-17 10:35:18.998   534   534 D StrictMode: StrictMode policy violation: android.os.strictmode.UntaggedSocketViolation: Untagged socket detected; use TrafficStats.setThreadSocketTag() to track all network usage
07-17 10:35:18.998   534   534 D StrictMode: 	at android.os.StrictMode.onUntaggedSocket(StrictMode.java:2124)
07-17 10:35:18.998   534   534 D StrictMode: 	at com.android.server.NetworkManagementSocketTagger.tag(NetworkManagementSocketTagger.java:82)
07-17 10:35:18.998   534   534 D StrictMode: 	at libcore.io.BlockGuardOs.tagSocket(BlockGuardOs.java:52)
07-17 10:35:18.998   534   534 D StrictMode: 	at libcore.io.BlockGuardOs.socket(BlockGuardOs.java:372)
07-17 10:35:18.998   534   534 D StrictMode: 	at libcore.io.ForwardingOs.socket(ForwardingOs.java:217)
07-17 10:35:18.998   534   534 D StrictMode: 	at android.system.Os.socket(Os.java:638)
07-17 10:35:18.998   534   534 D StrictMode: 	at android.net.util.DnsUtils.findSrcAddress(DnsUtils.java:168)
07-17 10:35:18.998   534   534 D StrictMode: 	at android.net.util.DnsUtils.lambda$rfc6724Sort$0(DnsUtils.java:146)
07-17 10:35:18.998   534   534 D StrictMode: 	at android.net.util.-$$Lambda$DnsUtils$E7rjA1PKdcqMJSVvye8jaivYDec.accept(Unknown Source:6)
07-17 10:35:18.998   534   534 D StrictMode: 	at java.util.ArrayList.forEach(ArrayList.java:1262)
07-17 10:35:18.998   534   534 D StrictMode: 	at android.net.util.DnsUtils.rfc6724Sort(DnsUtils.java:145)
07-17 10:35:18.998   534   534 D StrictMode: 	at android.net.DnsResolver$InetAddressAnswerAccumulator.maybeReportAnswer(DnsResolver.java:281)
07-17 10:35:18.998   534   534 D StrictMode: 	at android.net.DnsResolver$InetAddressAnswerAccumulator.onAnswer(DnsResolver.java:296)
07-17 10:35:18.998   534   534 D StrictMode: 	at android.net.DnsResolver$InetAddressAnswerAccumulator.onAnswer(DnsResolver.java:249)
07-17 10:35:18.998   534   534 D StrictMode: 	at android.net.DnsResolver.lambda$registerFDListener$8(DnsResolver.java:502)
07-17 10:35:18.998   534   534 D StrictMode: 	at android.net.-$$Lambda$DnsResolver$hIO7FFv0AXN6Nj0Dzka-LD8S870.run(Unknown Source:8)
07-17 10:35:18.998   534   534 D StrictMode: 	at com.android.networkstack.util.DnsUtils.lambda$getAllByName$0(DnsUtils.java:109)
07-17 10:35:18.998   534   534 D StrictMode: 	at com.android.networkstack.util.-$$Lambda$DnsUtils$wfjeqM32iamO5uPDgvFfb-CPZOg.execute(Unknown Source:0)
07-17 10:35:18.998   534   534 D StrictMode: 	at android.net.DnsResolver.lambda$registerFDListener$9(DnsResolver.java:484)
07-17 10:35:18.998   534   534 D StrictMode: 	at android.net.-$$Lambda$DnsResolver$kxKi6qjPYeR_SIipxW4tYpxyM50.onFileDescriptorEvents(Unknown Source:12)
07-17 10:35:18.998   534   534 D StrictMode: 	at android.os.MessageQueue.dispatchEvents(MessageQueue.java:294)
07-17 10:35:18.998   534   534 D StrictMode: 	at android.os.MessageQueue.nativePollOnce(Native Method)
07-17 10:35:18.998   534   534 D StrictMode: 	at android.os.MessageQueue.next(MessageQueue.java:336)
07-17 10:35:18.998   534   534 D StrictMode: 	at android.os.Looper.loop(Looper.java:174)
07-17 10:35:18.998   534   534 D StrictMode: 	at android.app.ActivityThread.main(ActivityThread.java:7356)
07-17 10:35:18.998   534   534 D StrictMode: 	at java.lang.reflect.Method.invoke(Native Method)
07-17 10:35:18.998   534   534 D StrictMode: 	at com.android.internal.os.RuntimeInit$MethodAndArgsCaller.run(RuntimeInit.java:492)
07-17 10:35:18.998   534   534 D StrictMode: 	at com.android.internal.os.ZygoteInit.main(ZygoteInit.java:930)
07-17 10:35:18.998   212   281 V C2Store : in init
07-17 10:35:18.998   212   281 V C2Store : loading dll
07-17 10:35:18.998   212   212 V C2Store : in ~ComponentModule
07-17 10:35:18.999   212   212 V C2Store : unloading dll
07-17 10:35:19.005   534   679 D NetworkMonitor/100: PROBE_DNS www.google.com 133ms OK 172.217.160.68
07-17 10:35:19.006   455   673 I vol.Events: writeEvent level_changed STREAM_VOICE_CALL 2
07-17 10:35:19.012   206   275 I Codec2InfoBuilder: adding type 'video/avc'
07-17 10:35:19.014   455   673 I vol.Events: writeEvent level_changed STREAM_SYSTEM 1
07-17 10:35:19.015   534   680 D NetworkSecurityConfig: No Network Security Config specified, using platform default
07-17 10:35:19.017   455   673 I vol.Events: writeEvent level_changed STREAM_RING 1
07-17 10:35:19.020   455   673 I vol.Events: writeEvent level_changed STREAM_MUSIC 3
07-17 10:35:19.021   212   683 V C2Store : in init
07-17 10:35:19.021   164   689 E ResolverController: No valid NAT64 prefix (100, <unspecified>/0)
07-17 10:35:19.021   212   683 V C2Store : loading dll
07-17 10:35:19.022   212   281 V C2Store : in ~ComponentModule
07-17 10:35:19.022   212   281 V C2Store : unloading dll
07-17 10:35:19.023   212   683 I /apex/com.android.media.swcodec/bin/mediaswcodec: missing struct descriptor #Param::CoreIndex(--004) for field values of struct #Param::CoreIndex(F-12004)
07-17 10:35:19.025   164   687 E ResolverController: No valid NAT64 prefix (100, <unspecified>/0)
07-17 10:35:19.026   212   683 I /apex/com.android.media.swcodec/bin/mediaswcodec: missing struct descriptor #Param::CoreIndex(--004) for field values of struct #Param::CoreIndex(F-12004)
07-17 10:35:19.032   455   673 I vol.Events: writeEvent level_changed STREAM_ALARM 2
07-17 10:35:19.035   206   275 I Codec2InfoBuilder: adding type 'video/avc'
07-17 10:35:19.037   455   673 I vol.Events: writeEvent level_changed STREAM_BLUETOOTH_SCO 3
07-17 10:35:19.038   164   690 E ResolverController: No valid NAT64 prefix (100, <unspecified>/0)
07-17 10:35:19.048   212   281 V C2Store : in ~ComponentModule
07-17 10:35:19.048   212   212 V C2Store : in init
07-17 10:35:19.048   212   281 V C2Store : unloading dll
07-17 10:35:19.048   212   212 V C2Store : loading dll
07-17 15:20:56.257   534   680 D NetworkMonitor/100: PROBE_HTTP http://connectivitycheck.gstatic.com/generate_204 time=38ms ret=204 request={Connection=[close], User-Agent=[Mozilla/5.0 (X11; Linux x86_64) AppleWebKit/537.36 (KHTML, like Gecko) Chrome/60.0.3112.32 Safari/537.36]} headers={null=[HTTP/1.1 204 No Content], Connection=[close], Content-Length=[0], Date=[Sun, 17 Jul 2022 15:20:56 GMT], X-Android-Received-Millis=[1658071256255], X-Android-Response-Source=[NETWORK 204], X-Android-Selected-Protocol=[http/1.1], X-Android-Sent-Millis=[1658054119042]}
07-17 15:20:56.260   206   275 I Codec2InfoBuilder: adding type 'audio/flac'
07-17 15:20:56.260   312   312 W SyncManager: Clock is valid now.
07-17 15:20:56.260   312   312 D ConditionProviders.SCP: onReceive android.intent.action.TIME_SET
07-17 15:20:56.261   312   312 D ConditionProviders.SCP: evaluateSubscriptionLocked cal=ScheduleCalendar[mDays={1, 2, 3, 4, 5, 6, 7}, mSchedule=ScheduleInfo{days=[1, 2, 3, 4, 5, 6, 7], startHour=22, startMinute=0, endHour=7, endMinute=0, exitAtAlarm=true, nextAlarm=Thu Jan 01 00:00:00 GMT 1970 (0)}], now=Sun Jul 17 15:20:56 GMT 2022 (1658071256260), nextUserAlarmTime=Thu Jan 01 00:00:00 GMT 1970 (0)
07-17 15:20:56.261   312   312 D ConditionProviders.SCP: notifyCondition condition://android/schedule?days=1.2.3.4.5.6.7&start=22.0&end=7.0&exitAtAlarm=true STATE_FALSE reason=!meetsSchedule
07-17 15:20:56.262   312   312 D ConditionProviders.SCP: Scheduling evaluate for Sun Jul 17 22:00:00 GMT 2022 (1658095200000), in +6h39m3s740ms, now=Sun Jul 17 15:20:56 GMT 2022 (1658071256260)
07-17 15:20:56.264   455   673 I vol.Events: writeEvent zen_mode_config_changed [disallowAlarms=false disallowMedia=false disallowSystem=true disallowRinger=false]
07-17 15:20:56.265   212   281 V C2Store : in init
07-17 15:20:56.265   212   281 V C2Store : loading dll
07-17 15:20:56.266   212   212 V C2Store : in ~ComponentModule
07-17 15:20:56.266   212   212 V C2Store : unloading dll
07-17 15:20:56.271   206   275 I Codec2InfoBuilder: adding type 'audio/flac'
07-17 15:20:56.271   312   421 E ActivityThread: Failed to find provider info for com.android.calendar
07-17 15:20:56.272   212   212 V C2Store : in ~ComponentModule
07-17 15:20:56.272   212   212 V C2Store : unloading dll
07-17 15:20:56.272   212   681 V C2Store : in init
07-17 15:20:56.272   212   681 V C2Store : loading dll
07-17 15:20:56.272   312   421 E ActivityThread: Failed to find provider info for com.android.calendar
07-17 15:20:56.276   206   275 I Codec2InfoBuilder: adding type 'audio/g711-alaw'
07-17 15:20:56.277   212   682 V C2Store : in init
07-17 15:20:56.277   212   682 V C2Store : loading dll
07-17 15:20:56.277   212   212 V C2Store : in ~ComponentModule
07-17 15:20:56.277   212   212 V C2Store : unloading dll
07-17 15:20:56.281   206   275 I Codec2InfoBuilder: adding type 'audio/g711-mlaw'
07-17 15:20:56.282   212   212 V C2Store : in init
07-17 15:20:56.283   212   681 V C2Store : in ~ComponentModule
07-17 15:20:56.283   212   212 V C2Store : loading dll
07-17 15:20:56.283   212   681 V C2Store : unloading dll
07-17 15:20:56.286   455   455 D SystemUIBootTiming: StartServicescom.android.systemui.volume.VolumeUI took to complete: 390ms
07-17 15:20:56.287   455   455 W SystemUIService: Initialization of com.android.systemui.volume.VolumeUI took 17137591 ms
07-17 15:20:56.291   206   275 D Codec2InfoBuilder: codec entry for 'c2.android.gsm.decoder' is disabled
07-17 15:20:56.291   212   281 V C2Store : in init
07-17 15:20:56.291   212   281 V C2Store : loading dll
07-17 15:20:56.291   212   212 V C2Store : in ~ComponentModule
07-17 15:20:56.291   212   212 V C2Store : unloading dll
07-17 15:20:56.297   180   695 I adbd    : host-11: read thread spawning
07-17 15:20:56.297   180   695 I adbd    : host-11: read failed: Success
07-17 15:20:56.297   180   695 I adbd    : host-11: connection terminated: read failed
07-17 15:20:56.297   180   180 I adbd    : host-11: already offline
07-17 15:20:56.297   180   180 I adbd    : destroying transport host-11
07-17 15:20:56.297   180   180 I adbd    : BlockingConnectionAdapter(host-11): stopping
07-17 15:20:56.298   206   275 I Codec2InfoBuilder: adding type 'video/3gpp'
07-17 15:20:56.298   180   696 I adbd    : host-11: write thread spawning
07-17 15:20:56.299   180   180 I adbd    : BlockingConnectionAdapter(host-11): stopped
07-17 15:20:56.299   180   180 I adbd    : BlockingConnectionAdapter(host-11): destructing
07-17 15:20:56.299   180   180 I adbd    : BlockingConnectionAdapter(host-11): already stopped
07-17 15:20:56.301   212   681 V C2Store : in init
07-17 15:20:56.301   212   681 V C2Store : loading dll
07-17 15:20:56.302   212   212 V C2Store : in ~ComponentModule
07-17 15:20:56.302   212   212 V C2Store : unloading dll
07-17 15:20:56.308   206   275 I Codec2InfoBuilder: adding type 'video/3gpp'
07-17 15:20:56.311   212   694 V C2Store : in init
07-17 15:20:56.311   212   694 V C2Store : loading dll
07-17 15:20:56.311   212   212 V C2Store : in ~ComponentModule
07-17 15:20:56.311   212   212 V C2Store : unloading dll
07-17 15:20:56.318   206   275 I Codec2InfoBuilder: adding type 'video/hevc'
07-17 15:20:56.319   312   333 I DropBoxManagerService: add tag=system_app_strictmode isTagEnabled=true flags=0x2
07-17 15:20:56.323   212   281 V C2Store : in init
07-17 15:20:56.324   212   281 V C2Store : loading dll
07-17 15:20:56.324   212   212 V C2Store : in ~ComponentModule
07-17 15:20:56.324   212   212 V C2Store : unloading dll
07-17 15:20:56.327   212   281 D C2SoftHevcEnc: Given level 6000 does not cover current configuration: adjusting to 6001
07-17 15:20:56.329   312   333 I DropBoxManagerService: add tag=system_app_strictmode isTagEnabled=true flags=0x2
07-17 15:20:56.330   212   281 D C2SoftHevcEnc: Given level 6000 does not cover current configuration: adjusting to 6001
07-17 15:20:56.332   206   275 I Codec2InfoBuilder: adding type 'video/hevc'
07-17 15:20:56.337   212   681 V C2Store : in init
07-17 15:20:56.337   212   681 V C2Store : loading dll
07-17 15:20:56.337   212   212 V C2Store : in ~ComponentModule
07-17 15:20:56.337   212   212 V C2Store : unloading dll
07-17 15:20:56.343   206   275 I Codec2InfoBuilder: adding type 'audio/mpeg'
07-17 15:20:56.344   212   281 V C2Store : in init
07-17 15:20:56.344   212   281 V C2Store : loading dll
07-17 15:20:56.344   212   212 V C2Store : in ~ComponentModule
07-17 15:20:56.344   212   212 V C2Store : unloading dll
07-17 15:20:56.352   206   275 D Codec2InfoBuilder: codec entry for 'c2.android.mpeg2.decoder' is disabled
07-17 15:20:56.352   212   682 V C2Store : in init
07-17 15:20:56.352   212   682 V C2Store : loading dll
07-17 15:20:56.354   212   212 V C2Store : in ~ComponentModule
07-17 15:20:56.354   212   212 V C2Store : unloading dll
07-17 15:20:56.359   206   275 I Codec2InfoBuilder: adding type 'video/mp4v-es'
07-17 15:20:56.361   212   694 V C2Store : in init
07-17 15:20:56.362   212   694 V C2Store : loading dll
07-17 15:20:56.362   212   212 V C2Store : in ~ComponentModule
07-17 15:20:56.362   212   212 V C2Store : unloading dll
07-17 15:20:56.371   206   275 I Codec2InfoBuilder: adding type 'video/mp4v-es'
07-17 15:20:56.374   212   683 V C2Store : in ~ComponentModule
07-17 15:20:56.374   212   683 V C2Store : unloading dll
07-17 15:20:56.375   212   281 V C2Store : in init
07-17 15:20:56.375   212   281 V C2Store : loading dll
07-17 15:20:56.379   206   275 I Codec2InfoBuilder: adding type 'audio/opus'
07-17 15:20:56.379   212   681 V C2Store : in init
07-17 15:20:56.379   212   681 V C2Store : loading dll
07-17 15:20:56.380   212   694 V C2Store : in ~ComponentModule
07-17 15:20:56.380   212   694 V C2Store : unloading dll
07-17 15:20:56.384   206   275 I Codec2InfoBuilder: adding type 'audio/opus'
07-17 15:20:56.384   212   683 V C2Store : in init
07-17 15:20:56.385   212   683 V C2Store : loading dll
07-17 15:20:56.385   212   694 V C2Store : in ~ComponentModule
07-17 15:20:56.385   212   694 V C2Store : unloading dll
07-17 15:20:56.389   206   275 I Codec2InfoBuilder: adding type 'audio/raw'
07-17 15:20:56.390   212   694 V C2Store : in init
07-17 15:20:56.390   212   694 V C2Store : loading dll
07-17 15:20:56.390   212   681 V C2Store : in ~ComponentModule
07-17 15:20:56.390   212   681 V C2Store : unloading dll
07-17 15:20:56.394   206   275 I Codec2InfoBuilder: adding type 'audio/vorbis'
07-17 15:20:56.394   212   697 V C2Store : in init
07-17 15:20:56.394   212   697 V C2Store : loading dll
07-17 15:20:56.401   212   694 V C2Store : in ~ComponentModule
07-17 15:20:56.401   212   694 V C2Store : unloading dll
07-17 15:20:56.403   206   275 I Codec2InfoBuilder: adding type 'video/x-vnd.on2.vp8'
07-17 15:20:56.406   212   281 V C2Store : in init
07-17 15:20:56.406   212   281 V C2Store : loading dll
07-17 15:20:56.406   212   694 V C2Store : in ~ComponentModule
07-17 15:20:56.406   212   694 V C2Store : unloading dll
07-17 15:20:56.408   212   281 I C2SoftVp8Enc: setting temporal layering 0 + 0
07-17 15:20:56.411   212   281 I C2SoftVp8Enc: setting temporal layering 0 + 0
07-17 15:20:56.416   206   275 I Codec2InfoBuilder: adding type 'video/x-vnd.on2.vp8'
07-17 15:20:56.419   212   697 V C2Store : in init
07-17 15:20:56.419   212   697 V C2Store : loading dll
07-17 15:20:56.424   212   281 V C2Store : in ~ComponentModule
07-17 15:20:56.424   212   281 V C2Store : unloading dll
07-17 15:20:56.426   206   275 I Codec2InfoBuilder: adding type 'video/x-vnd.on2.vp9'
07-17 15:20:56.427   455   455 D SystemUIBootTiming: StartServicescom.android.systemui.stackdivider.Divider took to complete: 141ms
07-17 15:20:56.430   212   681 V C2Store : in init
07-17 15:20:56.430   212   681 V C2Store : loading dll
07-17 15:20:56.431   212   697 V C2Store : in ~ComponentModule
07-17 15:20:56.431   212   697 V C2Store : unloading dll
07-17 15:20:56.434   212   681 I C2SoftVp9Enc: setting temporal layering 0 + 0
07-17 15:20:56.435   312   666 I StatusBarManagerService: registerStatusBar bar=com.android.internal.statusbar.IStatusBar$Stub$Proxy@e571ac9
07-17 15:20:56.437   455   455 D SystemUIBootTiming: StartServicescom.android.systemui.SystemBars took to complete: 10ms
07-17 15:20:56.438   212   681 I C2SoftVp9Enc: setting temporal layering 0 + 0
07-17 15:20:56.442   206   275 I Codec2InfoBuilder: adding type 'video/x-vnd.on2.vp9'
07-17 15:20:56.445   212   681 V C2Store : in ~ComponentModule
07-17 15:20:56.445   212   681 V C2Store : unloading dll
07-17 15:20:56.447   180   700 I adbd    : host-16: write thread spawning
07-17 15:20:56.448   180   699 I adbd    : host-16: read thread spawning
07-17 15:20:56.448   180   699 I adbd    : host-16: read failed: Success
07-17 15:20:56.448   180   699 I adbd    : host-16: connection terminated: read failed
07-17 15:20:56.448   180   180 I adbd    : host-16: already offline
07-17 15:20:56.448   180   180 I adbd    : destroying transport host-16
07-17 15:20:56.448   180   180 I adbd    : BlockingConnectionAdapter(host-16): stopping
07-17 15:20:56.449   180   180 I adbd    : BlockingConnectionAdapter(host-16): stopped
07-17 15:20:56.450   180   180 I adbd    : BlockingConnectionAdapter(host-16): destructing
07-17 15:20:56.450   180   180 I adbd    : BlockingConnectionAdapter(host-16): already stopped
07-17 15:20:56.464   455   455 D StorageNotification: Notifying about private volume: VolumeInfo{private}:
07-17 15:20:56.464   455   455 D StorageNotification:     type=PRIVATE diskId=null partGuid=null mountFlags=0 mountUserId=-10000 
07-17 15:20:56.464   455   455 D StorageNotification:     state=MOUNTED 
07-17 15:20:56.464   455   455 D StorageNotification:     fsType=null fsUuid=null fsLabel=null 
07-17 15:20:56.464   455   455 D StorageNotification:     path=/data internalPath=null 
07-17 15:20:56.467   455   455 D SystemUIBootTiming: StartServicescom.android.systemui.usb.StorageNotification took to complete: 29ms
07-17 15:20:56.506   534   679 D NetworkMonitor/100: PROBE_HTTPS https://www.google.com/generate_204 time=287ms ret=204 request={Connection=[close], User-Agent=[Mozilla/5.0 (X11; Linux x86_64) AppleWebKit/537.36 (KHTML, like Gecko) Chrome/60.0.3112.32 Safari/537.36]} headers={null=[HTTP/1.1 204 No Content], Alt-Svc=[h3=":443"; ma=2592000,h3-29=":443"; ma=2592000,h3-Q050=":443"; ma=2592000,h3-Q046=":443"; ma=2592000,h3-Q043=":443"; ma=2592000,quic=":443"; ma=2592000; v="46,43"], Connection=[close], Content-Length=[0], Date=[Sun, 17 Jul 2022 15:20:56 GMT], X-Android-Received-Millis=[1658071256503], X-Android-Response-Source=[NETWORK 204], X-Android-Selected-Protocol=[http/1.1], X-Android-Sent-Millis=[1658071256472]}
07-17 15:20:56.508   534   677 D NetworkMonitor/100: isCaptivePortal: isSuccessful()=true isPortal()=false RedirectUrl=null isPartialConnectivity()=false Time=437ms
07-17 15:20:56.509   455   455 D SystemUIBootTiming: StartServicescom.android.systemui.power.PowerUI took to complete: 43ms
07-17 15:20:56.512   312   415 D ConnectivityService: NetworkAgentInfo [Ethernet () - 100] validation passed
07-17 15:20:56.513   312   415 D ConnectivityService: Setting DNS servers for network 100 to [/192.168.0.1]
07-17 15:20:56.513   312   445 I chatty  : uid=1000(system) EthernetService expire 4 lines
07-17 15:20:56.514   312   415 D DnsManager: setDnsConfigurationForNetwork(100, [192.168.0.1], [], 1800, 25, 8, 64, 0, 0, , [192.168.0.1])
07-17 15:20:56.518   164   164 I netd    : DnsResolverService::setResolverConfiguration(100, [192.168.0.1], [], 1800, 25, 8, 64, 0, 0, [192.168.0.1], []) -> (0) (1ms)
07-17 15:20:56.519   164   164 I netd    : setResolverConfiguration() <1.98ms>
07-17 15:20:56.521   164   702 W DnsTlsSocket: SSL_connect error 5, errno=111
07-17 15:20:56.527   455   455 D SystemUIBootTiming: StartServicescom.android.systemui.media.RingtonePlayer took to complete: 18ms
07-17 15:20:56.533   455   455 D SystemUIBootTiming: StartServicescom.android.systemui.keyboard.KeyboardUI took to complete: 5ms
07-17 15:20:56.537   455   455 D SystemUIBootTiming: StartServicescom.android.systemui.pip.PipUI took to complete: 5ms
07-17 15:20:56.540   312   475 I chatty  : uid=1000(system) NDK MediaCodec_ expire 30 lines
07-17 15:20:56.542   455   455 D SystemUIBootTiming: StartServicescom.android.systemui.shortcut.ShortcutKeyDispatcher took to complete: 5ms
07-17 15:20:56.543   455   455 D SystemUIBootTiming: StartServicescom.android.systemui.VendorServices took to complete: 0ms
07-17 15:20:56.548   212   694 V C2Store : in init
07-17 15:20:56.548   212   694 V C2Store : loading dll
07-17 15:20:56.566   455   455 D SystemUIBootTiming: StartServicescom.android.systemui.util.leak.GarbageMonitor$Service took to complete: 22ms
07-17 15:20:56.569   455   455 D SystemUIBootTiming: StartServicescom.android.systemui.LatencyTester took to complete: 2ms
07-17 15:20:56.570   212   697 E ashmem  : Failed to dlopen() libashmemd_client.so: dlopen failed: library "libashmemd_client.so" not found
07-17 15:20:56.571   212   697 E ashmem  : Failed to dlopen() libashmemd_client.so: dlopen failed: library "libashmemd_client.so" not found
07-17 15:20:56.579   455   455 D SystemUIBootTiming: StartServicescom.android.systemui.globalactions.GlobalActionsComponent took to complete: 9ms
07-17 15:20:56.593   455   455 D SystemUIBootTiming: StartServicescom.android.systemui.ScreenDecorations took to complete: 14ms
07-17 15:20:56.604   312   325 I chatty  : uid=1000(system) HeapTaskDaemon expire 1 line
07-17 15:20:56.611   455   455 D SystemUIBootTiming: StartServicescom.android.systemui.biometrics.BiometricDialogImpl took to complete: 17ms
07-17 15:20:56.614   455   455 D SystemUIBootTiming: StartServicescom.android.systemui.SliceBroadcastRelayHandler took to complete: 3ms
07-17 15:20:56.618   455   455 D SystemUIBootTiming: StartServicescom.android.systemui.SizeCompatModeActivityController took to complete: 4ms
07-17 15:20:56.629   455   455 D SystemUIBootTiming: StartServicescom.android.systemui.statusbar.notification.InstantAppNotifier took to complete: 10ms
07-17 15:20:56.635   455   455 D SystemUIBootTiming: StartServicescom.android.systemui.theme.ThemeOverlayController took to complete: 7ms
