07-17 15:20:56.636   455   455 D SystemUIBootTiming: StartServices took to complete: 1145ms
07-17 15:20:56.661   455   455 D ImageWallpaperRenderer: loadBitmap: mBitmap=null
07-17 15:20:56.747   455   455 D ImageWallpaperRenderer: loadBitmap done, surface size=Rect(0, 0 - 1554, 1280)
07-17 15:20:56.764   455   455 I ImageWallpaper: type=1400 audit(0.0:24): avc: denied { read } for name="dri" dev="tmpfs" ino=9409 scontext=u:r:platform_app:s0:c512,c768 tcontext=u:object_r:device:s0 tclass=dir permissive=1 app=com.android.systemui
07-17 15:20:56.764   455   455 I ImageWallpaper: type=1400 audit(0.0:25): avc: denied { open } for path="/dev/dri" dev="tmpfs" ino=9409 scontext=u:r:platform_app:s0:c512,c768 tcontext=u:object_r:device:s0 tclass=dir permissive=1 app=com.android.systemui
07-17 15:20:56.767   312   329 W WindowManager: Error positioning surface of Window{c0ece1 u0 com.android.systemui.ImageWallpaper} pos=(0,-167)
07-17 15:20:56.767   312   329 W WindowManager: java.lang.NullPointerException: Attempt to invoke virtual method 'void com.android.server.wm.WindowSurfaceController.setPositionInTransaction(float, float, boolean)' on a null object reference
07-17 15:20:56.767   312   329 W WindowManager: 	at com.android.server.wm.WindowStateAnimator.setWallpaperOffset(WindowStateAnimator.java:1209)
07-17 15:20:56.767   312   329 W WindowManager: 	at com.android.server.wm.WallpaperController.updateWallpaperOffset(WallpaperController.java:322)
07-17 15:20:56.767   312   329 W WindowManager: 	at com.android.server.wm.WindowState.computeFrameLw(WindowState.java:1121)
07-17 15:20:56.767   312   329 W WindowManager: 	at com.android.server.wm.DisplayPolicy.layoutWindowLw(DisplayPolicy.java:2335)
07-17 15:20:56.767   312   329 W WindowManager: 	at com.android.server.wm.DisplayContent.lambda$new$4$DisplayContent(DisplayContent.java:724)
07-17 15:20:56.767   312   329 W WindowManager: 	at com.android.server.wm.-$$Lambda$DisplayContent$qT01Aq6xt_ZOs86A1yDQe-qmPFQ.accept(Unknown Source:4)
07-17 15:20:56.767   312   329 W WindowManager: 	at com.android.server.wm.WindowContainer$ForAllWindowsConsumerWrapper.apply(WindowContainer.java:1172)
07-17 15:20:56.767   312   329 W WindowManager: 	at com.android.server.wm.WindowContainer$ForAllWindowsConsumerWrapper.apply(WindowContainer.java:1162)
07-17 15:20:56.767   312   329 W WindowManager: 	at com.android.server.wm.WindowState.applyInOrderWithImeWindows(WindowState.java:4269)
07-17 15:20:56.767   312   329 W WindowManager: 	at com.android.server.wm.WindowState.forAllWindows(WindowState.java:4168)
07-17 15:20:56.767   312   329 W WindowManager: 	at com.android.server.wm.WindowContainer.forAllWindows(WindowContainer.java:871)
07-17 15:20:56.767   312   329 W WindowManager: 	at com.android.server.wm.WindowContainer.forAllWindows(WindowContainer.java:871)
07-17 15:20:56.767   312   329 W WindowManager: 	at com.android.server.wm.DisplayContent.forAllWindows(DisplayContent.java:2146)
07-17 15:20:56.767   312   329 W WindowManager: 	at com.android.server.wm.WindowContainer.forAllWindows(WindowContainer.java:888)
07-17 15:20:56.767   312   329 W WindowManager: 	at com.android.server.wm.DisplayContent.performLayoutNoTrace(DisplayContent.java:3872)
07-17 15:20:56.767   312   329 W WindowManager: 	at com.android.server.wm.DisplayContent.performLayout(DisplayContent.java:3835)
07-17 15:20:56.767   312   329 W WindowManager: 	at com.android.server.wm.DisplayContent.applySurfaceChangesTransaction(DisplayContent.java:3731)
07-17 15:20:56.767   312   329 W WindowManager: 	at com.android.server.wm.RootWindowContainer.applySurfaceChangesTransaction(RootWindowContainer.java:833)
07-17 15:20:56.767   312   329 W WindowManager: 	at com.android.server.wm.RootWindowContainer.performSurfacePlacementNoTrace(RootWindowContainer.java:610)
07-17 15:20:56.767   312   329 W WindowManager: 	at com.android.server.wm.RootWindowContainer.performSurfacePlacement(RootWindowContainer.java:567)
07-17 15:20:56.767   312   329 W WindowManager: 	at com.android.server.wm.WindowSurfacePlacer.performSurfacePlacementLoop(WindowSurfacePlacer.java:159)
07-17 15:20:56.767   312   329 W WindowManager: 	at com.android.server.wm.WindowSurfacePlacer.performSurfacePlacement(WindowSurfacePlacer.java:105)
07-17 15:20:56.767   312   329 W WindowManager: 	at com.android.server.wm.WindowManagerService.relayoutWindow(WindowManagerService.java:2160)
07-17 15:20:56.767   312   329 W WindowManager: 	at com.android.server.wm.Session.relayout(Session.java:194)
07-17 15:20:56.767   312   329 W WindowManager: 	at android.view.IWindowSession$Stub.onTransact(IWindowSession.java:684)
07-17 15:20:56.767   312   329 W WindowManager: 	at com.android.server.wm.Session.onTransact(Session.java:134)
07-17 15:20:56.767   312   329 W WindowManager: 	at android.os.Binder.execTransactInternal(Binder.java:1021)
07-17 15:20:56.767   312   329 W WindowManager: 	at android.os.Binder.execTransact(Binder.java:994)
07-17 15:20:56.774   455   455 I ImageWallpaper: type=1400 audit(0.0:26): avc: denied { read } for name="uevent" dev="sysfs" ino=3017 scontext=u:r:platform_app:s0:c512,c768 tcontext=u:object_r:sysfs:s0 tclass=file permissive=1 app=com.android.systemui
07-17 15:20:56.774   455   455 I ImageWallpaper: type=1400 audit(0.0:27): avc: denied { open } for path="/sys/devices/platform/soc/soc:gpu/uevent" dev="sysfs" ino=3017 scontext=u:r:platform_app:s0:c512,c768 tcontext=u:object_r:sysfs:s0 tclass=file permissive=1 app=com.android.systemui
07-17 15:20:56.774   455   455 I ImageWallpaper: type=1400 audit(0.0:28): avc: denied { getattr } for path="/sys/devices/platform/soc/soc:gpu/uevent" dev="sysfs" ino=3017 scontext=u:r:platform_app:s0:c512,c768 tcontext=u:object_r:sysfs:s0 tclass=file permissive=1 app=com.android.systemui
07-17 15:20:56.777   455   455 D ImageWallpaper: wallpaper visibility changes to: true
07-17 15:20:56.777   455   455 D ImageWallpaper: wallpaper visibility changes to: false
07-17 15:20:56.800   180   709 I adbd    : host-11: read thread spawning
07-17 15:20:56.800   180   709 I adbd    : host-11: read failed: Success
07-17 15:20:56.800   180   709 I adbd    : host-11: connection terminated: read failed
07-17 15:20:56.800   180   180 I adbd    : host-11: already offline
07-17 15:20:56.800   180   180 I adbd    : destroying transport host-11
07-17 15:20:56.800   180   180 I adbd    : BlockingConnectionAdapter(host-11): stopping
07-17 15:20:56.805   180   710 I adbd    : host-11: write thread spawning
07-17 15:20:56.805   180   180 I adbd    : BlockingConnectionAdapter(host-11): stopped
07-17 15:20:56.805   180   180 I adbd    : BlockingConnectionAdapter(host-11): destructing
07-17 15:20:56.805   180   180 I adbd    : BlockingConnectionAdapter(host-11): already stopped
07-17 15:20:56.828   122   122 I hwservicemanager: getTransport: Cannot find entry android.hardware.graphics.mapper@3.0::IMapper/default in either framework or device manifest.
07-17 15:20:56.833   455   658 W Gralloc3: mapper 3.x is not supported
07-17 15:20:56.856   455   455 D Tonal   : Tonal Palette - index: 10. Main color: ffe590b7
07-17 15:20:56.856   455   455 D Tonal   : Colors: ff060104, ff1b0613, ff2f0b23, ff481135, ff671850, ff861f5d, ffa42773, ffbe4d91, ffd85a9e, ffde73aa, ffe590b7, ffefb9d1, fff5d6e5
07-17 15:20:56.856   455   455 D Tonal   : Gradients: 
07-17 15:20:56.856   455   455 D Tonal   : 	Normal GradientColors(ffe590b7, ffe590b7)
07-17 15:20:56.856   455   455 D Tonal   : 	Dark GradientColors(ff481135, ff481135)
07-17 15:20:56.856   455   455 D Tonal   : 	Extra dark: GradientColors(ff2f0b23, ff2f0b23)
07-17 15:20:56.856   455   455 D Tonal   : Tonal Palette - index: 10. Main color: ffe590b7
07-17 15:20:56.856   455   455 D Tonal   : Colors: ff060104, ff1b0613, ff2f0b23, ff481135, ff671850, ff861f5d, ffa42773, ffbe4d91, ffd85a9e, ffde73aa, ffe590b7, ffefb9d1, fff5d6e5
07-17 15:20:56.857   455   455 D Tonal   : Gradients: 
07-17 15:20:56.857   455   455 D Tonal   : 	Normal GradientColors(ffe590b7, ffe590b7)
07-17 15:20:56.857   455   455 D Tonal   : 	Dark GradientColors(ff481135, ff481135)
07-17 15:20:56.857   455   455 D Tonal   : 	Extra dark: GradientColors(ff2f0b23, ff2f0b23)
07-17 15:20:56.876   455   455 D ImageWallpaper: wallpaper visibility changes to: true
07-17 15:20:56.910   455   658 D ImageWallpaperRenderer: loadBitmap: mBitmap=android.graphics.Bitmap@ca79485
07-17 15:20:56.910   455   658 D ImageWallpaperRenderer: loadBitmap done, surface size=Rect(0, 0 - 1554, 1280)
07-17 15:20:56.910   455   658 W ndroid.systemu: Core platform API violation: Ljava/nio/Buffer;->position:I from Landroid/opengl/GLES20; using JNI
07-17 15:20:56.911   455   658 W ndroid.systemu: Core platform API violation: Ljava/nio/Buffer;->limit:I from Landroid/opengl/GLES20; using JNI
07-17 15:20:56.911   455   658 W ndroid.systemu: Core platform API violation: Ljava/nio/Buffer;->_elementSizeShift:I from Landroid/opengl/GLES20; using JNI
07-17 15:20:56.911   455   658 W ndroid.systemu: Core platform API violation: Ljava/nio/Buffer;->address:J from Landroid/opengl/GLES20; using JNI
07-17 15:20:56.921   285   285 D BootAnimation: BootAnimationStopTiming start time: 27707ms
07-17 15:20:56.948   455   658 D ImageWallpaper: onSurfaceChanged: w=1554, h=1280
07-17 15:20:56.949   455   658 D ImageWallpaper: onSurfaceRedrawNeeded: mNeedRedraw=true
07-17 15:20:56.949   455   658 D ImageWallpaper: preRender start
07-17 15:20:56.949   455   658 D ImageWallpaper: preRender end
07-17 15:20:56.959   455   658 D ImageWallpaper: postRender start
07-17 15:20:56.960   455   658 D ImageWallpaper: postRender end
07-17 15:20:56.960   455   658 D ImageWallpaper: onSurfaceRedrawNeeded: mNeedRedraw=false
07-17 15:20:56.960   455   658 D ImageWallpaper: onSurfaceRedrawNeeded: mNeedRedraw=false
07-17 15:20:57.091   312   334 I WindowManager: ******* TELLING SURFACE FLINGER WE ARE BOOTED!
07-17 15:20:57.092   179   264 I SurfaceFlinger: Boot is finished (19021 ms)
07-17 15:20:57.096   312   334 I ActivityManager: About to commit checkpoint
07-17 15:20:57.097   312   334 I SystemServiceManager: Starting phase 1000
07-17 15:20:57.098   312   352 V DisplayPowerController: Brightness [102] reason changing to: 'manual', previous reason: 'override'.
07-17 15:20:57.101   312   405 D StorageManagerService: Thinking about init, mBootCompleted=true, mDaemonConnected=true
07-17 15:20:57.101   312   334 D TestHarnessModeService: Completing Test Harness Mode setup.
07-17 15:20:57.101   312   334 D TestHarnessModeService: Getting PersistentDataBlockManagerInternal from LocalServices
07-17 15:20:57.101   312   334 E TestHarnessModeService: Failed to start Test Harness Mode; no implementation of PersistentDataBlockManagerInternal was bound!
07-17 15:20:57.101   312   405 D StorageManagerService: Setting up emulation state, initlocked=false
07-17 15:20:57.101   312   334 I chatty  : uid=1000(system) android.display expire 1 line
07-17 15:20:57.103   126   126 D vold    : fscrypt_unlock_user_key 0 serial=0 token_present=0
07-17 15:20:57.105   312   412 I chatty  : uid=1000(system) ClientModeImpl expire 15 lines
07-17 15:20:57.105   312   405 D StorageManagerService: Thinking about reset, mBootCompleted=true, mDaemonConnected=true
07-17 15:20:57.108   312   666 V StorageManagerService: Found primary storage at VolumeInfo{emulated}:
07-17 15:20:57.108   312   666 V StorageManagerService:     type=EMULATED diskId=null partGuid= mountFlags=0 mountUserId=-10000 
07-17 15:20:57.108   312   666 V StorageManagerService:     state=UNMOUNTED 
07-17 15:20:57.108   312   666 V StorageManagerService:     fsType=null fsUuid=null fsLabel=null 
07-17 15:20:57.108   312   666 V StorageManagerService:     path=null internalPath=null 
07-17 15:20:57.111   126   126 D vold    : Waiting for FUSE to spin up...
07-17 15:20:57.116   312   334 D ActivityManager: Finishing user boot 0
07-17 15:20:57.116   312   334 I ActivityManager: User 0 state changed from BOOTING to RUNNING_LOCKED
07-17 15:20:57.119   312   334 D StorageManagerService: unlockUserKey: 0
07-17 15:20:57.119   312   334 D ActivityManager: Started unlocking user 0
07-17 15:20:57.119   312   334 D ActivityManager: Unlocking user 0 progress 0
07-17 15:20:57.119   312   334 D ActivityManager: Unlocking user 0 progress 5
07-17 15:20:57.120   312   340 I ActivityManager: Force stopping com.android.providers.media appid=10012 user=-1: vold reset
07-17 15:20:57.120   126   154 D vold    : fscrypt_prepare_user_storage for volume null, user 0, serial 0, flags 2
07-17 15:20:57.121   126   154 D vold    : Preparing: /data/system_ce/0
07-17 15:20:57.121   126   154 D vold    : Preparing: /data/misc_ce/0
07-17 15:20:57.121   126   154 D vold    : Preparing: /data/vendor_ce/0
07-17 15:20:57.126   126   154 D vold    : Preparing: /data/media/0
07-17 15:20:57.126   126   154 D vold    : Preparing: /data/data
07-17 15:20:57.126   126   154 D vold    : Starting restorecon of /data/system_ce/0
07-17 15:20:57.129   312   334 D ColorDisplayService: setUp: currentUser=0
07-17 15:20:57.132   312   415 D ConnectivityService: Got NetworkFactory Messenger for WifiNetworkFactory
07-17 15:20:57.132   312   415 D ConnectivityService: Got NetworkFactory Messenger for UntrustedWifiNetworkFactory
07-17 15:20:57.147   715   715 W sdcard  : Device explicitly enabled sdcardfs
07-17 15:20:57.160   560   560 W ContextImpl: Calling a method in the system process without a qualified user: android.app.ContextImpl.startService:1570 android.content.ContextWrapper.startService:669 android.content.ContextWrapper.startService:669 com.android.tv.settings.users.UserSwitchListenerService$BootReceiver.onReceive:55 android.app.ActivityThread.handleReceiver:3788 
07-17 15:20:57.177   126   126 D vold    : Waiting for FUSE to spin up...
07-17 15:20:57.177   126   154 D vold    : Finished restorecon of /data/system_ce/0
07-17 15:20:57.177   126   154 D vold    : Starting restorecon of /data/vendor_ce/0
07-17 15:20:57.178   312   339 I chatty  : uid=1000(system) android.bg expire 2 lines
07-17 15:20:57.188   126   154 D vold    : Finished restorecon of /data/vendor_ce/0
07-17 15:20:57.188   126   154 D vold    : Starting restorecon of /data/misc_ce/0
07-17 15:20:57.227   126   126 D vold    : Waiting for FUSE to spin up...
07-17 15:20:57.229   720   720 I bootstat: Service started: /system/bin/bootstat --record_boot_complete --record_boot_reason --record_time_since_factory_reset -l 
07-17 15:20:57.235   720   720 E bootstat: Failed to read /data/misc/bootstat/post_decrypt_time_elapsed: No such file or directory
07-17 15:20:57.235   720   720 E bootstat: Failed to parse boot time record: /data/misc/bootstat/post_decrypt_time_elapsed
07-17 15:20:57.287   560   560 E DiskReceiver: Missing fsUuid, not launching activity.
07-17 15:20:57.292   560   560 D DiskReceiver: Scanning volume: VolumeInfo{emulated}:
07-17 15:20:57.292   560   560 D DiskReceiver:     type=EMULATED diskId=null partGuid= mountFlags=PRIMARY|VISIBLE 
07-17 15:20:57.292   560   560 D DiskReceiver:     mountUserId=-10000 state=MOUNTED 
07-17 15:20:57.292   560   560 D DiskReceiver:     fsType=null fsUuid=null fsLabel=null 
07-17 15:20:57.292   560   560 D DiskReceiver:     path=/storage/emulated internalPath=/data/media 
07-17 15:20:57.336   126   154 D vold    : Finished restorecon of /data/misc_ce/0
07-17 15:20:57.336   126   154 D vold    : /system/bin/vold_prepare_subdirs
07-17 15:20:57.336   126   154 D vold    :     prepare
07-17 15:20:57.336   126   154 D vold    :     
07-17 15:20:57.336   126   154 D vold    :     0
07-17 15:20:57.336   126   154 D vold    :     2
07-17 15:20:57.381   723   723 D vold_prepare_subdirs: Setting up mode 700 uid 0 gid 0 context u:object_r:vold_data_file:s0 on path: /data/misc_ce/0/vold
07-17 15:20:57.385   723   723 D vold_prepare_subdirs: Setting up mode 700 uid 0 gid 0 context u:object_r:storaged_data_file:s0 on path: /data/misc_ce/0/storaged
07-17 15:20:57.385   723   723 D vold_prepare_subdirs: Setting up mode 700 uid 0 gid 0 context u:object_r:rollback_data_file:s0 on path: /data/misc_ce/0/rollback
07-17 15:20:57.386   723   723 D vold_prepare_subdirs: Setting up mode 700 uid 1000 gid 1000 context u:object_r:backup_data_file:s0 on path: /data/system_ce/0/backup
07-17 15:20:57.387   723   723 D vold_prepare_subdirs: Setting up mode 700 uid 1000 gid 1000 context u:object_r:backup_data_file:s0 on path: /data/system_ce/0/backup_stage
07-17 15:20:57.388   723   723 D vold_prepare_subdirs: Setting up mode 700 uid 1000 gid 1000 context u:object_r:face_vendor_data_file:s0 on path: /data/vendor_ce/0/facedata
07-17 15:20:57.391   312   331 V UserDataPreparer: Found /data/user/0 with serial number 0
07-17 15:20:57.391   312   331 V UserDataPreparer: Found /data/system_ce/0 with serial number 0
07-17 15:20:57.392   312   331 D UserDataPreparer: Setting property: sys.user.0.ce_available=true
07-17 15:20:57.435   312   331 V PackageManager: reconcileAppsData for null u0 0x2 migrateAppData=false
07-17 15:20:57.536   312   331 V PackageManager: reconcileAppsData finished 45 packages
07-17 15:20:57.537   312   331 I ActivityManager: User 0 state changed from RUNNING_LOCKED to RUNNING_UNLOCKING
07-17 15:20:57.537   312   331 D ActivityManager: Unlocking user 0 progress 20
07-17 15:20:57.537   312   340 I SystemServiceManager: Calling onUnlockUser u0
07-17 15:20:57.538   312   331 W Looper  : Slow dispatch took 419ms android.fg h=android.os.Handler c=com.android.server.am.-$$Lambda$UserController$stQk1028ON105v_u-VMykVjcxLk@8e59fb4 m=0
07-17 15:20:57.539   312   331 W Looper  : Slow delivery took 419ms android.fg h=android.os.Handler c=com.android.server.am.-$$Lambda$UserController$G0WJmqt4X_QG30fRlvXobn18mrE@404df52 m=0
07-17 15:20:57.542   201   377 D installd: Found storage mount /data/media at /mnt/runtime/default/emulated
07-17 15:20:57.546   312   340 D StorageManagerService: onUnlockUser 0
07-17 15:20:57.547   312   312 W InputMethodUtils: Found no fallback locale. imis=[]
07-17 15:20:57.547   312   312 W InputMethodUtils: No software keyboard is found. imis=[] systemLocale=en fallbackLocale=null
07-17 15:20:57.548   126   154 D vold    : Linking /storage/emulated/0 to /mnt/user/0/primary
07-17 15:20:57.551   312   340 W TextServicesManagerService: no available spell checker services found
07-17 15:20:57.552   312   340 I chatty  : uid=1000(system) ActivityManager expire 7 lines
07-17 15:20:57.553   312   340 W VoiceInteractionManagerService: no available voice recognition services found for user 0
07-17 15:20:57.559   312   332 D AutofillUI: destroySaveUiUiThread(): already destroyed
07-17 15:20:57.562   312   340 D AutofillManagerServiceImpl: Reset component for user 0:
07-17 15:20:57.563   312   340 D FieldClassificationStrategy: reset(): service is not bound. Do nothing.
07-17 15:20:57.563   312   340 W AppBindingService: [Default SMS app] u0 Target package not found
07-17 15:20:57.564   312   340 I ActivityManager: User 0 state changed from RUNNING_UNLOCKING to RUNNING_UNLOCKED
07-17 15:20:57.564   312   331 I ActivityTaskManager: Loading recents for user 0 into memory.
07-17 15:20:57.564   312   340 D SystemServerTiming: SystemUserUnlock took to complete: 444ms
07-17 15:20:57.564   312   331 E TaskPersister: restoreTasksForUserLocked: Unable to list files from /data/system_ce/0/recent_tasks
07-17 15:20:57.564   312   331 W Looper  : Drained
07-17 15:20:57.569   312   340 I ActivityManager: Posting BOOT_COMPLETED user #0
07-17 15:20:57.573   312   333 I DropBoxManagerService: add tag=system_server_strictmode isTagEnabled=true flags=0x2
07-17 15:20:57.578   312   432 I BackupManagerService: Starting service for user: 0
07-17 15:20:57.580   312   432 V BackupManagerService: Starting with transport com.android.localtransport/.LocalTransport
07-17 15:20:57.585   312   331 W AppWidgetServiceImpl: Failed to read state: java.io.FileNotFoundException: /data/system/users/0/appwidgets.xml: open failed: ENOENT (No such file or directory)
07-17 15:20:57.592   560   560 D FallbackHome: User unlocked and real home found; let's go!
07-17 15:20:57.597   312   331 V AppWidgetServiceImpl: Upgrading widget database from 0 to 1
07-17 15:20:57.597   312   331 I AppWidgetServiceImpl: Processing of handleUserUnlocked u0 took 28 ms
07-17 15:20:57.598   165   165 D Zygote  : Forked child process 727
07-17 15:20:57.599   727   727 I Zygote  : seccomp disabled by setenforce 0
07-17 15:20:57.603   312   333 I DropBoxManagerService: add tag=system_server_strictmode isTagEnabled=true flags=0x2
07-17 15:20:57.608   312   432 D BackupManagerService: Started thread backup-0 for user 0
07-17 15:20:57.614   312   412 D WifiConfigStore: Writing to stores completed in 52 ms.
07-17 15:20:57.615   312   339 I SELinux : SELinux: Loaded file_contexts
07-17 15:20:57.616   312   333 I DropBoxManagerService: add tag=system_server_strictmode isTagEnabled=true flags=0x2
07-17 15:20:57.619   122   122 I hwservicemanager: getTransport: Cannot find entry android.hardware.graphics.mapper@3.0::IMapper/default in either framework or device manifest.
07-17 15:20:57.621   312   334 W Gralloc3: mapper 3.x is not supported
07-17 15:20:57.636   312   333 I chatty  : uid=1000(system) android.io identical 2 lines
07-17 15:20:57.644   312   312 I AccountManagerService: User 0 is unlocked - opening CE database
07-17 15:20:57.647   312   333 I DropBoxManagerService: add tag=system_server_strictmode isTagEnabled=true flags=0x2
07-17 15:20:57.651   312   341 W ActivityManager: Slow operation: 86ms so far, now at startProcess: done updating battery stats
07-17 15:20:57.651   312   341 W ActivityManager: Slow operation: 86ms so far, now at startProcess: building log message
07-17 15:20:57.651   312   341 I ActivityManager: Start proc 727:com.android.se/1068 for added application com.android.se
07-17 15:20:57.652   312   341 W ActivityManager: Slow operation: 86ms so far, now at startProcess: starting to update pids map
07-17 15:20:57.653   312   341 W ActivityManager: Slow operation: 88ms so far, now at startProcess: done updating pids map
07-17 15:20:57.671   312   714 I ActivityTaskManager: START u0 {act=android.intent.action.MAIN cat=[android.intent.category.HOME] flg=0x10000100 cmp=com.peyo.rplauncher/.Launcher} from uid 0
07-17 15:20:57.685   312   432 E BackupPasswordManager: Unable to read backup pw version
07-17 15:20:57.688   312   432 E BackupPasswordManager: Unable to read saved backup pw hash
07-17 15:20:57.693   165   165 D Zygote  : Forked child process 750
07-17 15:20:57.706   750   750 I Zygote  : seccomp disabled by setenforce 0
07-17 15:20:57.711   312   335 E system_server: Invalid ID 0x00000000.
07-17 15:20:57.716   312   335 W System  : ClassLoader referenced unknown path: 
07-17 15:20:57.719   312   341 W ActivityManager: Slow operation: 53ms so far, now at startProcess: done updating battery stats
07-17 15:20:57.720   312   341 W ActivityManager: Slow operation: 53ms so far, now at startProcess: building log message
07-17 15:20:57.720   312   341 I ActivityManager: Start proc 750:com.android.keychain/1000 for service {com.android.keychain/com.android.keychain.KeyChainService}
07-17 15:20:57.720   312   341 W ActivityManager: Slow operation: 53ms so far, now at startProcess: starting to update pids map
07-17 15:20:57.720   312   341 W ActivityManager: Slow operation: 54ms so far, now at startProcess: done updating pids map
07-17 15:20:57.766   165   165 D Zygote  : Forked child process 770
07-17 15:20:57.775   312   341 I ActivityManager: Start proc 770:com.peyo.rplauncher/1000 for activity {com.peyo.rplauncher/com.peyo.rplauncher.Launcher}
07-17 15:20:57.776   770   770 I Zygote  : seccomp disabled by setenforce 0
07-17 15:20:57.804   312   312 W Looper  : Slow dispatch took 212ms main h=android.app.ActivityThread$H c=android.app.-$$Lambda$LoadedApk$ReceiverDispatcher$Args$_BumDX2UKsnxLVrE6UJsJZkotuA@49e5a9c m=0
07-17 15:20:57.805   312   312 W Looper  : Slow delivery took 213ms main h=com.android.server.accessibility.AccessibilityManagerService$MainHandler c=<recycled PooledLambda@7b04ca5> m=0
07-17 15:20:57.860   312   791 I RecoverySystem: No recovery log file
07-17 15:20:57.861   312   330 W ActivityManager: Slow operation: 66ms so far, now at attachApplicationLocked: after mServices.attachApplicationLocked
07-17 15:20:57.867   312   432 V BackupManagerService: No ancestral data
07-17 15:20:57.877   149   151 E apexd   : Can't open /product/apex for reading : No such file or directory
07-17 15:20:57.878   312   791 I DropBoxManagerService: add tag=SYSTEM_BOOT isTagEnabled=true flags=0x2
07-17 15:20:57.905   727   727 I SecureElementService: main onCreate
07-17 15:20:57.936   312   312 W Looper  : Drained
07-17 15:20:57.945   122   122 I hwservicemanager: getTransport: Cannot find entry android.hardware.secure_element@1.1::ISecureElement/eSE1 in either framework or device manifest.
07-17 15:20:57.947   727   727 D SecureElement-Terminal-eSE1: SE Hal V1.1 is not supported
07-17 15:20:57.951   122   122 I hwservicemanager: getTransport: Cannot find entry android.hardware.secure_element@1.0::ISecureElement/eSE1 in either framework or device manifest.
07-17 15:20:57.953   727   727 I SecureElementService: No HAL implementation for eSE1
07-17 15:20:57.954   122   122 I hwservicemanager: getTransport: Cannot find entry android.hardware.secure_element@1.1::ISecureElement/SIM1 in either framework or device manifest.
07-17 15:20:57.957   165   165 D Zygote  : Forked child process 797
07-17 15:20:57.959   727   727 D SecureElement-Terminal-SIM1: SE Hal V1.1 is not supported
07-17 15:20:57.961   122   122 I hwservicemanager: getTransport: Cannot find entry android.hardware.secure_element@1.0::ISecureElement/SIM1 in either framework or device manifest.
07-17 15:20:57.962   455   658 D ImageWallpaper: finishRendering, preserve=false
07-17 15:20:57.968   797   797 I Zygote  : seccomp disabled by setenforce 0
07-17 15:20:57.969   727   727 I SecureElementService: No HAL implementation for SIM1
07-17 15:20:57.975   312   791 I BootReceiver: Copying audit failures to DropBox
07-17 15:20:57.977   312   791 I BootReceiver: Checking for fsck errors
07-17 15:20:57.980   312   341 W ActivityManager: Slow operation: 70ms so far, now at startProcess: returned from zygote!
07-17 15:20:57.991   312   341 W ActivityManager: Slow operation: 81ms so far, now at startProcess: done updating battery stats
07-17 15:20:57.991   312   341 W ActivityManager: Slow operation: 82ms so far, now at startProcess: building log message
07-17 15:20:57.991   312   341 I ActivityManager: Start proc 797:com.android.dynsystem/1000 for broadcast {com.android.dynsystem/com.android.dynsystem.BootCompletedReceiver}
07-17 15:20:57.991   312   341 W ActivityManager: Slow operation: 82ms so far, now at startProcess: starting to update pids map
07-17 15:20:57.992   312   341 W ActivityManager: Slow operation: 82ms so far, now at startProcess: done updating pids map
07-17 15:20:58.000   312   733 V BackupManagerConstants: getKeyValueBackupIntervalMilliseconds(...) returns 14400000
07-17 15:20:58.008   312   733 V BackupManagerConstants: getKeyValueBackupFuzzMilliseconds(...) returns 600000
07-17 15:20:58.009   312   791 I BootReceiver: fs_stat, partition:mmcblk0p4 stat:0x3
07-17 15:20:58.009   312   733 V BackupManagerConstants: getKeyValueBackupRequiredNetworkType(...) returns 1
07-17 15:20:58.009   312   733 V BackupManagerConstants: getKeyValueBackupRequireCharging(...) returns true
07-17 15:20:58.009   312   733 V KeyValueBackupJob: Scheduling k/v pass in 245 minutes
07-17 15:20:58.021   312   432 I BackupManagerService: Backup enabled => false
07-17 15:20:58.096   165   165 D Zygote  : Forked child process 825
07-17 15:20:58.107   312   341 I ActivityManager: Start proc 825:android.process.media/u0a12 for content provider {com.android.providers.downloads/com.android.providers.downloads.DownloadProvider}
07-17 15:20:58.113   825   825 I Zygote  : seccomp disabled by setenforce 0
07-17 15:20:58.133   312   325 I system_server: Background concurrent copying GC freed 24884(1858KB) AllocSpace objects, 16(672KB) LOS objects, 19% free, 4401KB/5502KB, paused 787us total 577.270ms
07-17 15:20:58.144   312   733 V BackupManagerConstants: getKeyValueBackupIntervalMilliseconds(...) returns 14400000
07-17 15:20:58.144   312   733 V BackupManagerConstants: getKeyValueBackupFuzzMilliseconds(...) returns 600000
07-17 15:20:58.144   312   733 V BackupManagerConstants: getKeyValueBackupRequiredNetworkType(...) returns 1
07-17 15:20:58.144   312   733 V BackupManagerConstants: getKeyValueBackupRequireCharging(...) returns true
07-17 15:20:58.144   312   733 V KeyValueBackupJob: Scheduling k/v pass in 245 minutes
07-17 15:20:58.151   312   339 I UsageStatsService: Time changed in UsageStats by 17137 seconds
07-17 15:20:58.151   312   339 I UsageStatsService: User[0] Flushing usage stats to disk
07-17 15:20:58.194   180   849 I adbd    : host-16: read thread spawning
07-17 15:20:58.197   180   849 I adbd    : host-16: read failed: Success
07-17 15:20:58.197   180   849 I adbd    : host-16: connection terminated: read failed
07-17 15:20:58.197   180   180 I adbd    : host-16: already offline
07-17 15:20:58.197   180   180 I adbd    : destroying transport host-16
07-17 15:20:58.197   180   180 I adbd    : BlockingConnectionAdapter(host-16): stopping
07-17 15:20:58.203   180   850 I adbd    : host-16: write thread spawning
07-17 15:20:58.204   180   180 I adbd    : BlockingConnectionAdapter(host-16): stopped
07-17 15:20:58.205   180   180 I adbd    : BlockingConnectionAdapter(host-16): destructing
07-17 15:20:58.205   180   180 I adbd    : BlockingConnectionAdapter(host-16): already stopped
07-17 15:20:58.213   455   455 D ImageWallpaper: wallpaper visibility changes to: false
07-17 15:20:58.237   164   164 I netd    : bandwidthAddNiceApp(10012) <0.13ms>
07-17 15:20:58.270   312   339 I UsageStatsDatabase: Time changed by +4h45m37s202ms. files deleted: 0 files moved: 4
07-17 15:20:58.281   851   851 I migrate_legacy_obb_data: No legacy obb data to migrate.
07-17 15:20:58.286   312   405 D StorageManagerService: Volume emulated broadcasting mounted to UserHandle{0}
07-17 15:20:58.289   312   339 I UsageStatsService: User[0] Rollover scheduled @ 2022-07-18 15:20:52(1658157652463)
07-17 15:20:58.297   312   846 D DynamicSystemService: GsiService is not ready, wait for 64ms
07-17 15:20:58.362   312   846 D DynamicSystemService: GsiService is not ready, wait for 128ms
07-17 15:20:58.504   770   770 I RenderThread: type=1400 audit(0.0:29): avc: denied { read } for name="dri" dev="tmpfs" ino=9409 scontext=u:r:system_app:s0 tcontext=u:object_r:device:s0 tclass=dir permissive=1
07-17 15:20:58.504   770   770 I RenderThread: type=1400 audit(0.0:30): avc: denied { open } for path="/dev/dri" dev="tmpfs" ino=9409 scontext=u:r:system_app:s0 tcontext=u:object_r:device:s0 tclass=dir permissive=1
07-17 15:20:58.504   770   770 I RenderThread: type=1400 audit(0.0:31): avc: denied { read } for name="uevent" dev="sysfs" ino=3017 scontext=u:r:system_app:s0 tcontext=u:object_r:sysfs:s0 tclass=file permissive=1
07-17 15:20:58.504   770   770 I RenderThread: type=1400 audit(0.0:32): avc: denied { open } for path="/sys/devices/platform/soc/soc:gpu/uevent" dev="sysfs" ino=3017 scontext=u:r:system_app:s0 tcontext=u:object_r:sysfs:s0 tclass=file permissive=1
07-17 15:20:58.504   770   770 I RenderThread: type=1400 audit(0.0:33): avc: denied { getattr } for path="/sys/devices/platform/soc/soc:gpu/uevent" dev="sysfs" ino=3017 scontext=u:r:system_app:s0 tcontext=u:object_r:sysfs:s0 tclass=file permissive=1
07-17 15:20:58.513   121   121 I ServiceManager: service 'gsiservice' died
07-17 15:20:58.514   312   846 W DynamicSystemService: gsiservice died; reconnecting
07-17 15:20:58.528   165   165 D Zygote  : Forked child process 859
07-17 15:20:58.531   312   341 I ActivityManager: Start proc 859:com.android.packageinstaller/u0a6 for broadcast {com.android.packageinstaller/com.android.packageinstaller.TemporaryFileManager}
07-17 15:20:58.533   859   859 I Zygote  : seccomp disabled by setenforce 0
07-17 15:20:58.754   122   122 I hwservicemanager: getTransport: Cannot find entry android.hardware.graphics.mapper@3.0::IMapper/default in either framework or device manifest.
07-17 15:20:58.755   770   823 W Gralloc3: mapper 3.x is not supported
07-17 15:20:58.786   165   165 D Zygote  : Forked child process 882
07-17 15:20:58.789   312   341 I ActivityManager: Start proc 882:com.android.permissioncontroller/u0a7 for broadcast {com.android.permissioncontroller/com.android.packageinstaller.permission.service.LocationAccessCheck$SetupPeriodicBackgroundLocationAccessCheck}
07-17 15:20:58.794   882   882 I Zygote  : seccomp disabled by setenforce 0
07-17 15:20:58.932   312   339 I ActivityTaskManager: Displayed com.peyo.rplauncher/.Launcher: +1s217ms
07-17 15:20:59.130   882   882 W ExclusiveDefaultHolderMixin: Cannot get ApplicationInfo for default holder, config: config_defaultSms, package: com.android.messaging
07-17 15:20:59.182   165   165 D Zygote  : Forked child process 906
07-17 15:20:59.185   312   341 I ActivityManager: Start proc 906:com.android.providers.calendar/u0a13 for broadcast {com.android.providers.calendar/com.android.providers.calendar.CalendarReceiver}
07-17 15:20:59.186   906   906 I Zygote  : seccomp disabled by setenforce 0
07-17 15:20:59.372   906   906 I CalendarProvider2: Created com.android.providers.calendar.CalendarAlarmManager@5254700(com.android.providers.calendar.CalendarProvider2@6816b39)
07-17 15:20:59.461   165   165 D Zygote  : Forked child process 930
07-17 15:20:59.465   312   341 I ActivityManager: Start proc 930:com.android.providers.tv/u0a11 for broadcast {com.android.providers.tv/com.android.providers.tv.BootCompletedReceiver}
07-17 15:20:59.468   930   930 I Zygote  : seccomp disabled by setenforce 0
07-17 15:20:59.689   165   165 D Zygote  : Forked child process 954
07-17 15:20:59.691   312   341 I ActivityManager: Start proc 954:com.android.traceur/u0a23 for broadcast {com.android.traceur/com.android.traceur.Receiver}
07-17 15:20:59.694   954   954 I Zygote  : seccomp disabled by setenforce 0
07-17 15:20:59.894   312   547 I ActivityManager: Finished processing BOOT_COMPLETED for u0
07-17 15:20:59.915   312   448 I BroadcastQueue: Delay finish: com.android.providers.media/.MediaReceiver
07-17 15:20:59.922   825   975 I MediaProvider: Begin Intent { act=android.intent.action.MEDIA_MOUNTED dat=file:///storage/emulated/0 flg=0x5000010 cmp=com.android.providers.media/.MediaService (has extras) }
07-17 15:20:59.948   825   975 W ModernMediaScanner: Failed to visit /system/media: java.nio.file.NoSuchFileException: /system/media
07-17 15:20:59.961   825   975 W ModernMediaScanner: Failed to visit /oem/media: java.nio.file.NoSuchFileException: /oem/media
07-17 15:21:00.498   825   975 I MediaProvider: End Intent { act=android.intent.action.MEDIA_MOUNTED dat=file:///storage/emulated/0 flg=0x5000010 cmp=com.android.providers.media/.MediaService (has extras) }
07-17 15:21:00.501   312   714 I BroadcastQueue: Resuming delayed broadcast
07-17 15:21:00.927   165   165 D Zygote  : Forked child process 983
07-17 15:21:00.933   983   983 I Zygote  : seccomp disabled by setenforce 0
07-17 15:21:00.933   312   341 I ActivityManager: Start proc 983:com.android.localtransport/1000 for service {com.android.localtransport/com.android.localtransport.LocalTransportService}
07-17 15:21:01.088   312   312 I TransportClient: LocalTransportService#0: Notifying [TransportManager.registerTransport()] transport = IBackupTransport
07-17 15:21:01.098   312   733 W Binder  : Outgoing transactions from this process must be FLAG_ONEWAY
07-17 15:21:01.098   312   733 W Binder  : java.lang.Throwable
07-17 15:21:01.098   312   733 W Binder  : 	at android.os.BinderProxy.transact(BinderProxy.java:481)
07-17 15:21:01.098   312   733 W Binder  : 	at com.android.internal.backup.IBackupTransport$Stub$Proxy.name(IBackupTransport.java:869)
07-17 15:21:01.098   312   733 W Binder  : 	at com.android.server.backup.TransportManager.registerTransport(TransportManager.java:653)
07-17 15:21:01.098   312   733 W Binder  : 	at com.android.server.backup.TransportManager.registerTransportsForIntent(TransportManager.java:588)
07-17 15:21:01.098   312   733 W Binder  : 	at com.android.server.backup.TransportManager.registerTransports(TransportManager.java:558)
07-17 15:21:01.098   312   733 W Binder  : 	at com.android.server.backup.-$$Lambda$pM_c5tVAGDtxjxLF_ONtACWWq6Q.run(Unknown Source:2)
07-17 15:21:01.098   312   733 W Binder  : 	at android.os.Handler.handleCallback(Handler.java:883)
07-17 15:21:01.098   312   733 W Binder  : 	at android.os.Handler.dispatchMessage(Handler.java:100)
07-17 15:21:01.098   312   733 W Binder  : 	at android.os.Looper.loop(Looper.java:214)
07-17 15:21:01.098   312   733 W Binder  : 	at android.os.HandlerThread.run(HandlerThread.java:67)
07-17 15:21:01.101   312   733 D BackupTransportManager: Transport com.android.localtransport/.LocalTransportService registered
07-17 15:21:01.102   312   733 D BackupManagerService: Transport com.android.localtransport/.LocalTransport registered 3238ms after first request (delay = 3000ms)
07-17 15:21:01.118   312   733 I BackupManagerService: Found stale backup journal, scheduling
07-17 15:21:01.661   180  1005 I adbd    : host-24: read thread spawning
07-17 15:21:01.661   180  1006 I adbd    : host-24: write thread spawning
07-17 15:21:01.661   180  1005 I adbd    : host-24: read failed: Success
07-17 15:21:01.662   180  1005 I adbd    : host-24: connection terminated: read failed
07-17 15:21:01.662   180   180 I adbd    : host-24: already offline
07-17 15:21:01.662   180   180 I adbd    : destroying transport host-24
07-17 15:21:01.662   180   180 I adbd    : BlockingConnectionAdapter(host-24): stopping
07-17 15:21:01.662   180   180 I adbd    : BlockingConnectionAdapter(host-24): stopped
07-17 15:21:01.663   180   180 I adbd    : BlockingConnectionAdapter(host-24): destructing
07-17 15:21:01.663   180   180 I adbd    : BlockingConnectionAdapter(host-24): already stopped
07-17 15:21:04.144   312   325 I system_server: Background concurrent copying GC freed 12089(1126KB) AllocSpace objects, 6(312KB) LOS objects, 19% free, 3910KB/4887KB, paused 174us total 145.586ms
07-17 15:21:09.117   312   424 W AS.AudioService: onLoadSoundEffects(), Error 1 while loading samples
07-17 15:21:25.929   164   228 E Netd    : Failed to dump IPv4 sockets struct tcp_info: No such file or directory
07-17 15:21:25.929   164   228 E TcpSocketMonitor: Failed to poll TCP socket info: No such file or directory
07-17 15:21:27.518   180  1013 I adbd    : host-30: read thread spawning
07-17 15:21:27.518   180  1014 I adbd    : host-30: write thread spawning
07-17 15:21:27.518   180   180 I adbd    : host-30: already offline
07-17 15:21:29.036   180  1015 I adbd    : host-24: read thread spawning
07-17 15:21:29.037   180  1015 I adbd    : host-24: read failed: Success
07-17 15:21:29.037   180  1015 I adbd    : host-24: connection terminated: read failed
07-17 15:21:29.037   180  1016 I adbd    : host-24: write thread spawning
07-17 15:21:29.037   180   180 I adbd    : host-24: already offline
07-17 15:21:29.037   180   180 I adbd    : destroying transport host-24
07-17 15:21:29.037   180   180 I adbd    : BlockingConnectionAdapter(host-24): stopping
07-17 15:21:29.038   180   180 I adbd    : BlockingConnectionAdapter(host-24): stopped
07-17 15:21:29.038   180   180 I adbd    : BlockingConnectionAdapter(host-24): destructing
07-17 15:21:29.038   180   180 I adbd    : BlockingConnectionAdapter(host-24): already stopped
