07-17 10:35:16.841   122   122 I hwservicemanager: getTransport: Cannot find entry android.hardware.thermal@1.0::IThermal/default in either framework or device manifest.
07-17 10:35:16.843   312   312 E ThermalHalWrapper: Thermal HAL 1.0 service not connected.
07-17 10:35:16.845   312   312 W ActivityManager: Unable to start service Intent { act=com.android.ITelecomService cmp=com.android.server.telecom/.components.TelecomService } U=0: not found
07-17 10:35:16.855   312   312 I SyncManager: No initial accounts
07-17 10:35:16.855   312   312 I SyncManager: No initial status
07-17 10:35:16.856   312   312 I SyncManager: No initial statistics
07-17 10:35:16.872   312   312 W InputMethodUtils: Found no fallback locale. imis=[]
07-17 10:35:16.872   312   312 W InputMethodUtils: No software keyboard is found. imis=[] systemLocale=en fallbackLocale=null
07-17 10:35:16.876   312   405 D StorageManagerService: Isolated storage local flag 0 and remote flag 0 resolved to true
07-17 10:35:16.878   312   312 I WallpaperManagerService: No static wallpaper imagery; defaults will be shown
07-17 10:35:16.878   312   312 V WallpaperManagerService: bindWallpaperComponentLocked: componentName=ComponentInfo{com.android.systemui/com.android.systemui.ImageWallpaper}
07-17 10:35:16.892   312   312 I chatty  : uid=1000 system_server expire 12 lines
07-17 10:35:16.892   312   312 W WallpaperManagerService: Invalid wallpaper data
07-17 10:35:16.892   312   312 E WallpaperManagerService: Unable to apply new wallpaper
07-17 10:35:16.896   312   424 I chatty  : uid=1000(system) AudioService expire 2 lines
07-17 10:35:16.898   312   312 I AppBindingService: Updating constants with: null
07-17 10:35:16.899   165   165 D Zygote  : Forked child process 455
07-17 10:35:16.900   176   176 I AudioFlinger: systemReady
07-17 10:35:16.908   312   454 D UsbHostManager: USB device attached: vidpid 0424:ec00 mfg/product/ver/serial null/null/2.00/null hasAudio/HID/Storage: false/false/false
07-17 10:35:16.909   455   455 I Zygote  : seccomp disabled by setenforce 0
07-17 10:35:16.910   312   454 I chatty  : uid=1000(system) UsbService host expire 1 line
07-17 10:35:16.914   312   454 D UsbHostManager: Added device UsbDevice[mName=/dev/bus/usb/001/003,mVendorId=1060,mProductId=60416,mClass=255,mSubclass=0,mProtocol=1,mManufacturerName=null,mProductName=null,mVersion=2.00,mSerialNumberReader=com.android.server.usb.UsbSerialReader@30f6a4e,mConfigurations=[
07-17 10:35:16.914   312   454 D UsbHostManager: UsbConfiguration[mId=1,mName=null,mAttributes=224,mMaxPower=1,mInterfaces=[
07-17 10:35:16.914   312   454 D UsbHostManager: UsbInterface[mId=0,mAlternateSetting=0,mName=null,mClass=255,mSubclass=0,mProtocol=255,mEndpoints=[
07-17 10:35:16.914   312   454 D UsbHostManager: UsbEndpoint[mAddress=129,mAttributes=2,mMaxPacketSize=512,mInterval=0]
07-17 10:35:16.914   312   454 D UsbHostManager: UsbEndpoint[mAddress=2,mAttributes=2,mMaxPacketSize=512,mInterval=0]
07-17 10:35:16.914   312   454 D UsbHostManager: UsbEndpoint[mAddress=131,mAttributes=3,mMaxPacketSize=16,mInterval=4]]]]
07-17 10:35:16.922   312   341 I ActivityManager: Start proc 455:com.android.systemui/u0a25 for service {com.android.systemui/com.android.systemui.ImageWallpaper}
07-17 10:35:16.942   312   312 I PackageManager: Un-granting permission android.permission.CONNECTIVITY_USE_RESTRICTED_NETWORKS from package com.android.captiveportallogin (protectionLevel=18 flags=0x38c8be45)
07-17 10:35:16.942   312   312 I PackageManager: Un-granting permission android.permission.NETWORK_BYPASS_PRIVATE_DNS from package com.android.captiveportallogin (protectionLevel=2 flags=0x38c8be45)
07-17 10:35:16.942   312   312 D SystemServerTiming: StartActivityManagerReadyPhase took to complete: 111ms
07-17 10:35:16.943   312   312 I SystemServer: StartObservingNativeCrashes
07-17 10:35:16.945   312   312 D SystemServerTiming: StartObservingNativeCrashes took to complete: 3ms
07-17 10:35:16.946   312   312 I SystemServer: StartSystemUI
07-17 10:35:16.947   312   374 D SystemServerInitThreadPool: Started executing WebViewFactoryPreparation
07-17 10:35:16.947   312   374 I SystemServer: WebViewFactoryPreparation
07-17 10:35:16.952   312   312 W ActivityManager: Unable to start service Intent { flg=0x100 cmp=com.android.systemui/.keyguard.KeyguardService } U=0: not found
07-17 10:35:16.952   312   312 D SystemServerTiming: StartSystemUI took to complete: 5ms
07-17 10:35:16.952   312   312 I SystemServer: MakeNetworkManagementServiceReady
07-17 10:35:16.954   164   164 I netd    : firewallSetFirewallType(1) <0.01ms>
07-17 10:35:16.956   312   312 D SystemServerTiming: MakeNetworkManagementServiceReady took to complete: 3ms
07-17 10:35:16.956   312   312 I SystemServer: MakeIpSecServiceReady
07-17 10:35:16.971   312   412 I chatty  : uid=1000(system) ClientModeImpl expire 1 line
07-17 10:35:16.973   164   164 I netd    : isAlive() -> {"true"} <0.01ms>
07-17 10:35:16.973   312   345 E BatteryExternalStatsWorker: no controller energy info supplied for telephony
07-17 10:35:16.974   312   312 D IpSecService: IpSecService is ready
07-17 10:35:16.974   312   312 D SystemServerTiming: MakeIpSecServiceReady took to complete: 18ms
07-17 10:35:16.974   312   312 I SystemServer: MakeNetworkStatsServiceReady
07-17 10:35:16.982   312   374 D SystemServerTimingAsync: WebViewFactoryPreparation took to complete: 36ms
07-17 10:35:16.982   312   374 D SystemServerInitThreadPool: Finished executing WebViewFactoryPreparation
07-17 10:35:16.999   312   325 I chatty  : uid=1000(system) HeapTaskDaemon expire 5 lines
07-17 10:35:17.001   165   165 D Zygote  : Forked child process 481
07-17 10:35:17.005   312   409 W NetworkPolicy: setRestrictBackgroundUL: already false
07-17 10:35:17.006   312   341 I ActivityManager: Start proc 481:WebViewLoader-armeabi-v7a/1037 [android.webkit.WebViewLibraryLoader$RelroFileCreator] for null
07-17 10:35:17.011   481   481 I Zygote  : seccomp disabled by setenforce 0
07-17 10:35:17.021   206   275 I chatty  : uid=1013(media) Binder:206_1 expire 118 lines
07-17 10:35:17.032   211   211 I OMXMaster: makeComponentInstance(OMX.google.aac.decoder) in android.hardwar process
07-17 10:35:17.062   164   164 I netd    : trafficSwapActiveStatsMap() <66.04ms>
07-17 10:35:17.062   164   260 I netd    : firewallReplaceUidChain("fw_standby", "false", []) -> {"true"} <55.40ms>
07-17 10:35:17.068   164   164 I netd    : tetherGetStats() <3.50ms>
07-17 10:35:17.068   312   409 I chatty  : uid=1000(system) NetworkPolicy expire 6 lines
07-17 10:35:17.078   164   164 I netd    : bandwidthSetGlobalAlert(2097152) <3.67ms>
07-17 10:35:17.078   312   312 D SystemServerTiming: MakeNetworkStatsServiceReady took to complete: 105ms
07-17 10:35:17.079   312   312 I SystemServer: MakeConnectivityServiceReady
07-17 10:35:17.080   312   312 D ConnectivityService: requestNetwork for uid/pid:1000/312 NetworkRequest [ REQUEST id=7, [ Capabilities: INTERNET&NOT_RESTRICTED&TRUSTED&NOT_VPN] ]
07-17 10:35:17.091   481   481 V WebViewLibraryLoader: RelroFileCreator (64bit = false), package: com.android.webview library: libwebviewchromium.so
07-17 10:35:17.099   211   211 I OMXMaster: makeComponentInstance(OMX.google.amrnb.decoder) in android.hardwar process
07-17 10:35:17.103   164   164 I netd    : networkSetPermissionForUser(1, []) <0.01ms>
07-17 10:35:17.104   164   164 I netd    : networkSetPermissionForUser(2, [2000,1073,10001,1000,10025,10026,1002,10012]) <0.01ms>
07-17 10:35:17.104   164   164 I netd    : trafficSetNetPermForUids(12, [1002,1013,10012]) <0.05ms>
07-17 10:35:17.105   164   164 I netd    : trafficSetNetPermForUids(4, [1000,1073,2000,10008,10010,10013,10016,10021,10027]) <0.12ms>
07-17 10:35:17.105   164   164 I netd    : trafficSetNetPermForUids(8, [1041,1047]) <0.03ms>
07-17 10:35:17.106   164   164 I netd    : trafficSetNetPermForUids(0, [1003,1063,1066,1067,1068,10000,10001,10002,10003,10004,10005,10006,10007,10009,10011,10014,10015,10017,10018,10019,10020,10022,10023,10024,10025,10026]) <0.20ms>
07-17 10:35:17.108   312   312 D SystemServerTiming: MakeConnectivityServiceReady took to complete: 29ms
07-17 10:35:17.108   312   312 I SystemServer: MakeNetworkPolicyServiceReady
07-17 10:35:17.108   312   312 D SystemServerTiming: MakeNetworkPolicyServiceReady took to complete: 0ms
07-17 10:35:17.108   312   312 I SystemServer: PhaseThirdPartyAppsCanStart
07-17 10:35:17.108   312   312 I SystemServiceManager: Starting phase 600
07-17 10:35:17.110   312   312 I ExplicitHealthCheckController: Explicit health checks enabled.
07-17 10:35:17.110   312   312 I PackageWatchdog: Syncing state, reason: health check state enabled
07-17 10:35:17.110   312   312 I PackageWatchdog: Not pruning observers, elapsed time: 0ms
07-17 10:35:17.111   312   339 I PackageWatchdog: Saving observer state to file
07-17 10:35:17.111   312   312 I PackageWatchdog: Cancelling state sync, nothing to sync
07-17 10:35:17.119   312   312 V WallpaperManagerService: bindWallpaperComponentLocked: componentName=ComponentInfo{com.android.systemui/com.android.systemui.ImageWallpaper}
07-17 10:35:17.137   312   312 I StatsCompanionService: Told statsd that StatsCompanionService is alive.
07-17 10:35:17.139   312   312 D SystemServerTiming: PhaseThirdPartyAppsCanStart took to complete: 30ms
07-17 10:35:17.139   312   312 I SystemServer: StartNetworkStack
07-17 10:35:17.143   312   312 D SystemServerTiming: StartNetworkStack took to complete: 4ms
07-17 10:35:17.143   312   312 I SystemServer: MakeLocationServiceReady
07-17 10:35:17.154   122   122 I hwservicemanager: getTransport: Cannot find entry android.hardware.gnss@2.0::IGnss/default in either framework or device manifest.
07-17 10:35:17.157   211   211 I OMXMaster: makeComponentInstance(OMX.google.amrwb.decoder) in android.hardwar process
07-17 10:35:17.160   122   122 I hwservicemanager: getTransport: Cannot find entry android.hardware.gnss@1.1::IGnss/default in either framework or device manifest.
07-17 10:35:17.164   122   122 I hwservicemanager: getTransport: Cannot find entry android.hardware.gnss@1.0::IGnss/default in either framework or device manifest.
07-17 10:35:17.165   165   165 D Zygote  : Forked child process 511
07-17 10:35:17.170   211   262 I OMXMaster: makeComponentInstance(OMX.google.flac.decoder) in android.hardwar process
07-17 10:35:17.177   511   511 I Zygote  : seccomp disabled by setenforce 0
07-17 10:35:17.180   312   312 W LocationManagerService: no network location provider found
07-17 10:35:17.181   312   341 I ActivityManager: Start proc 511:com.android.networkstack/1073 for service {com.android.networkstack/com.android.server.NetworkStackService}
07-17 10:35:17.182   312   312 E LocationManagerService: no geocoder provider found
07-17 10:35:17.183   312   312 D LocationManagerService: Unable to bind FLP Geofence proxy.
07-17 10:35:17.183   312   312 D LocationManagerService: Hardware Activity-Recognition not supported.
07-17 10:35:17.183   312   312 D LocationManagerService: Unable to bind ActivityRecognitionProxy.
07-17 10:35:17.188   312   312 D SystemServerTiming: MakeLocationServiceReady took to complete: 45ms
07-17 10:35:17.188   312   312 I SystemServer: MakeCountryDetectionServiceReady
07-17 10:35:17.188   312   312 D SystemServerTiming: MakeCountryDetectionServiceReady took to complete: 0ms
07-17 10:35:17.188   312   312 I SystemServer: MakeNetworkTimeUpdateReady
07-17 10:35:17.192   312   312 D ConnectivityService: requestNetwork for uid/pid:1000/312 NetworkRequest [ TRACK_DEFAULT id=9, [ Capabilities: INTERNET&NOT_RESTRICTED&TRUSTED Uid: 1000] ]
07-17 10:35:17.193   312   312 D SystemServerTiming: MakeNetworkTimeUpdateReady took to complete: 5ms
07-17 10:35:17.193   312   312 I SystemServer: MakeInputManagerServiceReady
07-17 10:35:17.199   312   312 D SystemServerTiming: MakeInputManagerServiceReady took to complete: 6ms
07-17 10:35:17.200   312   403 I chatty  : uid=1000(system) InputReader expire 2 lines
07-17 10:35:17.200   312   312 I SystemServer: MakeTelephonyRegistryReady
07-17 10:35:17.201   312   312 D SystemServerTiming: MakeTelephonyRegistryReady took to complete: 0ms
07-17 10:35:17.201   312   312 I SystemServer: MakeMediaRouterServiceReady
07-17 10:35:17.202   312   312 D SystemServerTiming: MakeMediaRouterServiceReady took to complete: 1ms
07-17 10:35:17.202   312   312 I SystemServer: MakeMmsServiceReady
07-17 10:35:17.202   312   312 I MmsServiceBroker: Delay connecting to MmsService until an API is called
07-17 10:35:17.202   312   312 D SystemServerTiming: MakeMmsServiceReady took to complete: 0ms
07-17 10:35:17.203   312   312 I SystemServer: IncidentDaemonReady
07-17 10:35:17.205   312   312 D SystemServerTiming: IncidentDaemonReady took to complete: 2ms
07-17 10:35:17.205   312   312 I ActivityManager: Current user:0
07-17 10:35:17.205   312   312 I SystemServiceManager: Calling onStartUser u0
07-17 10:35:17.223   312   312 W VoiceInteractionManagerService: no available voice recognition services found for user 0
07-17 10:35:17.225   211   262 I OMXMaster: makeComponentInstance(OMX.google.g711.alaw.decoder) in android.hardwar process
07-17 10:35:17.226   312   312 W AppBindingService: [Default SMS app] u0 Target package not found
07-17 10:35:17.232   312   312 I ActivityTaskManager: START u0 {act=android.intent.action.MAIN cat=[android.intent.category.HOME] flg=0x10000100 cmp=com.android.tv.settings/.system.FallbackHome} from uid 0
07-17 10:35:17.244   165   165 D Zygote  : Forked child process 534
07-17 10:35:17.251   534   534 I Zygote  : seccomp disabled by setenforce 0
07-17 10:35:17.258   312   312 I ActivityTaskManager: Loaded persisted task ids for user 0
07-17 10:35:17.269   211   262 I OMXMaster: makeComponentInstance(OMX.google.g711.mlaw.decoder) in android.hardwar process
07-17 10:35:17.275   312   312 D SystemServerTiming: ActivityManagerStartApps took to complete: 71ms
07-17 10:35:17.275   312   312 D SystemServerTiming: PhaseActivityManagerReady took to complete: 491ms
07-17 10:35:17.276   312   329 W ActivityManager: No pending application record for pid 511 (IApplicationThread android.app.IApplicationThread$Stub$Proxy@f8329c8); dropping process
07-17 10:35:17.278   211   262 I OMXMaster: makeComponentInstance(OMX.google.gsm.decoder) in android.hardwar process
07-17 10:35:17.280   312   341 W ActivityManager: Slow operation: 53ms so far, now at startProcess: done updating battery stats
07-17 10:35:17.280   312   341 W ActivityManager: Slow operation: 54ms so far, now at startProcess: building log message
07-17 10:35:17.280   312   341 I ActivityManager: Start proc 534:com.android.networkstack/1073 for added application com.android.networkstack
07-17 10:35:17.280   312   341 W ActivityManager: Slow operation: 54ms so far, now at startProcess: starting to update pids map
07-17 10:35:17.282   312   312 D SystemServerInitThreadPool: Shutdown successful
07-17 10:35:17.282   312   312 D SystemServerTiming: StartServices took to complete: 5311ms
07-17 10:35:17.284   312   341 W ActivityManager: Slow operation: 58ms so far, now at startProcess: done updating pids map
07-17 10:35:17.291   312   312 W Looper  : Slow delivery took 2665ms main h=android.os.Handler c=com.android.server.BatteryService$8@81369e0 m=0
07-17 10:35:17.316   165   165 D Zygote  : Forked child process 560
07-17 10:35:17.321   312   341 I ActivityManager: Start proc 560:com.android.tv.settings/1000 for activity {com.android.tv.settings/com.android.tv.settings.system.FallbackHome}
07-17 10:35:17.325   211   262 I OMXMaster: makeComponentInstance(OMX.google.mp3.decoder) in android.hardwar process
07-17 10:35:17.328   560   560 I Zygote  : seccomp disabled by setenforce 0
07-17 10:35:17.340   312   312 D ConditionProviders.SCP: onConnected
07-17 10:35:17.342   312   312 V SettingsProvider: Notifying for 0: content://settings/secure/zen_settings_updated
07-17 10:35:17.345   312   312 D ConditionProviders: Subscribing to condition://android/event?userId=-10000&calendar=&reply=1 with ComponentInfo{android/com.android.server.notification.EventConditionProvider}
07-17 10:35:17.345   312   312 D ConditionProviders: Subscribing to condition://android/schedule?days=1.2.3.4.5.6.7&start=22.0&end=7.0&exitAtAlarm=true with ComponentInfo{android/com.android.server.notification.ScheduleConditionProvider}
07-17 10:35:17.347   312   312 V SettingsProvider: Notifying for 0: content://settings/secure/assistant
07-17 10:35:17.348   312   312 V SettingsProvider: Notifying for 0: content://settings/secure/voice_interaction_service
07-17 10:35:17.350   312   312 V SettingsProvider: Notifying for 0: content://settings/secure/voice_recognition_service
07-17 10:35:17.357   312   312 V SettingsProvider: Notifying for 0: content://settings/secure/location_mode
07-17 10:35:17.358   312   312 V SettingsProvider: Notifying for 0: content://settings/global/location_global_kill_switch
07-17 10:35:17.359   312   312 D PackageWatchdog: Getting all observed packages pending health checks
07-17 10:35:17.359   312   312 I PackageWatchdog: Syncing health check requests for packages: {}
07-17 10:35:17.359   312   312 I ExplicitHealthCheckController: Service not ready to get health check supported packages. Binding...
07-17 10:35:17.363   312   312 I ExplicitHealthCheckController: Explicit health check service is bound
07-17 10:35:17.363   165   165 I Zygote  : Process 511 exited due to signal 9 (Killed)
07-17 10:35:17.364   312   312 V SettingsProvider: Notifying for 0: content://settings/global/boot_count
07-17 10:35:17.387   211   262 I OMXMaster: makeComponentInstance(OMX.google.opus.decoder) in android.hardwar process
07-17 10:35:17.390   165   165 D Zygote  : Forked child process 581
07-17 10:35:17.394   312   341 I ActivityManager: Start proc 581:android.ext.services/u0a3 for service {android.ext.services/android.ext.services.watchdog.ExplicitHealthCheckServiceImpl}
07-17 10:35:17.398   581   581 I Zygote  : seccomp disabled by setenforce 0
07-17 10:35:17.472   312   312 W Looper  : Slow dispatch took 106ms main h=android.app.ActivityThread$H c=null m=114
07-17 10:35:17.491   176   176 W DeviceHAL: Error from HAL Device in function set_mic_mute: Function not implemented
07-17 10:35:17.491   176   176 W DeviceHAL: Error from HAL Device in function set_mic_mute: Function not implemented
07-17 10:35:17.517   312   312 D ConditionProviders.SCP: onSubscribe condition://android/schedule?days=1.2.3.4.5.6.7&start=22.0&end=7.0&exitAtAlarm=true
07-17 10:35:17.519   312   312 D ConditionProviders.SCP: setRegistered true
07-17 10:35:17.521   312   421 E ActivityThread: Failed to find provider info for com.android.calendar
07-17 10:35:17.521   312   421 E ActivityThread: Failed to find provider info for com.android.calendar
07-17 10:35:17.545   211   262 I OMXMaster: makeComponentInstance(OMX.google.raw.decoder) in android.hardwar process
07-17 10:35:17.584   455   455 V SystemUIService: SystemUIApplication constructed.
07-17 10:35:17.592   211   262 I OMXMaster: makeComponentInstance(OMX.google.vorbis.decoder) in android.hardwar process
07-17 10:35:17.661   312   329 W StorageManagerService: No primary storage defined yet; hacking together a stub
07-17 10:35:17.663   164   164 W ServiceManager: Permission failure: android.permission.NETWORK_STACK from uid=1073 pid=534
07-17 10:35:17.664   164   164 I netd    : registerUnsolicitedEventListener() <1.92ms>
07-17 10:35:17.673   211   211 I OMXMaster: makeComponentInstance(OMX.google.aac.encoder) in android.hardwar process
07-17 10:35:17.684   312   312 D ConditionProviders.SCP: evaluateSubscriptionLocked cal=ScheduleCalendar[mDays={1, 2, 3, 4, 5, 6, 7}, mSchedule=ScheduleInfo{days=[1, 2, 3, 4, 5, 6, 7], startHour=22, startMinute=0, endHour=7, endMinute=0, exitAtAlarm=true, nextAlarm=Thu Jan 01 00:00:00 GMT 1970 (0)}], now=Sun Jul 17 10:35:17 GMT 2022 (1658054117518), nextUserAlarmTime=Thu Jan 01 00:00:00 GMT 1970 (0)
07-17 10:35:17.684   312   312 D ConditionProviders.SCP: notifyCondition condition://android/schedule?days=1.2.3.4.5.6.7&start=22.0&end=7.0&exitAtAlarm=true STATE_FALSE reason=!meetsSchedule
07-17 10:35:17.686   312   312 D ConditionProviders.SCP: Scheduling evaluate for Sun Jul 17 22:00:00 GMT 2022 (1658095200000), in +11h24m42s482ms, now=Sun Jul 17 10:35:17 GMT 2022 (1658054117518)
07-17 10:35:17.686   312   312 W Looper  : Slow dispatch took 169ms main h=android.service.notification.ConditionProviderService$H c=null m=3
07-17 10:35:17.692   312   312 D AutofillManagerService: Restriction did not change for user 0
07-17 10:35:17.695   312   312 I ExplicitHealthCheckController: Explicit health check service is connected ComponentInfo{android.ext.services/android.ext.services.watchdog.ExplicitHealthCheckServiceImpl}
07-17 10:35:17.698   312   312 I ExplicitHealthCheckController: Service initialized, syncing requests
07-17 10:35:17.704   312   312 W Looper  : Drained
07-17 10:35:17.704   312   312 D PackageWatchdog: Getting all observed packages pending health checks
07-17 10:35:17.706   312   312 I PackageWatchdog: Syncing health check requests for packages: {}
07-17 10:35:17.706   312   312 D ExplicitHealthCheckController: Getting health check supported packages
07-17 10:35:17.719   312   330 I ExplicitHealthCheckController: Explicit health check supported packages [PackageConfig{com.android.networkstack, 3600000}]
07-17 10:35:17.719   312   330 D PackageWatchdog: Received supported packages [PackageConfig{com.android.networkstack, 3600000}]
07-17 10:35:17.719   312   330 D ExplicitHealthCheckController: Getting health check requested packages
07-17 10:35:17.721   312   329 I ExplicitHealthCheckController: Explicit health check requested packages []
07-17 10:35:17.723   312   329 I ExplicitHealthCheckController: No more health check requests, unbinding...
07-17 10:35:17.724   481   481 I WebViewLoader-: System.exit called, status: 0
07-17 10:35:17.724   481   481 I AndroidRuntime: VM exiting with result code 0, cleanup skipped.
07-17 10:35:17.731   312   329 I ExplicitHealthCheckController: Explicit health check service is unbound
07-17 10:35:17.753   312   329 I ActivityManager: Process WebViewLoader-armeabi-v7a (pid 481) has died: psvc PER 
07-17 10:35:17.753   165   165 I Zygote  : Process 481 exited cleanly (0)
07-17 10:35:17.754   312   342 I chatty  : uid=1000(system) ActivityManager expire 1 line
07-17 10:35:17.759   312   345 E KernelCpuUidFreqTimeReader: Failed to read /proc/uid_time_in_state: java.nio.file.NoSuchFileException: /proc/uid_time_in_state
07-17 10:35:17.763   312   345 W KernelCpuProcStringReader: File not found. It's normal if not implemented: /proc/uid_time_in_state
07-17 10:35:17.764   312   345 W KernelCpuProcStringReader: File not found. It's normal if not implemented: /proc/uid_concurrent_active_time
07-17 10:35:17.765   312   345 W KernelCpuProcStringReader: File not found. It's normal if not implemented: /proc/uid_concurrent_policy_time
07-17 10:35:17.778   164   164 W ServiceManager: Permission failure: android.permission.NETWORK_STACK from uid=1073 pid=534
07-17 10:35:17.780   164   164 I netd    : interfaceSetEnableIPv6("eth0", "false") <2.21ms>
07-17 10:35:17.784   164   250 E Netd    : Failed to destroy IPv6 sockets on fe80::ba27:ebff:fece:5b6d: No such file or directory
07-17 10:35:17.784   164   250 E Netd    : Error destroying sockets: No such file or directory
07-17 10:35:17.786   312   445 I chatty  : uid=1000(system) EthernetService expire 23 lines
07-17 10:35:17.786   211   611 I OMXMaster: makeComponentInstance(OMX.google.amrnb.encoder) in android.hardwar process
07-17 10:35:17.788   164   164 W ServiceManager: Permission failure: android.permission.NETWORK_STACK from uid=1073 pid=534
07-17 10:35:17.790   164   164 I netd    : interfaceClearAddrs("eth0") <6.16ms>
07-17 10:35:17.825   455   455 W AlarmManager: Unrecognized alarm listener com.android.systemui.keyguard.-$$Lambda$KeyguardSliceProvider$IhzByd8TsqFuOrSyuGurVskyPLo@f1dc832
07-17 10:35:17.826   211   611 I OMXMaster: makeComponentInstance(OMX.google.amrwb.encoder) in android.hardwar process
07-17 10:35:17.828   164   164 W ServiceManager: Permission failure: android.permission.NETWORK_STACK from uid=1073 pid=534
07-17 10:35:17.830   164   164 I netd    : interfaceSetIPv6PrivacyExtensions("eth0", "true") <2.01ms>
07-17 10:35:17.831   164   164 W ServiceManager: Permission failure: android.permission.NETWORK_STACK from uid=1073 pid=534
07-17 10:35:17.832   164   164 I netd    : setIPv6AddrGenMode("eth0", 2) <1.34ms>
07-17 10:35:17.833   164   164 W ServiceManager: Permission failure: android.permission.NETWORK_STACK from uid=1073 pid=534
07-17 10:35:17.834   164   164 I netd    : interfaceSetEnableIPv6("eth0", "true") <1.67ms>
07-17 10:35:17.842   164   164 W ServiceManager: Permission failure: android.permission.NETWORK_STACK from uid=1073 pid=534
07-17 10:35:17.843   164   164 I netd    : setProcSysNet(4, 2, "eth0", "retrans_time_ms", "750") <1.32ms>
07-17 10:35:17.844   164   164 W ServiceManager: Permission failure: android.permission.NETWORK_STACK from uid=1073 pid=534
07-17 10:35:17.845   164   164 I netd    : setProcSysNet(4, 2, "eth0", "ucast_solicit", "5") <1.34ms>
07-17 10:35:17.846   164   164 W ServiceManager: Permission failure: android.permission.NETWORK_STACK from uid=1073 pid=534
07-17 10:35:17.849   164   164 I netd    : setProcSysNet(6, 2, "eth0", "retrans_time_ms", "750") <3.03ms>
07-17 10:35:17.852   164   164 W ServiceManager: Permission failure: android.permission.NETWORK_STACK from uid=1073 pid=534
07-17 10:35:17.853   164   164 I netd    : setProcSysNet(6, 2, "eth0", "ucast_solicit", "5") <3.30ms>
07-17 10:35:17.863   211   611 I OMXMaster: makeComponentInstance(OMX.google.flac.encoder) in android.hardwar process
07-17 10:35:17.882   211   611 I OMXMaster: makeComponentInstance(OMX.google.h264.decoder) in android.hardwar process
07-17 10:35:17.901   211   211 E OMXNodeInstance: getExtensionIndex(0xb271e7e0:google.h264.decoder, OMX.google.android.index.configureVideoTunnelMode) ERROR: UnsupportedIndex(0x8000101a)
07-17 10:35:17.902   211   211 E OMXNodeInstance: getExtensionIndex(0xb271e7e0:google.h264.decoder, OMX.google.android.index.enableAndroidNativeBuffers) ERROR: UnsupportedIndex(0x8000101a)
07-17 10:35:17.911   211   611 I OMXMaster: makeComponentInstance(OMX.google.h263.decoder) in android.hardwar process
07-17 10:35:17.925   211   211 E OMXNodeInstance: getExtensionIndex(0xb271e7e0:google.h263.decoder, OMX.google.android.index.configureVideoTunnelMode) ERROR: UnsupportedIndex(0x8000101a)
07-17 10:35:17.925   211   211 E OMXNodeInstance: getExtensionIndex(0xb271e7e0:google.h263.decoder, OMX.google.android.index.enableAndroidNativeBuffers) ERROR: UnsupportedIndex(0x8000101a)
07-17 10:35:17.928   211   611 I OMXMaster: makeComponentInstance(OMX.google.hevc.decoder) in android.hardwar process
07-17 10:35:17.973   211   211 E OMXNodeInstance: getExtensionIndex(0xb271e7e0:google.hevc.decoder, OMX.google.android.index.configureVideoTunnelMode) ERROR: UnsupportedIndex(0x8000101a)
07-17 10:35:17.973   211   211 E OMXNodeInstance: getExtensionIndex(0xb271e7e0:google.hevc.decoder, OMX.google.android.index.enableAndroidNativeBuffers) ERROR: UnsupportedIndex(0x8000101a)
07-17 10:35:17.978   211   211 I OMXMaster: makeComponentInstance(OMX.google.mpeg4.decoder) in android.hardwar process
07-17 10:35:17.984   211   261 E OMXNodeInstance: getExtensionIndex(0xb271e7e0:google.mpeg4.decoder, OMX.google.android.index.configureVideoTunnelMode) ERROR: UnsupportedIndex(0x8000101a)
07-17 10:35:17.984   211   261 E OMXNodeInstance: getExtensionIndex(0xb271e7e0:google.mpeg4.decoder, OMX.google.android.index.enableAndroidNativeBuffers) ERROR: UnsupportedIndex(0x8000101a)
07-17 10:35:17.990   534   641 D DhcpClient: Receive thread started
07-17 10:35:17.994   211   611 I OMXMaster: makeComponentInstance(OMX.google.vp8.decoder) in android.hardwar process
07-17 10:35:17.999   560   560 I RenderThread: type=1400 audit(0.0:18): avc: denied { read } for name="dri" dev="tmpfs" ino=9409 scontext=u:r:system_app:s0 tcontext=u:object_r:device:s0 tclass=dir permissive=1
07-17 10:35:17.999   560   560 I RenderThread: type=1400 audit(0.0:19): avc: denied { open } for path="/dev/dri" dev="tmpfs" ino=9409 scontext=u:r:system_app:s0 tcontext=u:object_r:device:s0 tclass=dir permissive=1
07-17 10:35:17.999   560   560 I RenderThread: type=1400 audit(0.0:20): avc: denied { read } for name="uevent" dev="sysfs" ino=3017 scontext=u:r:system_app:s0 tcontext=u:object_r:sysfs:s0 tclass=file permissive=1
07-17 10:35:17.999   560   560 I RenderThread: type=1400 audit(0.0:21): avc: denied { open } for path="/sys/devices/platform/soc/soc:gpu/uevent" dev="sysfs" ino=3017 scontext=u:r:system_app:s0 tcontext=u:object_r:sysfs:s0 tclass=file permissive=1
07-17 10:35:17.999   560   560 I RenderThread: type=1400 audit(0.0:22): avc: denied { getattr } for path="/sys/devices/platform/soc/soc:gpu/uevent" dev="sysfs" ino=3017 scontext=u:r:system_app:s0 tcontext=u:object_r:sysfs:s0 tclass=file permissive=1
07-17 10:35:18.005   534   620 D DhcpClient: Broadcasting DHCPDISCOVER
07-17 10:35:18.028   455   455 V SystemUIService: SystemUIApplication created.
07-17 10:35:18.054   122   122 I hwservicemanager: getTransport: Cannot find entry android.hardware.graphics.mapper@3.0::IMapper/default in either framework or device manifest.
07-17 10:35:18.056   560   628 W Gralloc3: mapper 3.x is not supported
07-17 10:35:18.059   211   261 E OMXNodeInstance: getExtensionIndex(0xb271e7e0:google.vp8.decoder, OMX.google.android.index.configureVideoTunnelMode) ERROR: UnsupportedIndex(0x8000101a)
07-17 10:35:18.060   211   261 E OMXNodeInstance: getExtensionIndex(0xb271e7e0:google.vp8.decoder, OMX.google.android.index.enableAndroidNativeBuffers) ERROR: UnsupportedIndex(0x8000101a)
07-17 10:35:18.071   211   261 I OMXMaster: makeComponentInstance(OMX.google.vp9.decoder) in android.hardwar process
07-17 10:35:18.073   211   261 E OMXNodeInstance: getExtensionIndex(0xb271e7e0:google.vp9.decoder, OMX.google.android.index.configureVideoTunnelMode) ERROR: UnsupportedIndex(0x8000101a)
07-17 10:35:18.073   211   261 E OMXNodeInstance: getExtensionIndex(0xb271e7e0:google.vp9.decoder, OMX.google.android.index.enableAndroidNativeBuffers) ERROR: UnsupportedIndex(0x8000101a)
07-17 10:35:18.076   211   211 I OMXMaster: makeComponentInstance(OMX.google.h264.encoder) in android.hardwar process
07-17 10:35:18.140   211   211 I OMXMaster: makeComponentInstance(OMX.google.h263.encoder) in android.hardwar process
07-17 10:35:18.172   211   211 I SoftMPEG4Encoder: Construct SoftMPEG4Encoder
07-17 10:35:18.181   211   611 E OMXNodeInstance: getConfig(0xb271e7e0:google.h263.encoder, ConfigAndroidIntraRefresh(0x6f60000a)) ERROR: Undefined(0x80001001)
07-17 10:35:18.181   211   611 E OMXNodeInstance: getParameter(0xb271e7e0:google.h263.encoder, ParamVideoIntraRefresh(0x6000006)) ERROR: UnsupportedIndex(0x8000101a)
07-17 10:35:18.186   211   211 I OMXMaster: makeComponentInstance(OMX.google.mpeg4.encoder) in android.hardwar process
07-17 10:35:18.188   211   211 I SoftMPEG4Encoder: Construct SoftMPEG4Encoder
07-17 10:35:18.194   211   211 E OMXNodeInstance: getConfig(0xb271e7e0:google.mpeg4.encoder, ConfigAndroidIntraRefresh(0x6f60000a)) ERROR: Undefined(0x80001001)
07-17 10:35:18.194   211   211 E OMXNodeInstance: getParameter(0xb271e7e0:google.mpeg4.encoder, ParamVideoIntraRefresh(0x6000006)) ERROR: UnsupportedIndex(0x8000101a)
07-17 10:35:18.196   312   339 I chatty  : uid=1000(system) android.bg expire 1 line
07-17 10:35:18.206   200   200 D incidentd: WorkDirectory::getReports
07-17 10:35:18.244   211   611 I OMXMaster: makeComponentInstance(OMX.google.vp8.encoder) in android.hardwar process
07-17 10:35:18.256   211   611 E OMXNodeInstance: getConfig(0xb271e7e0:google.vp8.encoder, ConfigAndroidIntraRefresh(0x6f60000a)) ERROR: Undefined(0x80001001)
07-17 10:35:18.256   211   611 E OMXNodeInstance: getParameter(0xb271e7e0:google.vp8.encoder, ParamVideoIntraRefresh(0x6000006)) ERROR: UnsupportedIndex(0x8000101a)
07-17 10:35:18.259   211   211 I OMXMaster: makeComponentInstance(OMX.google.vp9.encoder) in android.hardwar process
07-17 10:35:18.261   211   211 E OMXNodeInstance: getConfig(0xb271e7e0:google.vp9.encoder, ConfigAndroidIntraRefresh(0x6f60000a)) ERROR: Undefined(0x80001001)
07-17 10:35:18.261   211   211 E OMXNodeInstance: getParameter(0xb271e7e0:google.vp9.encoder, ParamVideoIntraRefresh(0x6000006)) ERROR: UnsupportedIndex(0x8000101a)
07-17 10:35:18.267   455   455 D SystemUIBootTiming: DependencyInjection took to complete: 239ms
07-17 10:35:18.277   212   281 V C2Store : in init
07-17 10:35:18.277   212   281 V C2Store : loading dll
07-17 10:35:18.288   455   455 V SystemUIService: Starting SystemUI services for user 0.
07-17 10:35:18.301   455   455 D SystemUIBootTiming: StartServicescom.android.systemui.util.NotificationChannels took to complete: 13ms
07-17 10:35:18.321   455   455 D SystemUIBootTiming: StartServicescom.android.systemui.statusbar.CommandQueue$CommandQueueStart took to complete: 19ms
07-17 10:35:18.328   534   620 D DhcpClient: doQuit
07-17 10:35:18.335   212   281 V C2Store : in ~ComponentModule
07-17 10:35:18.335   212   281 V C2Store : unloading dll
07-17 10:35:18.336   212   281 V C2Store : in init
07-17 10:35:18.336   212   281 V C2Store : loading dll
07-17 10:35:18.354   212   281 V C2Store : in ~ComponentModule
07-17 10:35:18.354   212   281 V C2Store : unloading dll
07-17 10:35:18.354   212   281 V C2Store : in init
07-17 10:35:18.354   212   281 V C2Store : loading dll
07-17 10:35:18.372   212   281 V C2Store : in ~ComponentModule
07-17 10:35:18.372   212   281 V C2Store : unloading dll
07-17 10:35:18.372   212   281 V C2Store : in init
07-17 10:35:18.372   212   281 V C2Store : loading dll
07-17 10:35:18.375   534   641 D DhcpClient: Receive thread stopped
07-17 10:35:18.384   212   281 V C2Store : in ~ComponentModule
07-17 10:35:18.384   212   281 V C2Store : unloading dll
07-17 10:35:18.384   212   281 V C2Store : in init
07-17 10:35:18.384   212   281 V C2Store : loading dll
07-17 10:35:18.395   212   281 V C2Store : in ~ComponentModule
07-17 10:35:18.395   212   281 V C2Store : unloading dll
07-17 10:35:18.395   212   281 V C2Store : in init
07-17 10:35:18.395   212   281 V C2Store : loading dll
07-17 10:35:18.408   212   281 V C2Store : in ~ComponentModule
07-17 10:35:18.409   212   281 V C2Store : unloading dll
07-17 10:35:18.409   212   281 V C2Store : in init
07-17 10:35:18.409   212   281 V C2Store : loading dll
07-17 10:35:18.429   212   281 V C2Store : in ~ComponentModule
07-17 10:35:18.430   212   281 V C2Store : unloading dll
07-17 10:35:18.430   212   281 V C2Store : in init
07-17 10:35:18.430   212   281 V C2Store : loading dll
07-17 10:35:18.431   534   620 D DhcpClient: onQuitting
07-17 10:35:18.433   164   164 W ServiceManager: Permission failure: android.permission.NETWORK_STACK from uid=1073 pid=534
07-17 10:35:18.435   164   164 I netd    : interfaceSetEnableIPv6("eth0", "false") <1.76ms>
07-17 10:35:18.437   164   250 E Netd    : Failed to destroy IPv6 sockets on fe80::1f8e:bac9:b2cb:ddb6: No such file or directory
07-17 10:35:18.437   164   250 E Netd    : Error destroying sockets: No such file or directory
07-17 10:35:18.437   164   164 W ServiceManager: Permission failure: android.permission.NETWORK_STACK from uid=1073 pid=534
07-17 10:35:18.438   164   164 I netd    : interfaceClearAddrs("eth0") <1.99ms>
07-17 10:35:18.452   212   281 V C2Store : in ~ComponentModule
07-17 10:35:18.452   212   281 V C2Store : unloading dll
07-17 10:35:18.452   212   281 V C2Store : in init
07-17 10:35:18.452   212   281 V C2Store : loading dll
07-17 10:35:18.471   212   281 I /apex/com.android.media.swcodec/bin/mediaswcodec: missing struct descriptor #Param::CoreIndex(--004) for field values of struct #Param::CoreIndex(F-12004)
07-17 10:35:18.473   212   281 V C2Store : in ~ComponentModule
07-17 10:35:18.474   212   281 V C2Store : unloading dll
07-17 10:35:18.474   212   281 V C2Store : in init
07-17 10:35:18.474   212   281 V C2Store : loading dll
07-17 10:35:18.488   164   164 W ServiceManager: Permission failure: android.permission.NETWORK_STACK from uid=1073 pid=534
07-17 10:35:18.490   164   164 I netd    : interfaceSetEnableIPv6("eth0", "false") <1.79ms>
07-17 10:35:18.492   164   164 W ServiceManager: Permission failure: android.permission.NETWORK_STACK from uid=1073 pid=534
07-17 10:35:18.493   164   164 I netd    : interfaceClearAddrs("eth0") <2.11ms>
07-17 10:35:18.502   164   164 W ServiceManager: Permission failure: android.permission.NETWORK_STACK from uid=1073 pid=534
07-17 10:35:18.503   212   281 V C2Store : in ~ComponentModule
07-17 10:35:18.503   212   281 V C2Store : unloading dll
07-17 10:35:18.503   164   164 I netd    : interfaceSetIPv6PrivacyExtensions("eth0", "true") <1.78ms>
07-17 10:35:18.504   212   281 V C2Store : in init
07-17 10:35:18.504   212   281 V C2Store : loading dll
07-17 10:35:18.505   164   164 W ServiceManager: Permission failure: android.permission.NETWORK_STACK from uid=1073 pid=534
07-17 10:35:18.506   164   164 I netd    : setIPv6AddrGenMode("eth0", 2) <1.67ms>
07-17 10:35:18.507   164   164 W ServiceManager: Permission failure: android.permission.NETWORK_STACK from uid=1073 pid=534
07-17 10:35:18.510   164   164 I netd    : interfaceSetEnableIPv6("eth0", "true") <3.85ms>
07-17 10:35:18.513   164   164 W ServiceManager: Permission failure: android.permission.NETWORK_STACK from uid=1073 pid=534
07-17 10:35:18.514   164   164 I netd    : setProcSysNet(4, 2, "eth0", "retrans_time_ms", "750") <1.46ms>
07-17 10:35:18.515   164   164 W ServiceManager: Permission failure: android.permission.NETWORK_STACK from uid=1073 pid=534
07-17 10:35:18.516   164   164 I netd    : setProcSysNet(4, 2, "eth0", "ucast_solicit", "5") <1.66ms>
07-17 10:35:18.519   164   164 W ServiceManager: Permission failure: android.permission.NETWORK_STACK from uid=1073 pid=534
07-17 10:35:18.520   164   164 I netd    : setProcSysNet(6, 2, "eth0", "retrans_time_ms", "750") <1.65ms>
07-17 10:35:18.521   164   164 W ServiceManager: Permission failure: android.permission.NETWORK_STACK from uid=1073 pid=534
07-17 10:35:18.522   164   164 I netd    : setProcSysNet(6, 2, "eth0", "ucast_solicit", "5") <1.63ms>
07-17 10:35:18.523   212   281 V C2Store : in ~ComponentModule
07-17 10:35:18.523   212   281 V C2Store : unloading dll
07-17 10:35:18.523   212   281 V C2Store : in init
07-17 10:35:18.523   212   281 V C2Store : loading dll
07-17 10:35:18.531   212   281 V C2Store : in ~ComponentModule
07-17 10:35:18.531   212   281 V C2Store : unloading dll
07-17 10:35:18.531   212   281 V C2Store : in init
07-17 10:35:18.531   212   281 V C2Store : loading dll
07-17 10:35:18.539   212   281 V C2Store : in ~ComponentModule
07-17 10:35:18.539   212   281 V C2Store : unloading dll
07-17 10:35:18.539   212   281 V C2Store : in init
07-17 10:35:18.539   212   281 V C2Store : loading dll
07-17 10:35:18.549   212   281 V C2Store : in ~ComponentModule
07-17 10:35:18.549   212   281 V C2Store : unloading dll
07-17 10:35:18.549   212   281 V C2Store : in init
07-17 10:35:18.549   212   281 V C2Store : loading dll
07-17 10:35:18.564   455   455 V MediaRouter: Selecting route: RouteInfo{ name=TV, description=null, status=null, category=RouteCategory{ name=System types=ROUTE_TYPE_LIVE_AUDIO ROUTE_TYPE_LIVE_VIDEO  groupable=false }, supportedTypes=ROUTE_TYPE_LIVE_AUDIO ROUTE_TYPE_LIVE_VIDEO , presentationDisplay=null }
07-17 10:35:18.567   212   281 V C2Store : in ~ComponentModule
07-17 10:35:18.567   212   281 V C2Store : unloading dll
07-17 10:35:18.567   212   281 V C2Store : in init
07-17 10:35:18.567   212   281 V C2Store : loading dll
07-17 10:35:18.585   212   281 V C2Store : in ~ComponentModule
07-17 10:35:18.585   212   281 V C2Store : unloading dll
07-17 10:35:18.585   212   281 V C2Store : in init
07-17 10:35:18.585   212   281 V C2Store : loading dll
07-17 10:35:18.605   534   665 D DhcpClient: Receive thread started
07-17 10:35:18.609   534   663 D DhcpClient: Broadcasting DHCPDISCOVER
07-17 10:35:18.613   534   665 D DhcpClient: Received packet: b8:27:eb:ce:5b:6d OFFER, ip /192.168.0.215, mask /255.255.255.0, DNS servers: /192.168.0.1 , gateways [/192.168.0.1] lease time 7200, domain null
07-17 10:35:18.615   212   281 V C2Store : in ~ComponentModule
07-17 10:35:18.615   212   281 V C2Store : unloading dll
07-17 10:35:18.615   212   281 V C2Store : in init
07-17 10:35:18.615   212   281 V C2Store : loading dll
07-17 10:35:18.623   534   663 D DhcpClient: Got pending lease: android.net.networkstack.DhcpResults@6a2bbbc DHCP server /192.168.0.1 Vendor info null lease 7200 seconds Servername 
07-17 10:35:18.628   534   663 D DhcpClient: Broadcasting DHCPREQUEST ciaddr=0.0.0.0 request=192.168.0.215 serverid=192.168.0.1
07-17 10:35:18.633   534   665 D DhcpClient: Received packet: b8:27:eb:ce:5b:6d ACK: your new IP /192.168.0.215, netmask /255.255.255.0, gateways [/192.168.0.1] DNS servers: /192.168.0.1 , lease time 7200
07-17 10:35:18.642   534   663 D DhcpClient: Confirmed lease: android.net.networkstack.DhcpResults@6822e9a DHCP server /192.168.0.1 Vendor info null lease 7200 seconds Servername 
07-17 10:35:18.656   164   164 W ServiceManager: Permission failure: android.permission.NETWORK_STACK from uid=1073 pid=534
07-17 10:35:18.658   164   164 I netd    : interfaceSetCfg() <2.98ms>
07-17 10:35:18.663   455   455 E SoundPool: error loading /product/media/audio/ui/Lock.ogg
07-17 10:35:18.663   455   455 W KeyguardViewMediator: failed to load lock sound from /product/media/audio/ui/Lock.ogg
07-17 10:35:18.665   455   455 E SoundPool: error loading /product/media/audio/ui/Unlock.ogg
07-17 10:35:18.665   455   455 W KeyguardViewMediator: failed to load unlock sound from /product/media/audio/ui/Unlock.ogg
07-17 10:35:18.666   455   455 E SoundPool: error loading /product/media/audio/ui/Trusted.ogg
07-17 10:35:18.666   455   455 W KeyguardViewMediator: failed to load trusted sound from /product/media/audio/ui/Trusted.ogg
07-17 10:35:18.668   534   663 D DhcpClient: Scheduling renewal in 3599s
07-17 10:35:18.668   534   663 D DhcpClient: Scheduling rebind in 6299s
07-17 10:35:18.668   534   663 D DhcpClient: Scheduling expiry in 7199s
07-17 10:35:18.671   455   455 D SystemUIBootTiming: StartServicescom.android.systemui.keyguard.KeyguardViewMediator took to complete: 349ms
07-17 10:35:18.679   312   445 D ConnectivityService: registerNetworkAgent NetworkAgentInfo{ ni{[type: Ethernet[], state: CONNECTED/CONNECTED, reason: (unspecified), extra: b8:27:eb:ce:5b:6d, failover: false, available: true, roaming: false]}  network{100}  nethandle{432902426637}  lp{{InterfaceName: eth0 LinkAddresses: [ fe80::1f8e:bac9:b2cb:ddb6/64,192.168.0.215/24 ] DnsAddresses: [ /192.168.0.1 ] Domains: null MTU: 0 TcpBufferSizes: 524288,1048576,3145728,524288,1048576,2097152 Routes: [ fe80::/64 -> :: eth0,192.168.0.0/24 -> 0.0.0.0 eth0,0.0.0.0/0 -> 192.168.0.1 eth0 ]}}  nc{[ Transports: ETHERNET Capabilities: NOT_METERED&INTERNET&NOT_RESTRICTED&TRUSTED&NOT_VPN&NOT_ROAMING&FOREGROUND&NOT_CONGESTED&NOT_SUSPENDED LinkUpBandwidth>=100000Kbps LinkDnBandwidth>=100000Kbps]}  Score{30}  everValidated{false}  lastValidated{false}  created{false} lingering{false} explicitlySelected{false} acceptUnvalidated{false} everCaptivePortalDetected{false} lastCaptivePortalDetected{false} captivePortalValidationPending{false} partialConnectivity{false} acceptPartialConnectivity{false} clat{mBaseIface: null, mIface: null, mState: IDLE} }
07-17 10:35:18.680   212   281 D C2SoftHevcEnc: Given level 6000 does not cover current configuration: adjusting to 6001
07-17 10:35:18.683   212   281 V C2Store : in ~ComponentModule
07-17 10:35:18.683   212   281 V C2Store : unloading dll
07-17 10:35:18.683   212   281 V C2Store : in init
07-17 10:35:18.683   212   281 V C2Store : loading dll
07-17 10:35:18.692   455   455 V OverviewProxyService: Cannot attempt connection, is setup true, is enabled false
07-17 10:35:18.694   455   455 D SystemUIBootTiming: StartServicescom.android.systemui.recents.Recents took to complete: 23ms
07-17 10:35:18.697   212   281 V C2Store : in ~ComponentModule
07-17 10:35:18.697   212   281 V C2Store : unloading dll
07-17 10:35:18.697   212   281 V C2Store : in init
07-17 10:35:18.697   212   281 V C2Store : loading dll
07-17 10:35:18.717   212   281 V C2Store : in ~ComponentModule
07-17 10:35:18.717   212   281 V C2Store : unloading dll
07-17 10:35:18.718   212   281 V C2Store : in init
07-17 10:35:18.718   212   281 V C2Store : loading dll
07-17 10:35:18.723   312   415 D ConnectivityService: NetworkAgentInfo [Ethernet () - 100] EVENT_NETWORK_INFO_CHANGED, going from null to CONNECTED
07-17 10:35:18.723   164   164 D TcpSocketMonitor: resuming tcpinfo polling (interval=30000ms)
07-17 10:35:18.723   164   164 I netd    : networkCreatePhysical(100, 0) <0.14ms>
07-17 10:35:18.725   164   164 I netd    : createNetworkCache(100) <0.52ms>
07-17 10:35:18.725   164   228 E Netd    : Failed to dump IPv4 sockets struct tcp_info: No such file or directory
07-17 10:35:18.725   164   228 E TcpSocketMonitor: Failed to poll TCP socket info: No such file or directory
07-17 10:35:18.727   312   415 W DnsManager: updatePrivateDns(100, PrivateDnsConfig{true:/[]})
07-17 10:35:18.727   312   415 D ConnectivityService: Setting DNS servers for network 100 to [/192.168.0.1]
07-17 10:35:18.729   312   415 D DnsManager: setDnsConfigurationForNetwork(100, [192.168.0.1], [], 1800, 25, 8, 64, 0, 0, , [192.168.0.1])
07-17 10:35:18.730   455   455 I vol.Events: writeEvent collection_started
07-17 10:35:18.730   164   164 I netd    : DnsResolverService::setResolverConfiguration(100, [192.168.0.1], [], 1800, 25, 8, 64, 0, 0, [192.168.0.1], []) -> (0) (1ms)
07-17 10:35:18.731   164   164 I netd    : setResolverConfiguration() <1.37ms>
07-17 10:35:18.733   312   415 D ConnectivityService: Adding iface eth0 to network 100
07-17 10:35:18.740   164   164 I netd    : networkAddInterface(100, "eth0") <7.02ms>
07-17 10:35:18.742   212   281 V C2Store : in ~ComponentModule
07-17 10:35:18.742   212   281 V C2Store : unloading dll
07-17 10:35:18.742   212   281 V C2Store : in init
07-17 10:35:18.742   212   281 V C2Store : loading dll
07-17 10:35:18.743   164   164 I netd    : networkAddRoute(100, "eth0", "fe80::/64", "") <0.44ms>
07-17 10:35:18.744   164   164 I netd    : networkAddRoute(100, "eth0", "192.168.0.0/24", "") <0.50ms>
07-17 10:35:18.749   164   164 I netd    : networkAddRoute(100, "eth0", "0.0.0.0/0", "192.168.0.1") <2.52ms>
07-17 10:35:18.750   312   415 D ConnectivityService: Setting DNS servers for network 100 to [/192.168.0.1]
07-17 10:35:18.750   312   415 D DnsManager: setDnsConfigurationForNetwork(100, [192.168.0.1], [], 1800, 25, 8, 64, 0, 0, , [192.168.0.1])
07-17 10:35:18.753   164   164 I netd    : DnsResolverService::setResolverConfiguration(100, [192.168.0.1], [], 1800, 25, 8, 64, 0, 0, [192.168.0.1], []) -> (0) (2ms)
07-17 10:35:18.753   164   164 I netd    : setResolverConfiguration() <2.07ms>
07-17 10:35:18.758   212   281 V C2Store : in ~ComponentModule
07-17 10:35:18.758   212   281 V C2Store : unloading dll
07-17 10:35:18.758   212   281 V C2Store : in init
07-17 10:35:18.758   212   281 V C2Store : loading dll
07-17 10:35:18.759   312   415 I chatty  : uid=1000(system) ConnectivitySer expire 4 lines
07-17 10:35:18.766   164   674 W DnsTlsSocket: SSL_connect error 5, errno=111
07-17 10:35:18.780   212   281 V C2Store : in ~ComponentModule
07-17 10:35:18.780   212   281 V C2Store : unloading dll
07-17 10:35:18.780   212   281 V C2Store : in init
07-17 10:35:18.780   212   281 V C2Store : loading dll
07-17 10:35:18.790   212   281 V C2Store : in ~ComponentModule
07-17 10:35:18.790   212   281 V C2Store : unloading dll
07-17 10:35:18.791   212   281 V C2Store : in init
07-17 10:35:18.791   212   281 V C2Store : loading dll
07-17 10:35:18.799   212   281 V C2Store : in ~ComponentModule
07-17 10:35:18.799   212   281 V C2Store : unloading dll
07-17 10:35:18.799   212   281 V C2Store : in init
07-17 10:35:18.799   212   281 V C2Store : loading dll
07-17 10:35:18.814   212   281 V C2Store : in ~ComponentModule
07-17 10:35:18.814   212   281 V C2Store : unloading dll
07-17 10:35:18.814   212   281 V C2Store : in init
07-17 10:35:18.814   212   281 V C2Store : loading dll
07-17 10:35:18.829   212   281 V C2Store : in ~ComponentModule
07-17 10:35:18.830   212   281 V C2Store : unloading dll
07-17 10:35:18.830   212   281 V C2Store : in init
07-17 10:35:18.830   212   281 V C2Store : loading dll
07-17 10:35:18.841   164   164 I netd    : trafficSwapActiveStatsMap() <81.83ms>
07-17 10:35:18.844   212   281 I C2SoftVp8Enc: setting temporal layering 0 + 0
07-17 10:35:18.846   212   281 V C2Store : in ~ComponentModule
07-17 10:35:18.846   212   281 V C2Store : unloading dll
07-17 10:35:18.846   212   281 V C2Store : in init
07-17 10:35:18.846   212   281 V C2Store : loading dll
07-17 10:35:18.846   164   164 I netd    : tetherGetStats() <2.73ms>
